Archive member included to satisfy reference by file (symbol)

../../mAbassi/Platform/lib\lib_mAbassi_EVAL_GCC_AR5_CY5.a(mAbassi_EVAL_A9_GCC_2_NR.o)
                              Shell.o (TSKgetID)
../../mAbassi/Platform/lib\lib_mAbassi_EVAL_GCC_AR5_CY5.a(mAbassi_EVAL_GCC_AR5_CY5_NR.o)
                              (_vector_table)
../../mAbassi/Platform/lib\lib_mAbassi_EVAL_GCC_AR5_CY5.a(ARMv7_SMP_L1_L2_GCC_AR5_CY5.o)
                              ../../mAbassi/Platform/lib\lib_mAbassi_EVAL_GCC_AR5_CY5.a(mAbassi_EVAL_GCC_AR5_CY5_NR.o) (COREcacheON)
c:/intelfpga/18.1/embedded/host_tools/mentor/gnu/arm/baremetal/bin/../lib/gcc/arm-altera-eabi/6.2.0/../../../../arm-altera-eabi/lib\libcs3.a(start_c.o)
                              (__cs3_start_c)
c:/intelfpga/18.1/embedded/host_tools/mentor/gnu/arm/baremetal/bin/../lib/gcc/arm-altera-eabi/6.2.0/../../../../arm-altera-eabi/lib\libcs3unhosted.a(unhosted-start.o)
                              ../../mAbassi/Platform/lib\lib_mAbassi_EVAL_GCC_AR5_CY5.a(mAbassi_EVAL_GCC_AR5_CY5_NR.o) (_start)
c:/intelfpga/18.1/embedded/host_tools/mentor/gnu/arm/baremetal/bin/../lib/gcc/arm-altera-eabi/6.2.0\libgcc.a(_udivsi3.o)
                              myApp_MTL.o (__aeabi_uidiv)
c:/intelfpga/18.1/embedded/host_tools/mentor/gnu/arm/baremetal/bin/../lib/gcc/arm-altera-eabi/6.2.0\libgcc.a(_divsi3.o)
                              arm_pl330.o (__aeabi_idiv)
c:/intelfpga/18.1/embedded/host_tools/mentor/gnu/arm/baremetal/bin/../lib/gcc/arm-altera-eabi/6.2.0\libgcc.a(_dvmd_tls.o)
                              c:/intelfpga/18.1/embedded/host_tools/mentor/gnu/arm/baremetal/bin/../lib/gcc/arm-altera-eabi/6.2.0\libgcc.a(_udivsi3.o) (__aeabi_idiv0)
c:/intelfpga/18.1/embedded/host_tools/mentor/gnu/arm/baremetal/bin/../lib/gcc/arm-altera-eabi/6.2.0\libgcc.a(_aeabi_ldivmod.o)
                              Media_FatFS.o (__aeabi_ldivmod)
c:/intelfpga/18.1/embedded/host_tools/mentor/gnu/arm/baremetal/bin/../lib/gcc/arm-altera-eabi/6.2.0\libgcc.a(_aeabi_uldivmod.o)
                              ff.o (__aeabi_uldivmod)
c:/intelfpga/18.1/embedded/host_tools/mentor/gnu/arm/baremetal/bin/../lib/gcc/arm-altera-eabi/6.2.0\libgcc.a(_udivmoddi4.o)
                              c:/intelfpga/18.1/embedded/host_tools/mentor/gnu/arm/baremetal/bin/../lib/gcc/arm-altera-eabi/6.2.0\libgcc.a(_aeabi_ldivmod.o) (__udivmoddi4)
c:/intelfpga/18.1/embedded/host_tools/mentor/gnu/arm/baremetal/bin/../lib/gcc/arm-altera-eabi/6.2.0\libgcc.a(_clzdi2.o)
                              c:/intelfpga/18.1/embedded/host_tools/mentor/gnu/arm/baremetal/bin/../lib/gcc/arm-altera-eabi/6.2.0\libgcc.a(_udivmoddi4.o) (__clzdi2)
c:/intelfpga/18.1/embedded/host_tools/mentor/gnu/arm/baremetal/bin/../lib/gcc/arm-altera-eabi/6.2.0\libgcc.a(_clzsi2.o)
                              c:/intelfpga/18.1/embedded/host_tools/mentor/gnu/arm/baremetal/bin/../lib/gcc/arm-altera-eabi/6.2.0\libgcc.a(_clzdi2.o) (__clzsi2)
c:/intelfpga/18.1/embedded/host_tools/mentor/gnu/arm/baremetal/bin/../lib/gcc/arm-altera-eabi/6.2.0/../../../../arm-altera-eabi/lib\libc.a(lib_a-calloc.o)
                              queue.o (calloc)
c:/intelfpga/18.1/embedded/host_tools/mentor/gnu/arm/baremetal/bin/../lib/gcc/arm-altera-eabi/6.2.0/../../../../arm-altera-eabi/lib\libc.a(lib_a-callocr.o)
                              c:/intelfpga/18.1/embedded/host_tools/mentor/gnu/arm/baremetal/bin/../lib/gcc/arm-altera-eabi/6.2.0/../../../../arm-altera-eabi/lib\libc.a(lib_a-calloc.o) (_calloc_r)
c:/intelfpga/18.1/embedded/host_tools/mentor/gnu/arm/baremetal/bin/../lib/gcc/arm-altera-eabi/6.2.0/../../../../arm-altera-eabi/lib\libc.a(lib_a-errno.o)
                              SysCall_CY5.o (__errno)
c:/intelfpga/18.1/embedded/host_tools/mentor/gnu/arm/baremetal/bin/../lib/gcc/arm-altera-eabi/6.2.0/../../../../arm-altera-eabi/lib\libc.a(lib_a-exit.o)
                              myApp_MTL.o (exit)
c:/intelfpga/18.1/embedded/host_tools/mentor/gnu/arm/baremetal/bin/../lib/gcc/arm-altera-eabi/6.2.0/../../../../arm-altera-eabi/lib\libc.a(lib_a-getreent.o)
                              main_mAbassi.o (__getreent)
c:/intelfpga/18.1/embedded/host_tools/mentor/gnu/arm/baremetal/bin/../lib/gcc/arm-altera-eabi/6.2.0/../../../../arm-altera-eabi/lib\libc.a(lib_a-impure.o)
                              c:/intelfpga/18.1/embedded/host_tools/mentor/gnu/arm/baremetal/bin/../lib/gcc/arm-altera-eabi/6.2.0/../../../../arm-altera-eabi/lib\libc.a(lib_a-exit.o) (_global_impure_ptr)
c:/intelfpga/18.1/embedded/host_tools/mentor/gnu/arm/baremetal/bin/../lib/gcc/arm-altera-eabi/6.2.0/../../../../arm-altera-eabi/lib\libc.a(lib_a-init.o)
                              c:/intelfpga/18.1/embedded/host_tools/mentor/gnu/arm/baremetal/bin/../lib/gcc/arm-altera-eabi/6.2.0/../../../../arm-altera-eabi/lib\libcs3.a(start_c.o) (__libc_init_array)
c:/intelfpga/18.1/embedded/host_tools/mentor/gnu/arm/baremetal/bin/../lib/gcc/arm-altera-eabi/6.2.0/../../../../arm-altera-eabi/lib\libc.a(lib_a-locale.o)
[...]
Memory Configuration

Name             Origin             Length             Attributes
ram              0x02000000         0x1e000000         xrw
uram             0xffff0000         0x00010000         xrw
*default*        0x00000000         0xffffffff

Linker script and memory map

LOAD c:/intelfpga/18.1/embedded/host_tools/mentor/gnu/arm/baremetal/bin/../lib/gcc/arm-altera-eabi/6.2.0/crti.o
LOAD c:/intelfpga/18.1/embedded/host_tools/mentor/gnu/arm/baremetal/bin/../lib/gcc/arm-altera-eabi/6.2.0/crtbegin.o
LOAD main_mAbassi.o
LOAD myApp_MTL.o
LOAD TIMERinit.o
LOAD alt_gpio.o
LOAD arm_acp.o
LOAD arm_pl330.o
LOAD dw_i2c.o
LOAD dw_uart.o
LOAD MediaIF.o
LOAD SysCall_CY5.o
LOAD dw_sdmmc.o
LOAD ff.o
LOAD ffunicode.o
LOAD Abassi_FatFS.o
LOAD Media_FatFS.o
LOAD SysCall_FatFS.o
LOAD tahomabold_20.o
LOAD tahomabold_32.o
LOAD geometry.o
LOAD gesture.o
LOAD gui.o
LOAD vip_fr.o
LOAD simple_graphics.o
LOAD simple_text.o
LOAD debug.o
LOAD queue.o
LOAD gsensor.o
LOAD touch.o
LOAD multi_touch.o
LOAD alt_generalpurpose_io.o
LOAD alt_globaltmr.o
LOAD alt_clock_manager.o
LOAD netif_setup.o
LOAD dw_ethernet.o
LOAD api_lib.o
LOAD api_msg.o
LOAD autoip.o
LOAD def.o
LOAD dhcp.o
LOAD dns.o
LOAD err.o
LOAD etharp.o
LOAD ethernetif.o
LOAD icmp.o
LOAD igmp.o
LOAD inet.o
LOAD inet_chksum.o
LOAD init.o
LOAD ip.o
LOAD ip_addr.o
LOAD ip_frag.o
LOAD mem.o
LOAD memp.o
LOAD netbuf.o
LOAD netdb.o
LOAD netif.o
LOAD netifapi.o
LOAD pbuf.o
LOAD raw.o
LOAD stats.o
LOAD sys.o
LOAD sys_arch.o
LOAD sockets.o
LOAD tcp.o
LOAD tcp_in.o
LOAD tcp_out.o
LOAD tcpip.o
LOAD timers.o
LOAD udp.o
LOAD mAbassiCfgA9.o
LOAD Shell.o
LOAD SubShell.o
LOAD ../../mAbassi/Platform/lib\lib_mAbassi_EVAL_GCC_AR5_CY5.a
LOAD c:/intelfpga/18.1/embedded/host_tools/mentor/gnu/arm/baremetal/bin/../lib/gcc/arm-altera-eabi/6.2.0/../../../../arm-altera-eabi/lib\libcs3.a
LOAD c:/intelfpga/18.1/embedded/host_tools/mentor/gnu/arm/baremetal/bin/../lib/gcc/arm-altera-eabi/6.2.0/../../../../arm-altera-eabi/lib\libcs3unhosted.a
LOAD c:/intelfpga/18.1/embedded/host_tools/mentor/gnu/arm/baremetal/bin/../lib/gcc/arm-altera-eabi/6.2.0/../../../../arm-altera-eabi/lib\libcs3arm.a
LOAD c:/intelfpga/18.1/embedded/host_tools/mentor/gnu/arm/baremetal/bin/../lib/gcc/arm-altera-eabi/6.2.0\libgcc.a
LOAD c:/intelfpga/18.1/embedded/host_tools/mentor/gnu/arm/baremetal/bin/../lib/gcc/arm-altera-eabi/6.2.0/../../../../arm-altera-eabi/lib\libc.a
LOAD c:/intelfpga/18.1/embedded/host_tools/mentor/gnu/arm/baremetal/bin/../lib/gcc/arm-altera-eabi/6.2.0/../../../../arm-altera-eabi/lib\libstdc++.a
LOAD c:/intelfpga/18.1/embedded/host_tools/mentor/gnu/arm/baremetal/bin/../lib/gcc/arm-altera-eabi/6.2.0/../../../../arm-altera-eabi/lib\libm.a
START GROUP
LOAD c:/intelfpga/18.1/embedded/host_tools/mentor/gnu/arm/baremetal/bin/../lib/gcc/arm-altera-eabi/6.2.0\libgcc.a
LOAD c:/intelfpga/18.1/embedded/host_tools/mentor/gnu/arm/baremetal/bin/../lib/gcc/arm-altera-eabi/6.2.0/../../../../arm-altera-eabi/lib\libc.a
END GROUP
LOAD c:/intelfpga/18.1/embedded/host_tools/mentor/gnu/arm/baremetal/bin/../lib/gcc/arm-altera-eabi/6.2.0/crtend.o
LOAD c:/intelfpga/18.1/embedded/host_tools/mentor/gnu/arm/baremetal/bin/../lib/gcc/arm-altera-eabi/6.2.0/crtn.o
                0x00002000                _STACK_SIZE = DEFINED (_STACK_SIZE)?_STACK_SIZE:0x2000
                0x10000000                _MDRV_SIZE = DEFINED (_MDRV_SIZE)?_MDRV_SIZE:0x10000000
                0x00000800                _SUPERVISOR_STACK_SIZE = DEFINED (_SUPERVISOR_STACK_SIZE)?_SUPERVISOR_STACK_SIZE:0x800
                0x00000800                _ABORT_STACK_SIZE = DEFINED (_ABORT_STACK_SIZE)?_ABORT_STACK_SIZE:0x800
                0x00000800                _FIQ_STACK_SIZE = DEFINED (_FIQ_STACK_SIZE)?_FIQ_STACK_SIZE:0x800
                0x00002000                _IRQ_STACK_SIZE = DEFINED (_IRQ_STACK_SIZE)?_IRQ_STACK_SIZE:0x2000
                0x00000800                _UNDEF_STACK_SIZE = DEFINED (_UNDEF_STACK_SIZE)?_UNDEF_STACK_SIZE:0x800
                0x00000001                PROVIDE (__cs3_region_num, ((__cs3_regions_end - __cs3_regions) / 0x14))
                0x020571ec                __libc_fini = _fini

.text           0x02000000    0x4a6f0
 CREATE_OBJECT_SYMBOLS
                0x02000000                __cs3_region_start_ram = .
                0x02000000                _ftext = .
 *(.cs3.region-head.ram)
                0x00000001                ASSERT ((. == __cs3_region_start_ram), .cs3.region-head.ram not permitted)
                0x02000000                __cs3_interrupt_vector = __cs3_interrupt_vector_arm
 *(.cs3.interrupt_vector)
 .cs3.interrupt_vector
                0x02000000       0x3c ../../mAbassi/Platform/lib\lib_mAbassi_EVAL_GCC_AR5_CY5.a(mAbassi_EVAL_GCC_AR5_CY5_NR.o)
                0x02000000                Vectors
                0x02000000                __cs3_interrupt_vector_arm
                0x02000000                _vector_table
 *(.vectors)
                0x02037430                PROVIDE (__cs3_reset, __cs3_reset_generic)
 *(.cs3.reset)
                [0x020000d0]                _start = DEFINED (__cs3_start_asm)?__cs3_start_asm:_start
 *(.text.cs3.init)
 .text.cs3.init
                0x0200003c       0x94 c:/intelfpga/18.1/embedded/host_tools/mentor/gnu/arm/baremetal/bin/../lib/gcc/arm-altera-eabi/6.2.0/../../../../arm-altera-eabi/lib\libcs3.a(start_c.o)
                0x0200003c                __cs3_start_c
 .text.cs3.init
                0x020000d0        0xc c:/intelfpga/18.1/embedded/host_tools/mentor/gnu/arm/baremetal/bin/../lib/gcc/arm-altera-eabi/6.2.0/../../../../arm-altera-eabi/lib\libcs3unhosted.a(unhosted-start.o)
 *(.text .text.* .gnu.linkonce.t.*)
 .text          0x020000dc      0x108 c:/intelfpga/18.1/embedded/host_tools/mentor/gnu/arm/baremetal/bin/../lib/gcc/arm-altera-eabi/6.2.0/crtbegin.o
 *fill*         0x020001e4        0x4 
 .text.startup.main
                0x020001e8      0x478 main_mAbassi.o
                0x020001e8                main
 .text.TIMcallBack
                0x02000660        0x4 main_mAbassi.o
                0x02000660                TIMcallBack
 .text.mtc_CallbackInterrupt
                0x02000664       0x48 myApp_MTL.o
                0x02000664                mtc_CallbackInterrupt
 .text.button_CallbackInterrupt
                0x020006ac       0x74 myApp_MTL.o
                0x020006ac                button_CallbackInterrupt
 .text.Task_TXRX
                0x02000720      0x2c8 myApp_MTL.o
                0x02000720                Task_TXRX
 .text.Task_MTL
                0x020009e8      0x408 myApp_MTL.o
                0x020009e8                Task_MTL
 .text.Task_GSENSOR
                0x02000df0        0x4 myApp_MTL.o
                0x02000df0                Task_GSENSOR
 .text.setup_hps_gpio
                0x02000df4       0x78 myApp_MTL.o
                0x02000df4                setup_hps_gpio
 .text.Task_HPS_Led
                0x02000e6c      0x170 myApp_MTL.o
                0x02000e6c                Task_HPS_Led
 .text.TIMERinit
                0x02000fdc       0x28 TIMERinit.o
                0x02000fdc                TIMERinit
 .text.gpio_init
                0x02001004       0x54 alt_gpio.o
                0x02001004                gpio_init
 .text.DMAasm   0x02001058      0x288 arm_pl330.o
 .text.dma_start_X.constprop.9
                0x020012e0      0x1e0 arm_pl330.o
 .text.dma_cleanup.part.0.constprop.10
                0x020014c0      0x528 arm_pl330.o
 .text.dma_kill_X
                0x020019e8      0x270 arm_pl330.o
 .text.dma_done
                0x02001c58      0x124 arm_pl330.o
                0x02001c58                dma_done
 .text.dma_kill
                0x02001d7c       0x2c arm_pl330.o
                0x02001d7c                dma_kill
 .text.dma_start
                0x02001da8      0x1ac arm_pl330.o
                0x02001da8                dma_start
 .text.dma_wait
                0x02001f54      0x45c arm_pl330.o
                0x02001f54                dma_wait
 .text.dma_xfer
                0x020023b0     0x1c64 arm_pl330.o
                0x020023b0                dma_xfer
 *fill*         0x02004014        0x4 
 .text.dma_init
                0x02004018      0x340 arm_pl330.o
                0x02004018                dma_init
 .text.DMAintHndl_0
                0x02004358      0x140 arm_pl330.o
                0x02004358                DMAintHndl_0
 .text.DMAintHndl_1
                0x02004498      0x148 arm_pl330.o
                0x02004498                DMAintHndl_1
 .text.DMAintHndl_2
                0x020045e0      0x148 arm_pl330.o
                0x020045e0                DMAintHndl_2
 .text.DMAintHndl_3
                0x02004728      0x14c arm_pl330.o
                0x02004728                DMAintHndl_3
 .text.DMAintHndl_4
                0x02004874      0x148 arm_pl330.o
                0x02004874                DMAintHndl_4
 .text.DMAintHndl_5
                0x020049bc      0x14c arm_pl330.o
                0x020049bc                DMAintHndl_5
 .text.DMAintHndl_6
                0x02004b08      0x148 arm_pl330.o
                0x02004b08                DMAintHndl_6
 .text.DMAintHndl_7
                0x02004c50      0x14c arm_pl330.o
                0x02004c50                DMAintHndl_7
 .text.I2CintHndl
                0x02004d9c      0x328 dw_i2c.o
 .text.i2c_init
                0x020050c4      0x598 dw_i2c.o
                0x020050c4                i2c_init
 .text.i2c_send
                0x0200565c      0x7b4 dw_i2c.o
                0x0200565c                i2c_send
 .text.i2c_recv
                0x02005e10      0xae0 dw_i2c.o
                0x02005e10                i2c_recv
 .text.I2CintHndl_0
                0x020068f0        0x8 dw_i2c.o
                0x020068f0                I2CintHndl_0
 .text.uart_send
                0x020068f8      0x8a8 dw_uart.o
                0x020068f8                uart_send
 .text.uart_recv
                0x020071a0      0x794 dw_uart.o
                0x020071a0                uart_recv
 .text.uart_filt
                0x02007934       0x90 dw_uart.o
                0x02007934                uart_filt
 .text.uart_init
                0x020079c4      0x3f4 dw_uart.o
                0x020079c4                uart_init
 .text.UARTintHndl_0
                0x02007db8      0x1a0 dw_uart.o
                0x02007db8                UARTintHndl_0
 .text.UARTintHndl_1
                0x02007f58      0x1a0 dw_uart.o
                0x02007f58                UARTintHndl_1
 .text.MEDIAstatus
                0x020080f8       0x50 MediaIF.o
                0x020080f8                MEDIAstatus
 .text.MEDIAinit
                0x02008148       0xe0 MediaIF.o
                0x02008148                MEDIAinit
 .text.MEDIAread
                0x02008228      0x1b8 MediaIF.o
                0x02008228                MEDIAread
 .text.MEDIAwrite
                0x020083e0      0x1b0 MediaIF.o
                0x020083e0                MEDIAwrite
 .text.MEDIAsize
                0x02008590       0x64 MediaIF.o
                0x02008590                MEDIAsize
 .text.MEDIAblksize
                0x020085f4       0x50 MediaIF.o
                0x020085f4                MEDIAblksize
 .text.MEDIAsectsz
                0x02008644       0x48 MediaIF.o
                0x02008644                MEDIAsectsz
 .text.mmc_sendcmd.constprop.5
                0x0200868c      0x3f0 dw_sdmmc.o
 .text.SDprepData.isra.1.constprop.6
                0x02008a7c      0x16c dw_sdmmc.o
 .text.mmc_sendcmd.constprop.3
                0x02008be8      0x48c dw_sdmmc.o
 .text.mmc_sendcmd.constprop.2
                0x02009074      0x48c dw_sdmmc.o
 .text.mmc_sendstatus
                0x02009500      0x38c dw_sdmmc.o
                0x02009500                mmc_sendstatus
 .text.mmc_read
                0x0200988c      0x384 dw_sdmmc.o
                0x0200988c                mmc_read
 .text.mmc_write
                0x02009c10      0x378 dw_sdmmc.o
                0x02009c10                mmc_write
 .text.mmc_init
                0x02009f88     0x13d0 dw_sdmmc.o
                0x02009f88                mmc_init
 .text.mmc_blklen
                0x0200b358       0x10 dw_sdmmc.o
                0x0200b358                mmc_blklen
 .text.mmc_capacity
                0x0200b368       0x10 dw_sdmmc.o
                0x0200b368                mmc_capacity
 .text.MMCintHndl_0
                0x0200b378       0xa8 dw_sdmmc.o
                0x0200b378                MMCintHndl_0
 .text.get_fileinfo
                0x0200b420      0x554 ff.o
 .text.move_window
                0x0200b974       0xbc ff.o
 .text.get_fat  0x0200ba30      0x274 ff.o
 .text.dir_next.constprop.16
                0x0200bca4      0x124 ff.o
 .text.sync_fs  0x0200bdc8      0x16c ff.o
 .text.check_fs
                0x0200bf34      0x18c ff.o
 .text.find_volume
                0x0200c0c0      0x964 ff.o
 .text.load_xdir
                0x0200ca24      0x354 ff.o
 .text.dir_read.constprop.15
                0x0200cd78      0x72c ff.o
 .text.put_fat.part.9
                0x0200d4a4      0x444 ff.o
 .text.create_chain
                0x0200d8e8      0x850 ff.o
 .text.dir_sdi  0x0200e138      0x564 ff.o
 .text.store_xdir
                0x0200e69c      0x318 ff.o
 .text.dir_find
                0x0200e9b4      0x68c ff.o
 .text.follow_path
                0x0200f040      0x73c ff.o
 .text.f_read   0x0200f77c      0x730 ff.o
                0x0200f77c                f_read
 .text.f_write  0x0200feac      0x784 ff.o
                0x0200feac                f_write
 .text.f_sync   0x02010630      0x4a8 ff.o
                0x02010630                f_sync
 .text.f_close  0x02010ad8      0x5f4 ff.o
                0x02010ad8                f_close
 .text.f_lseek  0x020110cc      0x550 ff.o
                0x020110cc                f_lseek
 .text.f_stat   0x0201161c       0xe8 ff.o
                0x0201161c                f_stat
 .text.f_chmod  0x02011704      0x14c ff.o
                0x02011704                f_chmod
 .text.ff_uni2oem
                0x02011850       0x68 ffunicode.o
                0x02011850                ff_uni2oem
 .text.ff_oem2uni
                0x020118b8       0x3c ffunicode.o
                0x020118b8                ff_oem2uni
 .text.ff_wtoupper
                0x020118f4      0x134 ffunicode.o
                0x020118f4                ff_wtoupper
 .text.ff_req_grant
                0x02011a28       0x20 Abassi_FatFS.o
                0x02011a28                ff_req_grant
 .text.ff_rel_grant
                0x02011a48       0x10 Abassi_FatFS.o
                0x02011a48                ff_rel_grant
 .text.ff_memalloc
                0x02011a58       0x50 Abassi_FatFS.o
                0x02011a58                ff_memalloc
 .text.ff_memfree
                0x02011aa8       0x4c Abassi_FatFS.o
                0x02011aa8                ff_memfree
 .text.disk_status
                0x02011af4       0x24 Media_FatFS.o
                0x02011af4                disk_status
 .text.disk_initialize
                0x02011b18       0x20 Media_FatFS.o
                0x02011b18                disk_initialize
 .text.disk_read
                0x02011b38       0x38 Media_FatFS.o
                0x02011b38                disk_read
 .text.disk_write
                0x02011b70       0x38 Media_FatFS.o
                0x02011b70                disk_write
 .text.disk_ioctl
                0x02011ba8       0xbc Media_FatFS.o
                0x02011ba8                disk_ioctl
 .text.LogPath  0x02011c64      0x2f4 SysCall_FatFS.o
 .text.RealPath
                0x02011f58      0x220 SysCall_FatFS.o
 .text.SysCallInit
                0x02012178       0xbc SysCall_FatFS.o
                0x02012178                SysCallInit
 .text._read_r  0x02012234      0x2d8 SysCall_FatFS.o
                0x02012234                _read_r
 .text._write_r
                0x0201250c      0x240 SysCall_FatFS.o
                0x0201250c                _write_r
 .text._lseek_r
                0x0201274c      0x144 SysCall_FatFS.o
                0x0201274c                _lseek_r
 .text._stat_r  0x02012890      0x610 SysCall_FatFS.o
                0x02012890                _stat_r
 .text._fstat_r
                0x02012ea0       0xbc SysCall_FatFS.o
                0x02012ea0                _fstat_r
 .text.chmod    0x02012f5c      0x278 SysCall_FatFS.o
                0x02012f5c                chmod
 .text._close_r
                0x020131d4      0x144 SysCall_FatFS.o
                0x020131d4                _close_r
 .text._isatty_r
                0x02013318       0x44 SysCall_FatFS.o
                0x02013318                _isatty_r
 .text.GetKey   0x0201335c       0x3c SysCall_FatFS.o
                0x0201335c                GetKey
 .text.IsPtInRect
                0x02013398       0x48 geometry.o
                0x02013398                IsPtInRect
 .text.PtSet    0x020133e0        0x8 geometry.o
                0x020133e0                PtSet
 .text.RectSet  0x020133e8        0xc geometry.o
                0x020133e8                RectSet
 .text.GUI_simpleColorInit
                0x020133f4      0x13c gui.o
                0x020133f4                GUI_simpleColorInit
 .text.GUI_simpleColorPrint
                0x02013530      0x110 gui.o
                0x02013530                GUI_simpleColorPrint
 .text.VIPFR_Init
                0x02013640       0x98 vip_fr.o
                0x02013640                VIPFR_Init
 .text.VIPFR_Go
                0x020136d8        0xc vip_fr.o
                0x020136d8                VIPFR_Go
 .text.VIPFR_GetDrawFrame
                0x020136e4       0x1c vip_fr.o
                0x020136e4                VIPFR_GetDrawFrame
 .text.VIPFR_ActiveDrawFrame
                0x02013700       0x1c vip_fr.o
                0x02013700                VIPFR_ActiveDrawFrame
 .text.vid_set_pixel
                0x0201371c       0xa8 simple_graphics.o
                0x0201371c                vid_set_pixel
 .text.vid_paint_block
                0x020137c4      0x5a4 simple_graphics.o
                0x020137c4                vid_paint_block
 .text.vid_clean_screen
                0x02013d68       0x30 simple_graphics.o
                0x02013d68                vid_clean_screen
 .text.vid_draw_horiz_line
                0x02013d98      0x5d0 simple_graphics.o
                0x02013d98                vid_draw_horiz_line
 .text.vid_draw_sloped_line
                0x02014368      0x2d8 simple_graphics.o
                0x02014368                vid_draw_sloped_line
 .text.vid_draw_box
                0x02014640      0x128 simple_graphics.o
                0x02014640                vid_draw_box
 .text.read_from_frame
                0x02014768      0x10c simple_text.o
                0x02014768                read_from_frame
 .text.vid_print_char_alpha
                0x02014874      0x330 simple_text.o
                0x02014874                vid_print_char_alpha
 .text.vid_print_string_alpha
                0x02014ba4      0x118 simple_text.o
                0x02014ba4                vid_print_string_alpha
 .text.QUEUE_New
                0x02014cbc       0x20 queue.o
                0x02014cbc                QUEUE_New
 .text.QUEUE_IsEmpty
                0x02014cdc       0x18 queue.o
                0x02014cdc                QUEUE_IsEmpty
 .text.QUEUE_IsFull
                0x02014cf4       0x2c queue.o
                0x02014cf4                QUEUE_IsFull
 .text.QUEUE_Push
                0x02014d20       0x38 queue.o
                0x02014d20                QUEUE_Push
 .text.QUEUE_Pop
                0x02014d58       0x38 queue.o
                0x02014d58                QUEUE_Pop
 .text.XL345init
                0x02014d90       0xb0 gsensor.o
                0x02014d90                XL345init
 .text.TOUCH_getRect
                0x02014e40      0x104 touch.o
                0x02014e40                TOUCH_getRect
 .text.mtc_QueryData
                0x02014f44       0xc0 multi_touch.o
                0x02014f44                mtc_QueryData
 .text.MTC_Init
                0x02015004       0x3c multi_touch.o
                0x02015004                MTC_Init
 .text.MTC_GetStatus
                0x02015040       0x78 multi_touch.o
                0x02015040                MTC_GetStatus
 .text.alt_gpio_init
                0x020150b8       0x28 alt_generalpurpose_io.o
                0x020150b8                alt_gpio_init
 .text.alt_gpio_port_data_write
                0x020150e0       0x70 alt_generalpurpose_io.o
                0x020150e0                alt_gpio_port_data_write
 .text.alt_gpio_group_config
                0x02015150      0x41c alt_generalpurpose_io.o
                0x02015150                alt_gpio_group_config
 .text.alt_gpio_bit_to_pid
                0x0201556c       0x30 alt_generalpurpose_io.o
                0x0201556c                alt_gpio_bit_to_pid
 .text.alt_gpio_bit_to_port_pin
                0x0201559c       0x30 alt_generalpurpose_io.o
                0x0201559c                alt_gpio_bit_to_port_pin
 .text.alt_globaltmr_init
                0x020155cc       0x3c alt_globaltmr.o
                0x020155cc                alt_globaltmr_init
 .text.alt_globaltmr_start
                0x02015608       0x18 alt_globaltmr.o
                0x02015608                alt_globaltmr_start
 .text.Eth_ISR_Setup
                0x02015620       0x48 netif_setup.o
                0x02015620                Eth_ISR_Setup
 .text.GetMACaddr
                0x02015668       0x70 netif_setup.o
                0x02015668                GetMACaddr
 .text.LwIP_Init
                0x020156d8      0x164 netif_setup.o
                0x020156d8                LwIP_Init
 .text.ETH_WrtPhyReg
                0x0201583c       0xd4 dw_ethernet.o
 .text.ETH_RdPhyReg
                0x02015910       0xcc dw_ethernet.o
 .text.ETH_ResetEMAC.part.1
                0x020159dc      0x284 dw_ethernet.o
 .text.ETH_WrtPhyRegExt
                0x02015c60      0x5b4 dw_ethernet.o
 .text.ETH_MACAddressConfig
                0x02016214       0x50 dw_ethernet.o
                0x02016214                ETH_MACAddressConfig
 .text.ETH_Get_Received_Multi
                0x02016264       0xe4 dw_ethernet.o
                0x02016264                ETH_Get_Received_Multi
 .text.ETH_Get_Received_Frame_Length
                0x02016348       0x64 dw_ethernet.o
                0x02016348                ETH_Get_Received_Frame_Length
 .text.ETH_Release_Received
                0x020163ac       0x70 dw_ethernet.o
                0x020163ac                ETH_Release_Received
 .text.ETH_Prepare_Multi_Transmit
                0x0201641c      0x1d0 dw_ethernet.o
                0x0201641c                ETH_Prepare_Multi_Transmit
 .text.ETH_DMARxDescChainInit
                0x020165ec       0xb8 dw_ethernet.o
                0x020165ec                ETH_DMARxDescChainInit
 .text.ETH_DMATxDescChainInit
                0x020166a4       0xa8 dw_ethernet.o
                0x020166a4                ETH_DMATxDescChainInit
 .text.ETH_DMARxDescReceiveITConfig
                0x0201674c       0x80 dw_ethernet.o
                0x0201674c                ETH_DMARxDescReceiveITConfig
 .text.ETH_DMARxDescTransmitITConfig
                0x020167cc        0x4 dw_ethernet.o
                0x020167cc                ETH_DMARxDescTransmitITConfig
 .text.ETH_DMATxDescChecksumInsertionConfig
                0x020167d0       0x8c dw_ethernet.o
                0x020167d0                ETH_DMATxDescChecksumInsertionConfig
 .text.PHY_init
                0x0201685c     0x1e04 dw_ethernet.o
                0x0201685c                PHY_init
 .text.ETH_Start
                0x02018660       0x74 dw_ethernet.o
                0x02018660                ETH_Start
 .text.ETH_Restart
                0x020186d4      0x1dc dw_ethernet.o
                0x020186d4                ETH_Restart
 .text.ETH_Get_Transmit_Buffer
                0x020188b0       0x64 dw_ethernet.o
                0x020188b0                ETH_Get_Transmit_Buffer
 .text.ETH_LinkStatus
                0x02018914       0xdc dw_ethernet.o
                0x02018914                ETH_LinkStatus
 .text.ETH_MacConfigDMA
                0x020189f0       0xcc dw_ethernet.o
                0x020189f0                ETH_MacConfigDMA
 .text.ETH_ResetEMAC
                0x02018abc        0xc dw_ethernet.o
                0x02018abc                ETH_ResetEMAC
 .text.netconn_new_with_proto_and_callback
                0x02018ac8       0x6c api_lib.o
                0x02018ac8                netconn_new_with_proto_and_callback
 .text.netconn_delete
                0x02018b34       0x38 api_lib.o
                0x02018b34                netconn_delete
 .text.netconn_getaddr
                0x02018b6c       0x54 api_lib.o
                0x02018b6c                netconn_getaddr
 .text.netconn_connect
                0x02018bc0       0x50 api_lib.o
                0x02018bc0                netconn_connect
 .text.netconn_disconnect
                0x02018c10       0x44 api_lib.o
                0x02018c10                netconn_disconnect
 .text.netconn_recv_tcp_pbuf
                0x02018c54      0x160 api_lib.o
                0x02018c54                netconn_recv_tcp_pbuf
 .text.netconn_recv
                0x02018db4      0x304 api_lib.o
                0x02018db4                netconn_recv
 .text.netconn_recved
                0x020190b8       0x50 api_lib.o
                0x020190b8                netconn_recved
 .text.recv_udp
                0x02019108       0x98 api_msg.o
 .text.recv_raw
                0x020191a0       0xd0 api_msg.o
 .text.err_tcp  0x02019270       0xe8 api_msg.o
 .text.do_writemore
                0x02019358      0x244 api_msg.o
 .text.do_close_internal
                0x0201959c      0x1c8 api_msg.o
 .text.poll_tcp
                0x02019764       0x8c api_msg.o
 .text.netconn_drain
                0x020197f0      0x108 api_msg.o
 .text.sent_tcp
                0x020198f8       0x8c api_msg.o
 .text.recv_tcp
                0x02019984       0xbc api_msg.o
 .text.do_connected
                0x02019a40      0x104 api_msg.o
 .text.do_newconn
                0x02019b44      0x144 api_msg.o
                0x02019b44                do_newconn
 .text.netconn_alloc
                0x02019c88       0xd0 api_msg.o
                0x02019c88                netconn_alloc
 .text.netconn_free
                0x02019d58       0x28 api_msg.o
                0x02019d58                netconn_free
 .text.do_delconn
                0x02019d80      0x108 api_msg.o
                0x02019d80                do_delconn
 .text.do_connect
                0x02019e88      0x160 api_msg.o
                0x02019e88                do_connect
 .text.do_disconnect
                0x02019fe8       0x4c api_msg.o
                0x02019fe8                do_disconnect
 .text.do_recv  0x0201a034       0x74 api_msg.o
                0x0201a034                do_recv
 .text.do_getaddr
                0x0201a0a8      0x114 api_msg.o
                0x0201a0a8                do_getaddr
 .text.lwip_htons
                0x0201a1bc        0xc def.o
                0x0201a1bc                lwip_htons
 .text.lwip_ntohs
                0x0201a1c8        0xc def.o
                0x0201a1c8                lwip_ntohs
 .text.lwip_htonl
                0x0201a1d4        0x8 def.o
                0x0201a1d4                lwip_htonl
 .text.lwip_ntohl
                0x0201a1dc        0x8 def.o
                0x0201a1dc                lwip_ntohl
 *fill*         0x0201a1e4        0x4 
 .text.dhcp_create_msg
                0x0201a1e8      0x7b8 dhcp.o
 .text.dhcp_rebind
                0x0201a9a0      0x17c dhcp.o
 .text.dhcp_discover
                0x0201ab1c      0x1f8 dhcp.o
 .text.dhcp_select
                0x0201ad14      0x2e0 dhcp.o
 .text.dhcp_reboot
                0x0201aff4      0x1f4 dhcp.o
 .text.dhcp_bind
                0x0201b1e8      0x19c dhcp.o
 .text.dhcp_arp_reply
                0x0201b384      0x188 dhcp.o
                0x0201b384                dhcp_arp_reply
 .text.dhcp_renew
                0x0201b50c      0x178 dhcp.o
                0x0201b50c                dhcp_renew
 .text.dhcp_coarse_tmr
                0x0201b684       0xa8 dhcp.o
                0x0201b684                dhcp_coarse_tmr
 .text.dhcp_release
                0x0201b72c      0x17c dhcp.o
                0x0201b72c                dhcp_release
 .text.dhcp_fine_tmr
                0x0201b8a8      0x13c dhcp.o
                0x0201b8a8                dhcp_fine_tmr
 .text.etharp_find_entry
                0x0201b9e4      0xa70 etharp.o
 .text.etharp_raw.constprop.0
                0x0201c454      0x10c etharp.o
 .text.etharp_tmr
                0x0201c560       0xd4 etharp.o
                0x0201c560                etharp_tmr
 .text.etharp_cleanup_netif
                0x0201c634       0x9c etharp.o
                0x0201c634                etharp_cleanup_netif
 .text.etharp_query
                0x0201c6d0      0x228 etharp.o
                0x0201c6d0                etharp_query
 .text.etharp_output
                0x0201c8f8      0x40c etharp.o
                0x0201c8f8                etharp_output
 .text.etharp_request
                0x0201cd04      0x10c etharp.o
                0x0201cd04                etharp_request
 .text.ethernet_input
                0x0201ce10      0x388 etharp.o
                0x0201ce10                ethernet_input
 .text.EMACintHndl
                0x0201d198      0x114 ethernetif.o
 .text.ethernetif_4_init
                0x0201d2ac      0x1c8 ethernetif.o
 .text.low_level_output
                0x0201d474      0x174 ethernetif.o
 .text.ethernetif_input
                0x0201d5e8      0x3c0 ethernetif.o
 .text.ethernetif_0_init
                0x0201d9a8      0x1c4 ethernetif.o
 .text.ethernetif_1_init
                0x0201db6c      0x1c4 ethernetif.o
 .text.ethernetif_2_init
                0x0201dd30      0x1c8 ethernetif.o
 .text.ethernetif_3_init
                0x0201def8      0x1c8 ethernetif.o
 .text.Emac0_IRQHandler
                0x0201e0c0        0x8 ethernetif.o
                0x0201e0c0                Emac0_IRQHandler
 .text.Emac1_IRQHandler
                0x0201e0c8        0x8 ethernetif.o
                0x0201e0c8                Emac1_IRQHandler
 .text.icmp_input
                0x0201e0d0      0x1f0 icmp.o
                0x0201e0d0                icmp_input
 .text.icmp_dest_unreach
                0x0201e2c0       0xd4 icmp.o
                0x0201e2c0                icmp_dest_unreach
 .text.icmp_time_exceeded
                0x0201e394       0xd4 icmp.o
                0x0201e394                icmp_time_exceeded
 .text.inet_chksum
                0x0201e468      0x29c inet_chksum.o
                0x0201e468                inet_chksum
 .text.inet_chksum_pbuf
                0x0201e704      0x32c inet_chksum.o
                0x0201e704                inet_chksum_pbuf
 .text.lwip_init
                0x0201ea30       0x28 init.o
                0x0201ea30                lwip_init
 .text.ip_route
                0x0201ea58       0x68 ip.o
                0x0201ea58                ip_route
 .text.ip_input
                0x0201eac0      0x2bc ip.o
                0x0201eac0                ip_input
 .text.ip_output_if
                0x0201ed7c      0x188 ip.o
                0x0201ed7c                ip_output_if
 .text.ip_output
                0x0201ef04       0x8c ip.o
                0x0201ef04                ip_output
 .text.ip4_addr_isbroadcast
                0x0201ef90       0x58 ip_addr.o
                0x0201ef90                ip4_addr_isbroadcast
 .text.ipaddr_aton
                0x0201efe8      0x200 ip_addr.o
                0x0201efe8                ipaddr_aton
 .text.ipaddr_addr
                0x0201f1e8       0x24 ip_addr.o
                0x0201f1e8                ipaddr_addr
 .text.ipfrag_free_pbuf_custom
                0x0201f20c       0x28 ip_frag.o
 .text.ip_reass_remove_oldest_datagram
                0x0201f234      0x23c ip_frag.o
 .text.ip_reass_tmr
                0x0201f470      0x144 ip_frag.o
                0x0201f470                ip_reass_tmr
 .text.ip_reass
                0x0201f5b4      0x62c ip_frag.o
                0x0201f5b4                ip_reass
 .text.ip_frag  0x0201fbe0      0x294 ip_frag.o
                0x0201fbe0                ip_frag
 *fill*         0x0201fe74        0x4 
 .text.mem_init
                0x0201fe78       0x74 mem.o
                0x0201fe78                mem_init
 .text.mem_free
                0x0201feec      0x10c mem.o
                0x0201feec                mem_free
 .text.mem_trim
                0x0201fff8      0x160 mem.o
                0x0201fff8                mem_trim
 .text.mem_malloc
                0x02020158      0x160 mem.o
                0x02020158                mem_malloc
 .text.memp_init
                0x020202b8       0x9c memp.o
                0x020202b8                memp_init
 .text.memp_malloc
                0x02020354       0x30 memp.o
                0x02020354                memp_malloc
 .text.memp_free
                0x02020384       0x30 memp.o
                0x02020384                memp_free
 .text.netbuf_delete
                0x020203b4       0x38 netbuf.o
                0x020203b4                netbuf_delete
 .text.netif_init
                0x020203ec        0x4 netif.o
                0x020203ec                netif_init
 .text.netif_add
                0x020203f0      0x13c netif.o
                0x020203f0                netif_add
 .text.netif_set_ipaddr
                0x0202052c       0xc0 netif.o
                0x0202052c                netif_set_ipaddr
 .text.netif_set_gw
                0x020205ec       0x10 netif.o
                0x020205ec                netif_set_gw
 .text.netif_set_netmask
                0x020205fc       0x10 netif.o
                0x020205fc                netif_set_netmask
 .text.netif_set_default
                0x0202060c       0x10 netif.o
                0x0202060c                netif_set_default
 .text.netif_set_up
                0x0202061c       0x28 netif.o
                0x0202061c                netif_set_up
 .text.netif_set_down
                0x02020644       0x20 netif.o
                0x02020644                netif_set_down
 .text.pbuf_free_ooseq_callback
                0x02020664       0x60 pbuf.o
 .text.pbuf_alloc
                0x020206c4      0x2ec pbuf.o
                0x020206c4                pbuf_alloc
 .text.pbuf_alloced_custom
                0x020209b0       0x94 pbuf.o
                0x020209b0                pbuf_alloced_custom
 .text.pbuf_realloc
                0x02020a44      0x130 pbuf.o
                0x02020a44                pbuf_realloc
 .text.pbuf_header
                0x02020b74       0xc0 pbuf.o
                0x02020b74                pbuf_header
 .text.pbuf_free
                0x02020c34       0xb0 pbuf.o
                0x02020c34                pbuf_free
 .text.pbuf_clen
                0x02020ce4       0x2c pbuf.o
                0x02020ce4                pbuf_clen
 .text.pbuf_ref
                0x02020d10       0x24 pbuf.o
                0x02020d10                pbuf_ref
 .text.pbuf_cat
                0x02020d34       0x58 pbuf.o
                0x02020d34                pbuf_cat
 .text.pbuf_chain
                0x02020d8c       0x70 pbuf.o
                0x02020d8c                pbuf_chain
 .text.pbuf_copy
                0x02020dfc       0x88 pbuf.o
                0x02020dfc                pbuf_copy
 .text.pbuf_copy_partial
                0x02020e84       0x9c pbuf.o
                0x02020e84                pbuf_copy_partial
 .text.raw_input
                0x02020f20       0xc8 raw.o
                0x02020f20                raw_input
 .text.raw_connect
                0x02020fe8       0x14 raw.o
                0x02020fe8                raw_connect
 .text.raw_recv
                0x02020ffc        0xc raw.o
                0x02020ffc                raw_recv
 .text.raw_remove
                0x02021008       0x60 raw.o
                0x02021008                raw_remove
 .text.raw_new  0x02021068       0x4c raw.o
                0x02021068                raw_new
 .text.TaskTrampoline
                0x020210b4       0x30 sys_arch.o
 .text.sys_mbox_new
                0x020210e4      0x2c8 sys_arch.o
                0x020210e4                sys_mbox_new
 .text.sys_mbox_free
                0x020213ac      0x1c0 sys_arch.o
                0x020213ac                sys_mbox_free
 .text.sys_mbox_post
                0x0202156c        0xc sys_arch.o
                0x0202156c                sys_mbox_post
 .text.sys_mbox_trypost
                0x02021578       0x20 sys_arch.o
                0x02021578                sys_mbox_trypost
 .text.sys_arch_mbox_fetch
                0x02021598       0x80 sys_arch.o
                0x02021598                sys_arch_mbox_fetch
 .text.sys_arch_mbox_tryfetch
                0x02021618       0x28 sys_arch.o
                0x02021618                sys_arch_mbox_tryfetch
 .text.sys_sem_new
                0x02021640      0x1ec sys_arch.o
                0x02021640                sys_sem_new
 .text.sys_arch_sem_wait
                0x0202182c       0x7c sys_arch.o
                0x0202182c                sys_arch_sem_wait
 .text.sys_sem_signal
                0x020218a8       0x10 sys_arch.o
                0x020218a8                sys_sem_signal
 .text.sys_sem_free
                0x020218b8      0x1b0 sys_arch.o
                0x020218b8                sys_sem_free
 .text.sys_mutex_new
                0x02021a68      0x1f4 sys_arch.o
                0x02021a68                sys_mutex_new
 .text.sys_mutex_lock
                0x02021c5c       0x10 sys_arch.o
                0x02021c5c                sys_mutex_lock
 .text.sys_mutex_unlock
                0x02021c6c       0x10 sys_arch.o
                0x02021c6c                sys_mutex_unlock
 .text.sys_init
                0x02021c7c      0x104 sys_arch.o
                0x02021c7c                sys_init
 .text.sys_thread_new
                0x02021d80      0x210 sys_arch.o
                0x02021d80                sys_thread_new
 .text.sys_arch_protect
                0x02021f90       0x58 sys_arch.o
                0x02021f90                sys_arch_protect
 .text.sys_arch_unprotect
                0x02021fe8       0x48 sys_arch.o
                0x02021fe8                sys_arch_unprotect
 .text.event_callback
                0x02022030      0x200 sockets.o
 .text.lwip_socket_init
                0x02022230        0x4 sockets.o
                0x02022230                lwip_socket_init
 .text.lwip_close
                0x02022234       0x98 sockets.o
                0x02022234                lwip_close
 .text.lwip_connect
                0x020222cc       0xd4 sockets.o
                0x020222cc                lwip_connect
 .text.lwip_recvfrom
                0x020223a0      0x3bc sockets.o
                0x020223a0                lwip_recvfrom
 .text.lwip_recv
                0x0202275c       0x20 sockets.o
                0x0202275c                lwip_recv
 .text.lwip_socket
                0x0202277c      0x12c sockets.o
                0x0202277c                lwip_socket
 .text.tcp_pcb_purge.part.1
                0x020228a8       0xe0 tcp.o
 .text.tcp_close_shutdown
                0x02022988      0x3dc tcp.o
 .text.tcp_recv_null
                0x02022d64       0xdc tcp.o
                0x02022d64                tcp_recv_null
 .text.tcp_init
                0x02022e40        0x4 tcp.o
                0x02022e40                tcp_init
 .text.tcp_close
                0x02022e44      0x43c tcp.o
                0x02022e44                tcp_close
 .text.tcp_shutdown
                0x02023280       0xf8 tcp.o
                0x02023280                tcp_shutdown
 .text.tcp_abandon
                0x02023378      0x2b0 tcp.o
                0x02023378                tcp_abandon
 .text.tcp_abort
                0x02023628        0x8 tcp.o
                0x02023628                tcp_abort
 .text.tcp_update_rcv_ann_wnd
                0x02023630       0x64 tcp.o
                0x02023630                tcp_update_rcv_ann_wnd
 .text.tcp_recved
                0x02023694       0xa0 tcp.o
                0x02023694                tcp_recved
 .text.tcp_connect
                0x02023734      0x27c tcp.o
                0x02023734                tcp_connect
 .text.tcp_slowtmr
                0x020239b0      0x504 tcp.o
                0x020239b0                tcp_slowtmr
 .text.tcp_process_refused_data
                0x02023eb4      0x144 tcp.o
                0x02023eb4                tcp_process_refused_data
 .text.tcp_tmr  0x02023ff8       0xd0 tcp.o
                0x02023ff8                tcp_tmr
 .text.tcp_segs_free
                0x020240c8       0x38 tcp.o
                0x020240c8                tcp_segs_free
 .text.tcp_seg_free
                0x02024100       0x2c tcp.o
                0x02024100                tcp_seg_free
 .text.tcp_seg_copy
                0x0202412c       0x34 tcp.o
                0x0202412c                tcp_seg_copy
 .text.tcp_alloc
                0x02024160      0x1dc tcp.o
                0x02024160                tcp_alloc
 .text.tcp_new  0x0202433c      0x1d8 tcp.o
                0x0202433c                tcp_new
 .text.tcp_arg  0x02024514        0x8 tcp.o
                0x02024514                tcp_arg
 .text.tcp_recv
                0x0202451c        0x8 tcp.o
                0x0202451c                tcp_recv
 .text.tcp_sent
                0x02024524        0x8 tcp.o
                0x02024524                tcp_sent
 .text.tcp_err  0x0202452c        0x8 tcp.o
                0x0202452c                tcp_err
 .text.tcp_accept
                0x02024534        0x8 tcp.o
                0x02024534                tcp_accept
 .text.tcp_poll
                0x0202453c        0xc tcp.o
                0x0202453c                tcp_poll
 .text.tcp_pcb_purge
                0x02024548       0x14 tcp.o
                0x02024548                tcp_pcb_purge
 .text.tcp_pcb_remove
                0x0202455c       0xec tcp.o
                0x0202455c                tcp_pcb_remove
 .text.tcp_eff_send_mss
                0x02024648       0x44 tcp.o
                0x02024648                tcp_eff_send_mss
 .text.tcp_oos_insert_segment
                0x0202468c      0x164 tcp_in.o
 .text.tcp_receive
                0x020247f0      0xee8 tcp_in.o
 .text.tcp_parseopt.isra.0
                0x020256d8       0xfc tcp_in.o
 .text.tcp_input
                0x020257d4      0xe5c tcp_in.o
                0x020257d4                tcp_input
 .text.tcp_send_fin
                0x02026630      0x230 tcp_out.o
                0x02026630                tcp_send_fin
 .text.tcp_write
                0x02026860      0x728 tcp_out.o
                0x02026860                tcp_write
 .text.tcp_enqueue_flags
                0x02026f88      0x214 tcp_out.o
                0x02026f88                tcp_enqueue_flags
 .text.tcp_send_empty_ack
                0x0202719c      0x144 tcp_out.o
                0x0202719c                tcp_send_empty_ack
 .text.tcp_output
                0x020272e0      0x53c tcp_out.o
                0x020272e0                tcp_output
 .text.tcp_rst  0x0202781c      0x12c tcp_out.o
                0x0202781c                tcp_rst
 .text.tcp_rexmit_rto
                0x02027948       0x58 tcp_out.o
                0x02027948                tcp_rexmit_rto
 .text.tcp_rexmit
                0x020279a0       0xc8 tcp_out.o
                0x020279a0                tcp_rexmit
 .text.tcp_rexmit_fast
                0x02027a68      0x118 tcp_out.o
                0x02027a68                tcp_rexmit_fast
 .text.tcp_keepalive
                0x02027b80      0x138 tcp_out.o
                0x02027b80                tcp_keepalive
 .text.tcp_zero_window_probe
                0x02027cb8      0x1f0 tcp_out.o
                0x02027cb8                tcp_zero_window_probe
 .text.tcpip_thread
                0x02027ea8      0x118 tcpip.o
 .text.tcpip_input
                0x02027fc0       0x78 tcpip.o
                0x02027fc0                tcpip_input
 .text.tcpip_callback_with_block
                0x02028038       0x98 tcpip.o
                0x02028038                tcpip_callback_with_block
 .text.tcpip_apimsg
                0x020280d0       0x64 tcpip.o
                0x020280d0                tcpip_apimsg
 .text.tcpip_init
                0x02028134       0x64 tcpip.o
                0x02028134                tcpip_init
 .text.dhcp_timer_fine
                0x02028198       0xb0 timers.o
 .text.ip_reass_timer
                0x02028248       0xb0 timers.o
 .text.arp_timer
                0x020282f8       0xb4 timers.o
 .text.dhcp_timer_coarse
                0x020283ac       0xb4 timers.o
 .text.tcpip_tcp_timer
                0x02028460       0xe8 timers.o
 .text.tcp_timer_needed
                0x02028548       0xf8 timers.o
                0x02028548                tcp_timer_needed
 .text.sys_timeouts_init
                0x02028640      0x2ac timers.o
                0x02028640                sys_timeouts_init
 .text.sys_timeout
                0x020288ec       0xac timers.o
                0x020288ec                sys_timeout
 .text.sys_untimeout
                0x02028998       0x88 timers.o
                0x02028998                sys_untimeout
 .text.sys_timeouts_mbox_fetch
                0x02028a20       0xac timers.o
                0x02028a20                sys_timeouts_mbox_fetch
 .text.udp_init
                0x02028acc        0x4 udp.o
                0x02028acc                udp_init
 .text.udp_input
                0x02028ad0      0x2fc udp.o
                0x02028ad0                udp_input
 .text.udp_bind
                0x02028dcc      0x12c udp.o
                0x02028dcc                udp_bind
 .text.udp_sendto_if
                0x02028ef8      0x168 udp.o
                0x02028ef8                udp_sendto_if
 .text.udp_connect
                0x02029060       0xa0 udp.o
                0x02029060                udp_connect
 .text.udp_disconnect
                0x02029100       0x1c udp.o
                0x02029100                udp_disconnect
 .text.udp_recv
                0x0202911c        0xc udp.o
                0x0202911c                udp_recv
 .text.udp_remove
                0x02029128       0x60 udp.o
                0x02029128                udp_remove
 .text.udp_new  0x02029188       0x30 udp.o
                0x02029188                udp_new
 .text.PrtResult
                0x020291b8      0x298 Shell.o
 .text.CmdLog   0x02029450       0x18 Shell.o
 .text.CmdEdit  0x02029468       0x88 Shell.o
 .text.CmdMblk  0x020294f0      0x160 Shell.o
 .text.CmdGrp   0x02029650      0x864 Shell.o
 .text.CmdSys   0x02029eb4      0x5dc Shell.o
 .text.CmdHelp  0x0202a490      0x2d0 Shell.o
 .text.CmdEvt   0x0202a760      0x208 Shell.o
 .text.CmdMtx   0x0202a968     0x1100 Shell.o
 .text.CmdSem   0x0202ba68     0x1190 Shell.o
 .text.CmdMbx   0x0202cbf8     0x15d0 Shell.o
 .text.CmdTim   0x0202e1c8     0x1d28 Shell.o
 .text.CmdTask  0x0202fef0     0x246c Shell.o
 .text.OSshell  0x0203235c      0xf70 Shell.o
                0x0203235c                OSshell
 .text.ShellGets
                0x020332cc      0x2a0 Shell.o
                0x020332cc                ShellGets
 .text.CmdMem   0x0203356c      0x530 Shell.o
 .text.TSKcreate.constprop.0
                0x02033a9c       0xf0 ../../mAbassi/Platform/lib\lib_mAbassi_EVAL_GCC_AR5_CY5.a(mAbassi_EVAL_A9_GCC_2_NR.o)
 .text.TSKgetID
                0x02033b8c       0x60 ../../mAbassi/Platform/lib\lib_mAbassi_EVAL_GCC_AR5_CY5.a(mAbassi_EVAL_A9_GCC_2_NR.o)
                0x02033b8c                TSKgetID
 .text.TSKstkChk
                0x02033bec       0x60 ../../mAbassi/Platform/lib\lib_mAbassi_EVAL_GCC_AR5_CY5.a(mAbassi_EVAL_A9_GCC_2_NR.o)
                0x02033bec                TSKstkChk
 *fill*         0x02033c4c        0x4 
 .text.Abassi   0x02033c50     0x2850 ../../mAbassi/Platform/lib\lib_mAbassi_EVAL_GCC_AR5_CY5.a(mAbassi_EVAL_A9_GCC_2_NR.o)
                0x02033c50                Abassi
 .text.TSKcreate
                0x020364a0      0x350 ../../mAbassi/Platform/lib\lib_mAbassi_EVAL_GCC_AR5_CY5.a(mAbassi_EVAL_A9_GCC_2_NR.o)
                0x020364a0                TSKcreate
 .text.OSstart  0x020367f0      0x17c ../../mAbassi/Platform/lib\lib_mAbassi_EVAL_GCC_AR5_CY5.a(mAbassi_EVAL_A9_GCC_2_NR.o)
                0x020367f0                OSstart
 .text.TSKstart
                0x0203696c       0x60 ../../mAbassi/Platform/lib\lib_mAbassi_EVAL_GCC_AR5_CY5.a(mAbassi_EVAL_A9_GCC_2_NR.o)
                0x0203696c                TSKstart
 .text.SEM__open
                0x020369cc      0x144 ../../mAbassi/Platform/lib\lib_mAbassi_EVAL_GCC_AR5_CY5.a(mAbassi_EVAL_A9_GCC_2_NR.o)
                0x020369cc                SEM__open
 .text.MBX__open
                0x02036b10      0x154 ../../mAbassi/Platform/lib\lib_mAbassi_EVAL_GCC_AR5_CY5.a(mAbassi_EVAL_A9_GCC_2_NR.o)
                0x02036b10                MBX__open
 .text.MBXget   0x02036c64      0x128 ../../mAbassi/Platform/lib\lib_mAbassi_EVAL_GCC_AR5_CY5.a(mAbassi_EVAL_A9_GCC_2_NR.o)
                0x02036c64                MBXget
 .text.MBXput   0x02036d8c       0xd8 ../../mAbassi/Platform/lib\lib_mAbassi_EVAL_GCC_AR5_CY5.a(mAbassi_EVAL_A9_GCC_2_NR.o)
                0x02036d8c                MBXput
 .text.GroupRm  0x02036e64       0xb4 ../../mAbassi/Platform/lib\lib_mAbassi_EVAL_GCC_AR5_CY5.a(mAbassi_EVAL_A9_GCC_2_NR.o)
                0x02036e64                GroupRm
 .text.OSalloc  0x02036f18       0x68 ../../mAbassi/Platform/lib\lib_mAbassi_EVAL_GCC_AR5_CY5.a(mAbassi_EVAL_A9_GCC_2_NR.o)
                0x02036f18                OSalloc
 .text.TIMtick  0x02036f80      0x4a0 ../../mAbassi/Platform/lib\lib_mAbassi_EVAL_GCC_AR5_CY5.a(mAbassi_EVAL_A9_GCC_2_NR.o)
                0x02036f80                TIMtick
 .text          0x02037420      0xb48 ../../mAbassi/Platform/lib\lib_mAbassi_EVAL_GCC_AR5_CY5.a(mAbassi_EVAL_GCC_AR5_CY5_NR.o)
                0x02037430                __cs3_reset_generic
                0x02037430                Reset_Handler
                0x02037430                boot
                0x02037430                _prestart
                0x020377d8                _exit
                0x020377e0                _sbrk_r
                0x02037818                OStrap
                0x02037830                __cs3_isr_swi
                0x02037830                mySWI
                0x02037878                SWI_Handler
                0x0203787c                OScontext
                0x0203789c                CoreContext
                0x020378b0                OSstack
                0x0203790c                OSintCtrl
                0x0203792c                OSintBack
                0x0203793c                OSintOff
                0x02037948                OSintOn
                0x02037950                OSisrInfo
                0x02037960                __cs3_isr_irq
                0x02037960                ISRdispatch
                0x02037a94                OSinvalidISR
                0x02037a9c                COREgetPeriph
                0x02037aa4                COREgetID
                0x02037ab0                GICinit
                0x02037b54                GICenable
                0x02037c94                COREstart1
                0x02037ca0                COREstart2
                0x02037cac                COREstart3
                0x02037cb8                COREstart0
                0x02037cc4                CoreIdle
                0x02037cf4                COREsafeGetID
                0x02037d18                COREsendISR
                0x02037d4c                COREwakeISR
                0x02037d78                COREisInISR
                0x02037d8c                COREtaskNow
                0x02037db0                COREchkRedo
                0x02037e10                CORElock
                0x02037e40                COREunlock
                0x02037e54                SPINlock
                0x02037e64                SPINtrylock
                0x02037e74                SPIN_lock
                0x02037efc                SPINunlock
 .text          0x02037f68      0x798 ../../mAbassi/Platform/lib\lib_mAbassi_EVAL_GCC_AR5_CY5.a(ARMv7_SMP_L1_L2_GCC_AR5_CY5.o)
                0x02037f68                COREcacheON
                0x020383f4                DCacheInvalRange
                0x02038508                DCacheFlushRange
                0x0203861c                MMUlog2Phy
                0x0203867c                MMUphy2Log
 .text          0x02038700       0x4c c:/intelfpga/18.1/embedded/host_tools/mentor/gnu/arm/baremetal/bin/../lib/gcc/arm-altera-eabi/6.2.0/../../../../arm-altera-eabi/lib\libcs3.a(start_c.o)
                0x02038700                __cs3_premain
 .text          0x0203874c      0x114 c:/intelfpga/18.1/embedded/host_tools/mentor/gnu/arm/baremetal/bin/../lib/gcc/arm-altera-eabi/6.2.0\libgcc.a(_udivsi3.o)
                0x0203874c                __aeabi_uidiv
                0x0203874c                __udivsi3
                0x02038840                __aeabi_uidivmod
 .text          0x02038860      0x148 c:/intelfpga/18.1/embedded/host_tools/mentor/gnu/arm/baremetal/bin/../lib/gcc/arm-altera-eabi/6.2.0\libgcc.a(_divsi3.o)
                0x02038860                __divsi3
                0x02038860                __aeabi_idiv
                0x02038988                __aeabi_idivmod
 .text          0x020389a8        0x4 c:/intelfpga/18.1/embedded/host_tools/mentor/gnu/arm/baremetal/bin/../lib/gcc/arm-altera-eabi/6.2.0\libgcc.a(_dvmd_tls.o)
                0x020389a8                __aeabi_idiv0
                0x020389a8                __aeabi_ldiv0
 .text          0x020389ac       0xd4 c:/intelfpga/18.1/embedded/host_tools/mentor/gnu/arm/baremetal/bin/../lib/gcc/arm-altera-eabi/6.2.0\libgcc.a(_aeabi_ldivmod.o)
                0x020389ac                __aeabi_ldivmod
 .text          0x02038a80       0x3c c:/intelfpga/18.1/embedded/host_tools/mentor/gnu/arm/baremetal/bin/../lib/gcc/arm-altera-eabi/6.2.0\libgcc.a(_aeabi_uldivmod.o)
                0x02038a80                __aeabi_uldivmod
 .text          0x02038abc      0x12c c:/intelfpga/18.1/embedded/host_tools/mentor/gnu/arm/baremetal/bin/../lib/gcc/arm-altera-eabi/6.2.0\libgcc.a(_udivmoddi4.o)
                0x02038abc                __udivmoddi4
 .text          0x02038be8       0x28 c:/intelfpga/18.1/embedded/host_tools/mentor/gnu/arm/baremetal/bin/../lib/gcc/arm-altera-eabi/6.2.0\libgcc.a(_clzdi2.o)
                0x02038be8                __clzdi2
 .text          0x02038c10       0x48 c:/intelfpga/18.1/embedded/host_tools/mentor/gnu/arm/baremetal/bin/../lib/gcc/arm-altera-eabi/6.2.0\libgcc.a(_clzsi2.o)
                0x02038c10                __clzsi2
 .text          0x02038c58       0x24 c:/intelfpga/18.1/embedded/host_tools/mentor/gnu/arm/baremetal/bin/../lib/gcc/arm-altera-eabi/6.2.0/../../../../arm-altera-eabi/lib\libc.a(lib_a-calloc.o)
                0x02038c58                calloc
 .text          0x02038c7c       0x98 c:/intelfpga/18.1/embedded/host_tools/mentor/gnu/arm/baremetal/bin/../lib/gcc/arm-altera-eabi/6.2.0/../../../../arm-altera-eabi/lib\libc.a(lib_a-callocr.o)
                0x02038c7c                _calloc_r
 .text          0x02038d14       0x34 c:/intelfpga/18.1/embedded/host_tools/mentor/gnu/arm/baremetal/bin/../lib/gcc/arm-altera-eabi/6.2.0/../../../../arm-altera-eabi/lib\libc.a(lib_a-exit.o)
                0x02038d14                exit
 .text          0x02038d48       0x10 c:/intelfpga/18.1/embedded/host_tools/mentor/gnu/arm/baremetal/bin/../lib/gcc/arm-altera-eabi/6.2.0/../../../../arm-altera-eabi/lib\libc.a(lib_a-getreent.o)
                0x02038d48                __getreent
 .text          0x02038d58       0x80 c:/intelfpga/18.1/embedded/host_tools/mentor/gnu/arm/baremetal/bin/../lib/gcc/arm-altera-eabi/6.2.0/../../../../arm-altera-eabi/lib\libc.a(lib_a-init.o)
                0x02038d58                __libc_init_array
 .text          0x02038dd8       0xf4 c:/intelfpga/18.1/embedded/host_tools/mentor/gnu/arm/baremetal/bin/../lib/gcc/arm-altera-eabi/6.2.0/../../../../arm-altera-eabi/lib\libc.a(lib_a-locale.o)
                0x02038dfc                _setlocale_r
                0x02038e64                __locale_mb_cur_max
                0x02038e8c                __locale_ctype_ptr_l
                0x02038e94                __locale_ctype_ptr
                0x02038eac                setlocale
 .text          0x02038ecc       0x38 c:/intelfpga/18.1/embedded/host_tools/mentor/gnu/arm/baremetal/bin/../lib/gcc/arm-altera-eabi/6.2.0/../../../../arm-altera-eabi/lib\libc.a(lib_a-malloc.o)
                0x02038ecc                malloc
                0x02038ee8                free
 .text          0x02038f04      0x750 c:/intelfpga/18.1/embedded/host_tools/mentor/gnu/arm/baremetal/bin/../lib/gcc/arm-altera-eabi/6.2.0/../../../../arm-altera-eabi/lib\libc.a(lib_a-mallocr.o)
                0x02038f04                _malloc_r
 .text          0x02039654       0xa0 c:/intelfpga/18.1/embedded/host_tools/mentor/gnu/arm/baremetal/bin/../lib/gcc/arm-altera-eabi/6.2.0/../../../../arm-altera-eabi/lib\libc.a(lib_a-mbtowc_r.o)
                0x02039654                _mbtowc_r
                0x020396a8                __ascii_mbtowc
 .text          0x020396f4       0xf0 c:/intelfpga/18.1/embedded/host_tools/mentor/gnu/arm/baremetal/bin/../lib/gcc/arm-altera-eabi/6.2.0/../../../../arm-altera-eabi/lib\libc.a(lib_a-memcmp.o)
                0x020396f4                memcmp
 .text          0x020397e4      0x114 c:/intelfpga/18.1/embedded/host_tools/mentor/gnu/arm/baremetal/bin/../lib/gcc/arm-altera-eabi/6.2.0/../../../../arm-altera-eabi/lib\libc.a(lib_a-memcpy-stub.o)
                0x020397e4                memcpy
 .text          0x020398f8      0x148 c:/intelfpga/18.1/embedded/host_tools/mentor/gnu/arm/baremetal/bin/../lib/gcc/arm-altera-eabi/6.2.0/../../../../arm-altera-eabi/lib\libc.a(lib_a-memmove.o)
                0x020398f8                memmove
 .text          0x02039a40      0x114 c:/intelfpga/18.1/embedded/host_tools/mentor/gnu/arm/baremetal/bin/../lib/gcc/arm-altera-eabi/6.2.0/../../../../arm-altera-eabi/lib\libc.a(lib_a-memset.o)
                0x02039a40                memset
 .text          0x02039b54      0x848 c:/intelfpga/18.1/embedded/host_tools/mentor/gnu/arm/baremetal/bin/../lib/gcc/arm-altera-eabi/6.2.0/../../../../arm-altera-eabi/lib\libc.a(lib_a-mktime.o)
                0x02039e90                mktime
 .text          0x0203a39c       0x30 c:/intelfpga/18.1/embedded/host_tools/mentor/gnu/arm/baremetal/bin/../lib/gcc/arm-altera-eabi/6.2.0/../../../../arm-altera-eabi/lib\libc.a(lib_a-mlock.o)
                0x0203a39c                __malloc_lock
                0x0203a3b4                __malloc_unlock
 .text.startup  0x0203a3cc       0x18 c:/intelfpga/18.1/embedded/host_tools/mentor/gnu/arm/baremetal/bin/../lib/gcc/arm-altera-eabi/6.2.0/../../../../arm-altera-eabi/lib\libc.a(lib_a-mlock.o)
 .text          0x0203a3e4       0x6c c:/intelfpga/18.1/embedded/host_tools/mentor/gnu/arm/baremetal/bin/../lib/gcc/arm-altera-eabi/6.2.0/../../../../arm-altera-eabi/lib\libc.a(lib_a-printf.o)
                0x0203a3e4                _printf_r
                0x0203a418                printf
 .text          0x0203a450      0x12c c:/intelfpga/18.1/embedded/host_tools/mentor/gnu/arm/baremetal/bin/../lib/gcc/arm-altera-eabi/6.2.0/../../../../arm-altera-eabi/lib\libc.a(lib_a-puts.o)
                0x0203a450                _puts_r
                0x0203a564                puts
 .text          0x0203a57c      0x258 c:/intelfpga/18.1/embedded/host_tools/mentor/gnu/arm/baremetal/bin/../lib/gcc/arm-altera-eabi/6.2.0/../../../../arm-altera-eabi/lib\libc.a(lib_a-setvbuf.o)
                0x0203a57c                setvbuf
 .text          0x0203a7d4       0xcc c:/intelfpga/18.1/embedded/host_tools/mentor/gnu/arm/baremetal/bin/../lib/gcc/arm-altera-eabi/6.2.0/../../../../arm-altera-eabi/lib\libc.a(lib_a-sprintf.o)
                0x0203a7d4                _sprintf_r
                0x0203a838                sprintf
 .text          0x0203a8a0       0x74 c:/intelfpga/18.1/embedded/host_tools/mentor/gnu/arm/baremetal/bin/../lib/gcc/arm-altera-eabi/6.2.0/../../../../arm-altera-eabi/lib\libc.a(lib_a-stpcpy.o)
                0x0203a8a0                stpcpy
 .text          0x0203a914      0x224 c:/intelfpga/18.1/embedded/host_tools/mentor/gnu/arm/baremetal/bin/../lib/gcc/arm-altera-eabi/6.2.0/../../../../arm-altera-eabi/lib\libc.a(lib_a-strcmp.o)
                0x0203a914                strcmp
 .text          0x0203ab38       0xf0 c:/intelfpga/18.1/embedded/host_tools/mentor/gnu/arm/baremetal/bin/../lib/gcc/arm-altera-eabi/6.2.0/../../../../arm-altera-eabi/lib\libc.a(lib_a-strcpy.o)
                0x0203ab38                strcpy
 .text          0x0203ac28       0x60 c:/intelfpga/18.1/embedded/host_tools/mentor/gnu/arm/baremetal/bin/../lib/gcc/arm-altera-eabi/6.2.0/../../../../arm-altera-eabi/lib\libc.a(lib_a-strlen-stub.o)
                0x0203ac28                strlen
 .text          0x0203ac88       0x94 c:/intelfpga/18.1/embedded/host_tools/mentor/gnu/arm/baremetal/bin/../lib/gcc/arm-altera-eabi/6.2.0/../../../../arm-altera-eabi/lib\libc.a(lib_a-strncasecmp.o)
                0x0203ac88                strncasecmp
 .text          0x0203ad1c       0xa0 c:/intelfpga/18.1/embedded/host_tools/mentor/gnu/arm/baremetal/bin/../lib/gcc/arm-altera-eabi/6.2.0/../../../../arm-altera-eabi/lib\libc.a(lib_a-strncat.o)
                0x0203ad1c                strncat
 .text          0x0203adbc      0x110 c:/intelfpga/18.1/embedded/host_tools/mentor/gnu/arm/baremetal/bin/../lib/gcc/arm-altera-eabi/6.2.0/../../../../arm-altera-eabi/lib\libc.a(lib_a-strncmp.o)
                0x0203adbc                strncmp
 .text          0x0203aecc       0xdc c:/intelfpga/18.1/embedded/host_tools/mentor/gnu/arm/baremetal/bin/../lib/gcc/arm-altera-eabi/6.2.0/../../../../arm-altera-eabi/lib\libc.a(lib_a-strncpy.o)
                0x0203aecc                strncpy
 .text          0x0203afa8       0x54 c:/intelfpga/18.1/embedded/host_tools/mentor/gnu/arm/baremetal/bin/../lib/gcc/arm-altera-eabi/6.2.0/../../../../arm-altera-eabi/lib\libc.a(lib_a-strrchr.o)
                0x0203afa8                strrchr
 .text          0x0203affc      0x834 c:/intelfpga/18.1/embedded/host_tools/mentor/gnu/arm/baremetal/bin/../lib/gcc/arm-altera-eabi/6.2.0/../../../../arm-altera-eabi/lib\libc.a(lib_a-strstr.o)
                0x0203b4b8                strstr
 .text          0x0203b830      0x308 c:/intelfpga/18.1/embedded/host_tools/mentor/gnu/arm/baremetal/bin/../lib/gcc/arm-altera-eabi/6.2.0/../../../../arm-altera-eabi/lib\libc.a(lib_a-strtol.o)
                0x0203ba50                _strtol_r
                0x0203baa4                strtol_l
                0x0203bae0                strtol
 .text          0x0203bb38      0x3c8 c:/intelfpga/18.1/embedded/host_tools/mentor/gnu/arm/baremetal/bin/../lib/gcc/arm-altera-eabi/6.2.0/../../../../arm-altera-eabi/lib\libc.a(lib_a-strtoll.o)
                0x0203be18                _strtoll_r
                0x0203be6c                strtoll_l
                0x0203bea8                strtoll
 .text          0x0203bf00      0x2d0 c:/intelfpga/18.1/embedded/host_tools/mentor/gnu/arm/baremetal/bin/../lib/gcc/arm-altera-eabi/6.2.0/../../../../arm-altera-eabi/lib\libc.a(lib_a-strtoul.o)
                0x0203c0e8                _strtoul_r
                0x0203c13c                strtoul_l
                0x0203c178                strtoul
 .text          0x0203c1d0      0x360 c:/intelfpga/18.1/embedded/host_tools/mentor/gnu/arm/baremetal/bin/../lib/gcc/arm-altera-eabi/6.2.0/../../../../arm-altera-eabi/lib\libc.a(lib_a-strtoull.o)
                0x0203c448                _strtoull_r
                0x0203c49c                strtoull_l
                0x0203c4d8                strtoull
 .text          0x0203c530     0x2030 c:/intelfpga/18.1/embedded/host_tools/mentor/gnu/arm/baremetal/bin/../lib/gcc/arm-altera-eabi/6.2.0/../../../../arm-altera-eabi/lib\libc.a(lib_a-svfprintf.o)
                0x0203c530                _svfprintf_r
 .text          0x0203e560      0x238 c:/intelfpga/18.1/embedded/host_tools/mentor/gnu/arm/baremetal/bin/../lib/gcc/arm-altera-eabi/6.2.0/../../../../arm-altera-eabi/lib\libc.a(lib_a-tzcalc_limits.o)
                0x0203e560                __tzcalc_limits
 .text          0x0203e798       0x30 c:/intelfpga/18.1/embedded/host_tools/mentor/gnu/arm/baremetal/bin/../lib/gcc/arm-altera-eabi/6.2.0/../../../../arm-altera-eabi/lib\libc.a(lib_a-tzlock.o)
                0x0203e798                __tz_lock
                0x0203e7b0                __tz_unlock
 .text.startup  0x0203e7c8       0x18 c:/intelfpga/18.1/embedded/host_tools/mentor/gnu/arm/baremetal/bin/../lib/gcc/arm-altera-eabi/6.2.0/../../../../arm-altera-eabi/lib\libc.a(lib_a-tzlock.o)
 .text          0x0203e7e0       0x30 c:/intelfpga/18.1/embedded/host_tools/mentor/gnu/arm/baremetal/bin/../lib/gcc/arm-altera-eabi/6.2.0/../../../../arm-altera-eabi/lib\libc.a(lib_a-tzset.o)
                0x0203e7e0                _tzset_unlocked
                0x0203e7f4                tzset
 .text          0x0203e810      0x4b4 c:/intelfpga/18.1/embedded/host_tools/mentor/gnu/arm/baremetal/bin/../lib/gcc/arm-altera-eabi/6.2.0/../../../../arm-altera-eabi/lib\libc.a(lib_a-tzset_r.o)
                0x0203e810                _tzset_unlocked_r
                0x0203eca4                _tzset_r
 .text          0x0203ecc4     0x22ec c:/intelfpga/18.1/embedded/host_tools/mentor/gnu/arm/baremetal/bin/../lib/gcc/arm-altera-eabi/6.2.0/../../../../arm-altera-eabi/lib\libc.a(lib_a-vfprintf.o)
                0x0203ecc4                _vfprintf_r
                0x02040eb8                vfprintf
 .text          0x02040fb0      0x154 c:/intelfpga/18.1/embedded/host_tools/mentor/gnu/arm/baremetal/bin/../lib/gcc/arm-altera-eabi/6.2.0/../../../../arm-altera-eabi/lib\libc.a(lib_a-wbuf.o)
                0x02040fb0                __swbuf_r
                0x020410e4                __swbuf
 .text          0x02041104       0x74 c:/intelfpga/18.1/embedded/host_tools/mentor/gnu/arm/baremetal/bin/../lib/gcc/arm-altera-eabi/6.2.0/../../../../arm-altera-eabi/lib\libc.a(lib_a-wctomb_r.o)
                0x02041104                _wctomb_r
                0x02041150                __ascii_wctomb
 .text          0x02041178      0x158 c:/intelfpga/18.1/embedded/host_tools/mentor/gnu/arm/baremetal/bin/../lib/gcc/arm-altera-eabi/6.2.0/../../../../arm-altera-eabi/lib\libc.a(lib_a-wsetup.o)
                0x02041178                __swsetup_r
 .text          0x020412d0      0x184 c:/intelfpga/18.1/embedded/host_tools/mentor/gnu/arm/baremetal/bin/../lib/gcc/arm-altera-eabi/6.2.0/../../../../arm-altera-eabi/lib\libc.a(lib_a-__call_atexit.o)
                0x020412d0                __call_exitprocs
 .text.startup  0x02041454       0x40 c:/intelfpga/18.1/embedded/host_tools/mentor/gnu/arm/baremetal/bin/../lib/gcc/arm-altera-eabi/6.2.0/../../../../arm-altera-eabi/lib\libc.a(lib_a-__call_atexit.o)
 .text          0x02041494       0x20 c:/intelfpga/18.1/embedded/host_tools/mentor/gnu/arm/baremetal/bin/../lib/gcc/arm-altera-eabi/6.2.0/../../../../arm-altera-eabi/lib\libc.a(lib_a-atexit.o)
                0x02041494                atexit
 .text          0x020414b4       0x64 c:/intelfpga/18.1/embedded/host_tools/mentor/gnu/arm/baremetal/bin/../lib/gcc/arm-altera-eabi/6.2.0/../../../../arm-altera-eabi/lib\libc.a(lib_a-div.o)
                0x020414b4                div
 .text          0x02041518     0x181c c:/intelfpga/18.1/embedded/host_tools/mentor/gnu/arm/baremetal/bin/../lib/gcc/arm-altera-eabi/6.2.0/../../../../arm-altera-eabi/lib\libc.a(lib_a-dtoa.o)
                0x020416f8                _dtoa_r
 .text          0x02042d34      0x314 c:/intelfpga/18.1/embedded/host_tools/mentor/gnu/arm/baremetal/bin/../lib/gcc/arm-altera-eabi/6.2.0/../../../../arm-altera-eabi/lib\libc.a(lib_a-fflush.o)
                0x02042d34                __sflush_r
                0x02042f70                _fflush_r
                0x0204300c                fflush
 .text          0x02043048      0x3e4 c:/intelfpga/18.1/embedded/host_tools/mentor/gnu/arm/baremetal/bin/../lib/gcc/arm-altera-eabi/6.2.0/../../../../arm-altera-eabi/lib\libc.a(lib_a-findfp.o)
                0x02043048                _cleanup_r
                0x02043154                __sfmoreglue
                0x020431a4                _cleanup
                0x020431c8                __sinit
                0x0204325c                __sfp
                0x0204337c                __sfp_lock_acquire
                0x02043394                __sfp_lock_release
                0x020433ac                __sinit_lock_acquire
                0x020433c4                __sinit_lock_release
                0x020433dc                __fp_lock_all
                0x02043404                __fp_unlock_all
 .text.startup  0x0204342c       0x30 c:/intelfpga/18.1/embedded/host_tools/mentor/gnu/arm/baremetal/bin/../lib/gcc/arm-altera-eabi/6.2.0/../../../../arm-altera-eabi/lib\libc.a(lib_a-findfp.o)
 .text          0x0204345c       0x48 c:/intelfpga/18.1/embedded/host_tools/mentor/gnu/arm/baremetal/bin/../lib/gcc/arm-altera-eabi/6.2.0/../../../../arm-altera-eabi/lib\libc.a(lib_a-fini.o)
                0x0204345c                __libc_fini_array
 .text          0x020434a4      0x3e0 c:/intelfpga/18.1/embedded/host_tools/mentor/gnu/arm/baremetal/bin/../lib/gcc/arm-altera-eabi/6.2.0/../../../../arm-altera-eabi/lib\libc.a(lib_a-freer.o)
                0x020434a4                _malloc_trim_r
                0x020435a4                _free_r
 .text          0x02043884      0x4dc c:/intelfpga/18.1/embedded/host_tools/mentor/gnu/arm/baremetal/bin/../lib/gcc/arm-altera-eabi/6.2.0/../../../../arm-altera-eabi/lib\libc.a(lib_a-fvwrite.o)
                0x02043884                __sfvwrite_r
 .text          0x02043d60      0x110 c:/intelfpga/18.1/embedded/host_tools/mentor/gnu/arm/baremetal/bin/../lib/gcc/arm-altera-eabi/6.2.0/../../../../arm-altera-eabi/lib\libc.a(lib_a-fwalk.o)
                0x02043d60                _fwalk
                0x02043de4                _fwalk_reent
 .text          0x02043e70       0xec c:/intelfpga/18.1/embedded/host_tools/mentor/gnu/arm/baremetal/bin/../lib/gcc/arm-altera-eabi/6.2.0/../../../../arm-altera-eabi/lib\libc.a(lib_a-getenv_r.o)
                0x02043e70                _findenv_r
                0x02043f40                _getenv_r
 .text          0x02043f5c        0xc c:/intelfpga/18.1/embedded/host_tools/mentor/gnu/arm/baremetal/bin/../lib/gcc/arm-altera-eabi/6.2.0/../../../../arm-altera-eabi/lib\libc.a(lib_a-gettzinfo.o)
                0x02043f5c                __gettzinfo
 .text          0x02043f68       0x58 c:/intelfpga/18.1/embedded/host_tools/mentor/gnu/arm/baremetal/bin/../lib/gcc/arm-altera-eabi/6.2.0/../../../../arm-altera-eabi/lib\libc.a(lib_a-localeconv.o)
                0x02043f68                __localeconv_l
                0x02043f70                _localeconv_r
                0x02043f98                localeconv
 .text          0x02043fc0      0x18c c:/intelfpga/18.1/embedded/host_tools/mentor/gnu/arm/baremetal/bin/../lib/gcc/arm-altera-eabi/6.2.0/../../../../arm-altera-eabi/lib\libc.a(lib_a-makebuf.o)
                0x02043fc0                __swhatbuf_r
                0x02044060                __smakebuf_r
 .text          0x0204414c      0x110 c:/intelfpga/18.1/embedded/host_tools/mentor/gnu/arm/baremetal/bin/../lib/gcc/arm-altera-eabi/6.2.0/../../../../arm-altera-eabi/lib\libc.a(lib_a-memchr-stub.o)
                0x0204414c                memchr
 .text          0x0204425c      0xd98 c:/intelfpga/18.1/embedded/host_tools/mentor/gnu/arm/baremetal/bin/../lib/gcc/arm-altera-eabi/6.2.0/../../../../arm-altera-eabi/lib\libc.a(lib_a-mprec.o)
                0x0204425c                _Balloc
                0x020442e8                _Bfree
                0x02044304                __multadd
                0x020443e0                __s2b
                0x020444d0                __hi0bits
                0x02044528                __lo0bits
                0x020445c8                __i2b
                0x020445ec                __multiply
                0x020447bc                __pow5mult
                0x020448c0                __lshift
                0x020449a8                __mcmp
                0x02044a08                __mdiff
                0x02044bb0                __ulp
                0x02044c18                __b2d
                0x02044d04                __d2b
                0x02044e14                __ratio
                0x02044ea4                _mprec_log10
                0x02044f04                __copybits
                0x02044f74                __any_on
 .text          0x02044ff4      0x4d4 c:/intelfpga/18.1/embedded/host_tools/mentor/gnu/arm/baremetal/bin/../lib/gcc/arm-altera-eabi/6.2.0/../../../../arm-altera-eabi/lib\libc.a(lib_a-reallocr.o)
                0x02044ff4                _realloc_r
 .text          0x020454c8       0xf4 c:/intelfpga/18.1/embedded/host_tools/mentor/gnu/arm/baremetal/bin/../lib/gcc/arm-altera-eabi/6.2.0/../../../../arm-altera-eabi/lib\libc.a(lib_a-siscanf.o)
                0x020454c8                siscanf
                0x0204553c                _siscanf_r
 .text          0x020455bc       0xd8 c:/intelfpga/18.1/embedded/host_tools/mentor/gnu/arm/baremetal/bin/../lib/gcc/arm-altera-eabi/6.2.0/../../../../arm-altera-eabi/lib\libc.a(lib_a-stdio.o)
                0x020455bc                __sread
                0x020455f0                __seofread
                0x020455f8                __swrite
                0x02045650                __sseek
                0x02045680                __sclose
 .text          0x02045694      0x1ac c:/intelfpga/18.1/embedded/host_tools/mentor/gnu/arm/baremetal/bin/../lib/gcc/arm-altera-eabi/6.2.0/../../../../arm-altera-eabi/lib\libc.a(lib_a-strchr.o)
                0x02045694                strchr
 .text          0x02045840     0x11e0 c:/intelfpga/18.1/embedded/host_tools/mentor/gnu/arm/baremetal/bin/../lib/gcc/arm-altera-eabi/6.2.0/../../../../arm-altera-eabi/lib\libc.a(lib_a-svfiprintf.o)
                0x02045840                __ssprint_r
                0x020459d0                _svfiprintf_r
 .text          0x02046a20     0x11ac c:/intelfpga/18.1/embedded/host_tools/mentor/gnu/arm/baremetal/bin/../lib/gcc/arm-altera-eabi/6.2.0/../../../../arm-altera-eabi/lib\libc.a(lib_a-svfiscanf.o)
                0x02046a20                _sungetc_r
                0x02046b10                __ssrefill_r
                0x02046b7c                _sfread_r
                0x02046c4c                __ssvfiscanf_r
 .text          0x02047bcc      0x2f0 c:/intelfpga/18.1/embedded/host_tools/mentor/gnu/arm/baremetal/bin/../lib/gcc/arm-altera-eabi/6.2.0/../../../../arm-altera-eabi/lib\libc.a(lib_a-ungetc.o)
                0x02047bcc                __submore
                0x02047c7c                _ungetc_r
                0x02047e9c                ungetc
 .text          0x02047ebc     0x14c4 c:/intelfpga/18.1/embedded/host_tools/mentor/gnu/arm/baremetal/bin/../lib/gcc/arm-altera-eabi/6.2.0/../../../../arm-altera-eabi/lib\libc.a(lib_a-vfiprintf.o)
                0x02047f6c                __sprint_r
                0x02047f84                _vfiprintf_r
                0x02049288                vfiprintf
 .text          0x02049380       0xfc c:/intelfpga/18.1/embedded/host_tools/mentor/gnu/arm/baremetal/bin/../lib/gcc/arm-altera-eabi/6.2.0/../../../../arm-altera-eabi/lib\libc.a(lib_a-__atexit.o)
                0x02049380                __register_exitproc
 .text          0x0204947c       0x30 c:/intelfpga/18.1/embedded/host_tools/mentor/gnu/arm/baremetal/bin/../lib/gcc/arm-altera-eabi/6.2.0/../../../../arm-altera-eabi/lib\libc.a(lib_a-envlock.o)
                0x0204947c                __env_lock
                0x02049494                __env_unlock
 .text.startup  0x020494ac       0x18 c:/intelfpga/18.1/embedded/host_tools/mentor/gnu/arm/baremetal/bin/../lib/gcc/arm-altera-eabi/6.2.0/../../../../arm-altera-eabi/lib\libc.a(lib_a-envlock.o)
 .text          0x020494c4      0x180 c:/intelfpga/18.1/embedded/host_tools/mentor/gnu/arm/baremetal/bin/../lib/gcc/arm-altera-eabi/6.2.0/../../../../arm-altera-eabi/lib\libc.a(lib_a-fclose.o)
                0x020494c4                _fclose_r
                0x0204962c                fclose
 .text          0x02049644      0x204 c:/intelfpga/18.1/embedded/host_tools/mentor/gnu/arm/baremetal/bin/../lib/gcc/arm-altera-eabi/6.2.0/../../../../arm-altera-eabi/lib\libc.a(lib_a-fputwc.o)
                0x02049644                __fputwc
                0x02049754                _fputwc_r
                0x02049810                fputwc
 .text          0x02049848       0x30 c:/intelfpga/18.1/embedded/host_tools/mentor/gnu/arm/baremetal/bin/../lib/gcc/arm-altera-eabi/6.2.0/../../../../arm-altera-eabi/lib\libc.a(lib_a-iswspace.o)
                0x02049848                iswspace
 .text          0x02049878      0x170 c:/intelfpga/18.1/embedded/host_tools/mentor/gnu/arm/baremetal/bin/../lib/gcc/arm-altera-eabi/6.2.0/../../../../arm-altera-eabi/lib\libc.a(lib_a-mbrtowc.o)
                0x02049878                _mbrtowc_r
                0x0204992c                mbrtowc
 .text          0x020499e8       0xd0 c:/intelfpga/18.1/embedded/host_tools/mentor/gnu/arm/baremetal/bin/../lib/gcc/arm-altera-eabi/6.2.0/../../../../arm-altera-eabi/lib\libc.a(lib_a-sccl.o)
                0x020499e8                __sccl
 .text          0x02049ab8      0x150 c:/intelfpga/18.1/embedded/host_tools/mentor/gnu/arm/baremetal/bin/../lib/gcc/arm-altera-eabi/6.2.0/../../../../arm-altera-eabi/lib\libc.a(lib_a-wcrtomb.o)
                0x02049ab8                _wcrtomb_r
                0x02049b5c                wcrtomb
 .text          0x02049c08      0x41c c:/intelfpga/18.1/embedded/host_tools/mentor/gnu/arm/baremetal/bin/../lib/gcc/arm-altera-eabi/6.2.0\libgcc.a(_arm_addsubdf3.o)
                0x02049c08                __aeabi_drsub
                0x02049c10                __aeabi_dsub
                0x02049c10                __subdf3
                0x02049c14                __aeabi_dadd
                0x02049c14                __adddf3
                0x02049f24                __floatunsidf
                0x02049f24                __aeabi_ui2d
                0x02049f48                __floatsidf
                0x02049f48                __aeabi_i2d
                0x02049f70                __aeabi_f2d
                0x02049f70                __extendsfdf2
                0x02049fb0                __floatundidf
                0x02049fb0                __aeabi_ul2d
                0x02049fc4                __floatdidf
                0x02049fc4                __aeabi_l2d
 .text          0x0204a024      0x49c c:/intelfpga/18.1/embedded/host_tools/mentor/gnu/arm/baremetal/bin/../lib/gcc/arm-altera-eabi/6.2.0\libgcc.a(_arm_muldivdf3.o)
                0x0204a024                __aeabi_dmul
                0x0204a024                __muldf3
                0x0204a2b4                __divdf3
                0x0204a2b4                __aeabi_ddiv
 .text          0x0204a4c0      0x144 c:/intelfpga/18.1/embedded/host_tools/mentor/gnu/arm/baremetal/bin/../lib/gcc/arm-altera-eabi/6.2.0\libgcc.a(_arm_cmpdf2.o)
                0x0204a4c0                __gtdf2
                0x0204a4c0                __gedf2
                0x0204a4c8                __ltdf2
                0x0204a4c8                __ledf2
                0x0204a4d0                __nedf2
                0x0204a4d0                __eqdf2
                0x0204a4d0                __cmpdf2
                0x0204a558                __aeabi_cdrcmple
                0x0204a574                __aeabi_cdcmpeq
                0x0204a574                __aeabi_cdcmple
                0x0204a58c                __aeabi_dcmpeq
                0x0204a5a4                __aeabi_dcmplt
                0x0204a5bc                __aeabi_dcmple
                0x0204a5d4                __aeabi_dcmpge
                0x0204a5ec                __aeabi_dcmpgt
 .text          0x0204a604       0x38 c:/intelfpga/18.1/embedded/host_tools/mentor/gnu/arm/baremetal/bin/../lib/gcc/arm-altera-eabi/6.2.0\libgcc.a(_arm_unorddf2.o)
                0x0204a604                __unorddf2
                0x0204a604                __aeabi_dcmpun
 .text          0x0204a63c       0x5c c:/intelfpga/18.1/embedded/host_tools/mentor/gnu/arm/baremetal/bin/../lib/gcc/arm-altera-eabi/6.2.0\libgcc.a(_arm_fixdfsi.o)
                0x0204a63c                __aeabi_d2iz
                0x0204a63c                __fixdfsi
 .text          0x0204a698       0x58 c:/intelfpga/18.1/embedded/host_tools/mentor/gnu/arm/baremetal/bin/../lib/gcc/arm-altera-eabi/6.2.0\libgcc.a(gthr-generic.o)
                0x0204a698                __generic_gxx_active_p
                0x0204a6a0                __generic_gxx_key_create
                0x0204a6a8                __generic_gxx_once
                0x0204a6ac                __generic_gxx_key_delete
                0x0204a6b4                __generic_gxx_getspecific
                0x0204a6bc                __generic_gxx_setspecific
                0x0204a6c4                __generic_gxx_recursive_mutex_init_function
                0x0204a6c8                __generic_gxx_mutex_init_function
                0x0204a6cc                __generic_gxx_recursive_mutex_destroy
                0x0204a6d4                __generic_gxx_recursive_mutex_unlock
                0x0204a6d8                __generic_gxx_recursive_mutex_trylock
                0x0204a6dc                __generic_gxx_recursive_mutex_lock
                0x0204a6e0                __generic_gxx_mutex_unlock
                0x0204a6e4                __generic_gxx_mutex_trylock
                0x0204a6e8                __generic_gxx_mutex_lock
                0x0204a6ec                __generic_gxx_mutex_destroy
 *(.plt)
 *(.gnu.warning)
 *(.glue_7t)
 .glue_7t       0x0204a6f0        0x0 linker stubs
 *(.glue_7)
 .glue_7        0x0204a6f0        0x0 linker stubs
 *(.vfp11_veneer)
 .vfp11_veneer  0x0204a6f0        0x0 linker stubs
 *(.ARM.extab* .gnu.linkonce.armextab.*)
 *(.gcc_except_table)

.v4_bx          0x0204a6f0        0x0
 .v4_bx         0x0204a6f0        0x0 linker stubs

.iplt           0x0204a6f0        0x0
 .iplt          0x0204a6f0        0x0 c:/intelfpga/18.1/embedded/host_tools/mentor/gnu/arm/baremetal/bin/../lib/gcc/arm-altera-eabi/6.2.0/crtbegin.o

.eh_frame_hdr
 *(.eh_frame_hdr)
 *(.eh_frame_entry .eh_frame_entry.*)

.eh_frame       0x0204a6f0        0x4
 *(.eh_frame)
 .eh_frame      0x0204a6f0        0x0 c:/intelfpga/18.1/embedded/host_tools/mentor/gnu/arm/baremetal/bin/../lib/gcc/arm-altera-eabi/6.2.0/crtbegin.o
 .eh_frame      0x0204a6f0        0x4 c:/intelfpga/18.1/embedded/host_tools/mentor/gnu/arm/baremetal/bin/../lib/gcc/arm-altera-eabi/6.2.0/crtend.o
 *(.eh_frame.*)
                [!provide]                PROVIDE (__exidx_start, .)

.ARM.exidx      0x0204a6f4        0x8
 *(.ARM.exidx* .gnu.linkonce.armexidx.*)
 .ARM.exidx     0x0204a6f4        0x8 c:/intelfpga/18.1/embedded/host_tools/mentor/gnu/arm/baremetal/bin/../lib/gcc/arm-altera-eabi/6.2.0\libgcc.a(_udivmoddi4.o)
                [!provide]                PROVIDE (__exidx_end, .)

.rel.dyn        0x0204a6fc        0x0
 .rel.iplt      0x0204a6fc        0x0 c:/intelfpga/18.1/embedded/host_tools/mentor/gnu/arm/baremetal/bin/../lib/gcc/arm-altera-eabi/6.2.0/crtbegin.o

.rodata         0x0204a700     0xcb20
 *(.rodata .rodata.* .gnu.linkonce.r.*)
 .rodata.main.str1.4
                0x0204a700       0x96 main_mAbassi.o
 *fill*         0x0204a796        0x2 
 .rodata        0x0204a798        0xc myApp_MTL.o
 .rodata.Task_HPS_Led.str1.4
                0x0204a7a4       0x69 myApp_MTL.o
 *fill*         0x0204a80d        0x3 
 .rodata.Task_MTL.str1.4
                0x0204a810       0x65 myApp_MTL.o
 *fill*         0x0204a875        0x3 
 .rodata.Task_TXRX.str1.4
                0x0204a878       0xcf myApp_MTL.o
 *fill*         0x0204a947        0x1 
 .rodata.button_CallbackInterrupt.str1.4
                0x0204a948       0x1e myApp_MTL.o
 *fill*         0x0204a966        0x2 
 .rodata.dma_init.str1.4
                0x0204a968        0x4 arm_pl330.o
 *fill*         0x0204a96c        0x4 
 .rodata.g_DmaNames
                0x0204a970        0x5 arm_pl330.o
 *fill*         0x0204a975        0x3 
 .rodata.g_SemNames
                0x0204a978       0x38 arm_pl330.o
 .rodata.g_DMAchan
                0x0204a9b0       0x20 dw_i2c.o
 .rodata.g_DevReMap
                0x0204a9d0       0x10 dw_i2c.o
 .rodata.g_HWaddr
                0x0204a9e0       0x10 dw_i2c.o
 .rodata.g_MuxIO
                0x0204a9f0       0xc0 dw_i2c.o
 .rodata.g_Names
                0x0204aab0       0x40 dw_i2c.o
 .rodata.BSecho.7309
                0x0204aaf0        0x2 dw_uart.o
 *fill*         0x0204aaf2        0x6 
 .rodata.g_DevReMap
                0x0204aaf8        0x8 dw_uart.o
 .rodata.g_HWaddr
                0x0204ab00        0x8 dw_uart.o
 .rodata.g_Names
                0x0204ab08       0x40 dw_uart.o
 .rodata.MEDIAinit.str1.4
                0x0204ab48       0x7b MediaIF.o
 *fill*         0x0204abc3        0x1 
 .rodata.MEDIAread.str1.4
                0x0204abc4       0x8b MediaIF.o
 *fill*         0x0204ac4f        0x1 
 .rodata.MEDIAwrite.str1.4
                0x0204ac50       0x90 MediaIF.o
 .rodata.SDprepData.isra.1.constprop.6.str1.4
                0x0204ace0       0x9e dw_sdmmc.o
 *fill*         0x0204ad7e        0x2 
 .rodata.g_FreqBase
                0x0204ad80       0x10 dw_sdmmc.o
 .rodata.g_Names
                0x0204ad90        0x8 dw_sdmmc.o
 .rodata.g_SpeedMult
                0x0204ad98       0x40 dw_sdmmc.o
 .rodata.mmc_init.str1.4
                0x0204add8      0x53e dw_sdmmc.o
 *fill*         0x0204b316        0x2 
 .rodata.mmc_sendcmd.constprop.3.str1.4
                0x0204b318       0x8f dw_sdmmc.o
 *fill*         0x0204b3a7        0x1 
 .rodata.mmc_sendcmd.constprop.5.str1.4
                0x0204b3a8      0x159 dw_sdmmc.o
 *fill*         0x0204b501        0x3 
 .rodata.mmc_sendstatus.str1.4
                0x0204b504       0x67 dw_sdmmc.o
 *fill*         0x0204b56b        0x5 
 .rodata.ExCvt  0x0204b570       0x80 ff.o
 .rodata.LfnOfs
                0x0204b5f0        0xd ff.o
 *fill*         0x0204b5fd        0x3 
 .rodata.follow_path.str1.4
                0x0204b600       0x13 ff.o
 *fill*         0x0204b613        0x5 
 .rodata.cvt1.7491
                0x0204b618      0x1f2 ffunicode.o
 *fill*         0x0204b80a        0x6 
 .rodata.cvt2.7492
                0x0204b810       0xbc ffunicode.o
 *fill*         0x0204b8cc        0x4 
 .rodata.uc437  0x0204b8d0      0x100 ffunicode.o
 .rodata.disk_status.str1.4
                0x0204b9d0       0x13 Media_FatFS.o
                                  0x6 (size before relaxing)
 .rodata.LogPath.str1.4
                0x0204b9d0        0x8 SysCall_FatFS.o
 .rodata.RealPath.str1.4
                0x0204b9d8       0x15 SysCall_FatFS.o
 *fill*         0x0204b9ed        0x3 
 .rodata.SysCallInit.str1.4
                0x0204b9f0       0x27 SysCall_FatFS.o
 *fill*         0x0204ba17        0x1 
 .rodata.tahomabold_20_100
                0x0204ba18      0x152 tahomabold_20.o
 *fill*         0x0204bb6a        0x6 
 .rodata.tahomabold_20_101
                0x0204bb70      0x138 tahomabold_20.o
 .rodata.tahomabold_20_102
                0x0204bca8       0xd0 tahomabold_20.o
 .rodata.tahomabold_20_103
                0x0204bd78      0x152 tahomabold_20.o
 *fill*         0x0204beca        0x6 
 .rodata.tahomabold_20_104
                0x0204bed0      0x152 tahomabold_20.o
 *fill*         0x0204c022        0x6 
 .rodata.tahomabold_20_105
                0x0204c028       0x9c tahomabold_20.o
 *fill*         0x0204c0c4        0x4 
 .rodata.tahomabold_20_106
                0x0204c0c8       0xea tahomabold_20.o
 *fill*         0x0204c1b2        0x6 
 .rodata.tahomabold_20_107
                0x0204c1b8      0x138 tahomabold_20.o
 .rodata.tahomabold_20_108
                0x0204c2f0       0x9c tahomabold_20.o
 *fill*         0x0204c38c        0x4 
 .rodata.tahomabold_20_109
                0x0204c390      0x1ee tahomabold_20.o
 *fill*         0x0204c57e        0x2 
 .rodata.tahomabold_20_110
                0x0204c580      0x152 tahomabold_20.o
 *fill*         0x0204c6d2        0x6 
 .rodata.tahomabold_20_111
                0x0204c6d8      0x138 tahomabold_20.o
 .rodata.tahomabold_20_112
                0x0204c810      0x152 tahomabold_20.o
 *fill*         0x0204c962        0x6 
 .rodata.tahomabold_20_113
                0x0204c968      0x152 tahomabold_20.o
 *fill*         0x0204caba        0x6 
 .rodata.tahomabold_20_114
                0x0204cac0       0xea tahomabold_20.o
 *fill*         0x0204cbaa        0x6 
 .rodata.tahomabold_20_115
                0x0204cbb0      0x104 tahomabold_20.o
 *fill*         0x0204ccb4        0x4 
 .rodata.tahomabold_20_116
                0x0204ccb8       0xd0 tahomabold_20.o
 .rodata.tahomabold_20_117
                0x0204cd88      0x152 tahomabold_20.o
 *fill*         0x0204ceda        0x6 
 .rodata.tahomabold_20_118
                0x0204cee0      0x138 tahomabold_20.o
 .rodata.tahomabold_20_119
                0x0204d018      0x1d4 tahomabold_20.o
 *fill*         0x0204d1ec        0x4 
 .rodata.tahomabold_20_120
                0x0204d1f0      0x138 tahomabold_20.o
 .rodata.tahomabold_20_121
                0x0204d328      0x138 tahomabold_20.o
 .rodata.tahomabold_20_122
                0x0204d460      0x11e tahomabold_20.o
 *fill*         0x0204d57e        0x2 
 .rodata.tahomabold_20_123
                0x0204d580      0x138 tahomabold_20.o
 .rodata.tahomabold_20_124
                0x0204d6b8      0x152 tahomabold_20.o
 *fill*         0x0204d80a        0x6 
 .rodata.tahomabold_20_125
                0x0204d810      0x138 tahomabold_20.o
 .rodata.tahomabold_20_126
                0x0204d948      0x1a0 tahomabold_20.o
 .rodata.tahomabold_20_33
                0x0204dae8       0xb6 tahomabold_20.o
 *fill*         0x0204db9e        0x2 
 .rodata.tahomabold_20_34
                0x0204dba0      0x104 tahomabold_20.o
 *fill*         0x0204dca4        0x4 
 .rodata.tahomabold_20_35
                0x0204dca8      0x1a0 tahomabold_20.o
 .rodata.tahomabold_20_36
                0x0204de48      0x152 tahomabold_20.o
 *fill*         0x0204df9a        0x6 
 .rodata.tahomabold_20_37
                0x0204dfa0      0x270 tahomabold_20.o
 .rodata.tahomabold_20_38
                0x0204e210      0x1ba tahomabold_20.o
 *fill*         0x0204e3ca        0x6 
 .rodata.tahomabold_20_39
                0x0204e3d0       0x9c tahomabold_20.o
 *fill*         0x0204e46c        0x4 
 .rodata.tahomabold_20_40
                0x0204e470       0xea tahomabold_20.o
 *fill*         0x0204e55a        0x6 
 .rodata.tahomabold_20_41
                0x0204e560       0xea tahomabold_20.o
 *fill*         0x0204e64a        0x6 
 .rodata.tahomabold_20_42
                0x0204e650      0x152 tahomabold_20.o
 *fill*         0x0204e7a2        0x6 
 .rodata.tahomabold_20_43
                0x0204e7a8      0x1a0 tahomabold_20.o
 .rodata.tahomabold_20_44
                0x0204e948       0x9c tahomabold_20.o
 *fill*         0x0204e9e4        0x4 
 .rodata.tahomabold_20_45
                0x0204e9e8       0xea tahomabold_20.o
 *fill*         0x0204ead2        0x6 
 .rodata.tahomabold_20_46
                0x0204ead8       0x9c tahomabold_20.o
 *fill*         0x0204eb74        0x4 
 .rodata.tahomabold_20_47
                0x0204eb78      0x138 tahomabold_20.o
 .rodata.tahomabold_20_48
                0x0204ecb0      0x152 tahomabold_20.o
 *fill*         0x0204ee02        0x6 
 .rodata.tahomabold_20_49
                0x0204ee08      0x152 tahomabold_20.o
 *fill*         0x0204ef5a        0x6 
 .rodata.tahomabold_20_50
                0x0204ef60      0x152 tahomabold_20.o
 *fill*         0x0204f0b2        0x6 
 .rodata.tahomabold_20_51
                0x0204f0b8      0x152 tahomabold_20.o
 *fill*         0x0204f20a        0x6 
 .rodata.tahomabold_20_52
                0x0204f210      0x152 tahomabold_20.o
 *fill*         0x0204f362        0x6 
 .rodata.tahomabold_20_53
                0x0204f368      0x152 tahomabold_20.o
 *fill*         0x0204f4ba        0x6 
 .rodata.tahomabold_20_54
                0x0204f4c0      0x152 tahomabold_20.o
 *fill*         0x0204f612        0x6 
 .rodata.tahomabold_20_55
                0x0204f618      0x152 tahomabold_20.o
 *fill*         0x0204f76a        0x6 
 .rodata.tahomabold_20_56
                0x0204f770      0x152 tahomabold_20.o
 *fill*         0x0204f8c2        0x6 
 .rodata.tahomabold_20_57
                0x0204f8c8      0x152 tahomabold_20.o
 *fill*         0x0204fa1a        0x6 
 .rodata.tahomabold_20_58
                0x0204fa20       0xb6 tahomabold_20.o
 *fill*         0x0204fad6        0x2 
 .rodata.tahomabold_20_59
                0x0204fad8       0xb6 tahomabold_20.o
 *fill*         0x0204fb8e        0x2 
 .rodata.tahomabold_20_60
                0x0204fb90      0x1a0 tahomabold_20.o
 .rodata.tahomabold_20_61
                0x0204fd30      0x1a0 tahomabold_20.o
 .rodata.tahomabold_20_62
                0x0204fed0      0x1a0 tahomabold_20.o
 .rodata.tahomabold_20_63
                0x02050070      0x11e tahomabold_20.o
 *fill*         0x0205018e        0x2 
 .rodata.tahomabold_20_64
                0x02050190      0x1d4 tahomabold_20.o
 *fill*         0x02050364        0x4 
 .rodata.tahomabold_20_65
                0x02050368      0x16c tahomabold_20.o
 *fill*         0x020504d4        0x4 
 .rodata.tahomabold_20_66
                0x020504d8      0x16c tahomabold_20.o
 *fill*         0x02050644        0x4 
 .rodata.tahomabold_20_67
                0x02050648      0x152 tahomabold_20.o
 *fill*         0x0205079a        0x6 
 .rodata.tahomabold_20_68
                0x020507a0      0x186 tahomabold_20.o