Archive member included to satisfy reference by file (symbol)

../../mAbassi/Platform/lib\lib_mAbassi_EVAL_GCC_AR5_CY5.a(mAbassi_EVAL_A9_GCC_2_NR.o)
                              Shell.o (TSKgetID)
../../mAbassi/Platform/lib\lib_mAbassi_EVAL_GCC_AR5_CY5.a(mAbassi_EVAL_GCC_AR5_CY5_NR.o)
                              (_vector_table)
../../mAbassi/Platform/lib\lib_mAbassi_EVAL_GCC_AR5_CY5.a(ARMv7_SMP_L1_L2_GCC_AR5_CY5.o)
                              ../../mAbassi/Platform/lib\lib_mAbassi_EVAL_GCC_AR5_CY5.a(mAbassi_EVAL_GCC_AR5_CY5_NR.o) (COREcacheON)
c:/intelfpga/18.1/embedded/host_tools/mentor/gnu/arm/baremetal/bin/../lib/gcc/arm-altera-eabi/6.2.0/../../../../arm-altera-eabi/lib\libcs3.a(start_c.o)
                              (__cs3_start_c)
c:/intelfpga/18.1/embedded/host_tools/mentor/gnu/arm/baremetal/bin/../lib/gcc/arm-altera-eabi/6.2.0/../../../../arm-altera-eabi/lib\libcs3unhosted.a(unhosted-start.o)
                              ../../mAbassi/Platform/lib\lib_mAbassi_EVAL_GCC_AR5_CY5.a(mAbassi_EVAL_GCC_AR5_CY5_NR.o) (_start)
c:/intelfpga/18.1/embedded/host_tools/mentor/gnu/arm/baremetal/bin/../lib/gcc/arm-altera-eabi/6.2.0\libgcc.a(_udivsi3.o)
                              myApp_MTL.o (__aeabi_uidiv)
c:/intelfpga/18.1/embedded/host_tools/mentor/gnu/arm/baremetal/bin/../lib/gcc/arm-altera-eabi/6.2.0\libgcc.a(_divsi3.o)
                              arm_pl330.o (__aeabi_idiv)
c:/intelfpga/18.1/embedded/host_tools/mentor/gnu/arm/baremetal/bin/../lib/gcc/arm-altera-eabi/6.2.0\libgcc.a(_dvmd_tls.o)
                              c:/intelfpga/18.1/embedded/host_tools/mentor/gnu/arm/baremetal/bin/../lib/gcc/arm-altera-eabi/6.2.0\libgcc.a(_udivsi3.o) (__aeabi_idiv0)
c:/intelfpga/18.1/embedded/host_tools/mentor/gnu/arm/baremetal/bin/../lib/gcc/arm-altera-eabi/6.2.0\libgcc.a(_aeabi_ldivmod.o)
                              Media_FatFS.o (__aeabi_ldivmod)
c:/intelfpga/18.1/embedded/host_tools/mentor/gnu/arm/baremetal/bin/../lib/gcc/arm-altera-eabi/6.2.0\libgcc.a(_aeabi_uldivmod.o)
                              ff.o (__aeabi_uldivmod)
c:/intelfpga/18.1/embedded/host_tools/mentor/gnu/arm/baremetal/bin/../lib/gcc/arm-altera-eabi/6.2.0\libgcc.a(_udivmoddi4.o)
                              c:/intelfpga/18.1/embedded/host_tools/mentor/gnu/arm/baremetal/bin/../lib/gcc/arm-altera-eabi/6.2.0\libgcc.a(_aeabi_ldivmod.o) (__udivmoddi4)
c:/intelfpga/18.1/embedded/host_tools/mentor/gnu/arm/baremetal/bin/../lib/gcc/arm-altera-eabi/6.2.0\libgcc.a(_clzdi2.o)
                              c:/intelfpga/18.1/embedded/host_tools/mentor/gnu/arm/baremetal/bin/../lib/gcc/arm-altera-eabi/6.2.0\libgcc.a(_udivmoddi4.o) (__clzdi2)
c:/intelfpga/18.1/embedded/host_tools/mentor/gnu/arm/baremetal/bin/../lib/gcc/arm-altera-eabi/6.2.0\libgcc.a(_clzsi2.o)
                              c:/intelfpga/18.1/embedded/host_tools/mentor/gnu/arm/baremetal/bin/../lib/gcc/arm-altera-eabi/6.2.0\libgcc.a(_clzdi2.o) (__clzsi2)
c:/intelfpga/18.1/embedded/host_tools/mentor/gnu/arm/baremetal/bin/../lib/gcc/arm-altera-eabi/6.2.0/../../../../arm-altera-eabi/lib\libc.a(lib_a-calloc.o)
                              queue.o (calloc)
c:/intelfpga/18.1/embedded/host_tools/mentor/gnu/arm/baremetal/bin/../lib/gcc/arm-altera-eabi/6.2.0/../../../../arm-altera-eabi/lib\libc.a(lib_a-callocr.o)
                              c:/intelfpga/18.1/embedded/host_tools/mentor/gnu/arm/baremetal/bin/../lib/gcc/arm-altera-eabi/6.2.0/../../../../arm-altera-eabi/lib\libc.a(lib_a-calloc.o) (_calloc_r)
c:/intelfpga/18.1/embedded/host_tools/mentor/gnu/arm/baremetal/bin/../lib/gcc/arm-altera-eabi/6.2.0/../../../../arm-altera-eabi/lib\libc.a(lib_a-errno.o)
                              SysCall_CY5.o (__errno)
c:/intelfpga/18.1/embedded/host_tools/mentor/gnu/arm/baremetal/bin/../lib/gcc/arm-altera-eabi/6.2.0/../../../../arm-altera-eabi/lib\libc.a(lib_a-exit.o)
                              myApp_MTL.o (exit)
c:/intelfpga/18.1/embedded/host_tools/mentor/gnu/arm/baremetal/bin/../lib/gcc/arm-altera-eabi/6.2.0/../../../../arm-altera-eabi/lib\libc.a(lib_a-getreent.o)
                              main_mAbassi.o (__getreent)
c:/intelfpga/18.1/embedded/host_tools/mentor/gnu/arm/baremetal/bin/../lib/gcc/arm-altera-eabi/6.2.0/../../../../arm-altera-eabi/lib\libc.a(lib_a-impure.o)
                              c:/intelfpga/18.1/embedded/host_tools/mentor/gnu/arm/baremetal/bin/../lib/gcc/arm-altera-eabi/6.2.0/../../../../arm-altera-eabi/lib\libc.a(lib_a-exit.o) (_global_impure_ptr)
c:/intelfpga/18.1/embedded/host_tools/mentor/gnu/arm/baremetal/bin/../lib/gcc/arm-altera-eabi/6.2.0/../../../../arm-altera-eabi/lib\libc.a(lib_a-init.o)
                              c:/intelfpga/18.1/embedded/host_tools/mentor/gnu/arm/baremetal/bin/../lib/gcc/arm-altera-eabi/6.2.0/../../../../arm-altera-eabi/lib\libcs3.a(start_c.o) (__libc_init_array)
c:/intelfpga/18.1/embedded/host_tools/mentor/gnu/arm/baremetal/bin/../lib/gcc/arm-altera-eabi/6.2.0/../../../../arm-altera-eabi/lib\libc.a(lib_a-locale.o)
[...]
Memory Configuration

Name             Origin             Length             Attributes
ram              0x02000000         0x1e000000         xrw
uram             0xffff0000         0x00010000         xrw
*default*        0x00000000         0xffffffff

Linker script and memory map

LOAD c:/intelfpga/18.1/embedded/host_tools/mentor/gnu/arm/baremetal/bin/../lib/gcc/arm-altera-eabi/6.2.0/crti.o
LOAD c:/intelfpga/18.1/embedded/host_tools/mentor/gnu/arm/baremetal/bin/../lib/gcc/arm-altera-eabi/6.2.0/crtbegin.o
LOAD main_mAbassi.o
LOAD myApp_MTL.o
LOAD TIMERinit.o
LOAD alt_gpio.o
LOAD arm_acp.o
LOAD arm_pl330.o
LOAD dw_i2c.o
LOAD dw_uart.o
LOAD MediaIF.o
LOAD SysCall_CY5.o
LOAD dw_sdmmc.o
LOAD ff.o
LOAD ffunicode.o
LOAD Abassi_FatFS.o
LOAD Media_FatFS.o
LOAD SysCall_FatFS.o
LOAD tahomabold_20.o
LOAD tahomabold_32.o
LOAD geometry.o
LOAD gesture.o
LOAD gui.o
LOAD vip_fr.o
LOAD simple_graphics.o
LOAD simple_text.o
LOAD debug.o
LOAD queue.o
LOAD gsensor.o
LOAD touch.o
LOAD multi_touch.o
LOAD alt_generalpurpose_io.o
LOAD alt_globaltmr.o
LOAD alt_clock_manager.o
LOAD netif_setup.o
LOAD dw_ethernet.o
LOAD api_lib.o
LOAD api_msg.o
LOAD autoip.o
LOAD def.o
LOAD dhcp.o
LOAD dns.o
LOAD err.o
LOAD etharp.o
LOAD ethernetif.o
LOAD icmp.o
LOAD igmp.o
LOAD inet.o
LOAD inet_chksum.o
LOAD init.o
LOAD ip.o
LOAD ip_addr.o
LOAD ip_frag.o
LOAD mem.o
LOAD memp.o
LOAD netbuf.o
LOAD netdb.o
LOAD netif.o
LOAD netifapi.o
LOAD pbuf.o
LOAD raw.o
LOAD stats.o
LOAD sys.o
LOAD sys_arch.o
LOAD sockets.o
LOAD tcp.o
LOAD tcp_in.o
LOAD tcp_out.o
LOAD tcpip.o
LOAD timers.o
LOAD udp.o
LOAD mAbassiCfgA9.o
LOAD Shell.o
LOAD SubShell.o
LOAD ../../mAbassi/Platform/lib\lib_mAbassi_EVAL_GCC_AR5_CY5.a
LOAD c:/intelfpga/18.1/embedded/host_tools/mentor/gnu/arm/baremetal/bin/../lib/gcc/arm-altera-eabi/6.2.0/../../../../arm-altera-eabi/lib\libcs3.a
LOAD c:/intelfpga/18.1/embedded/host_tools/mentor/gnu/arm/baremetal/bin/../lib/gcc/arm-altera-eabi/6.2.0/../../../../arm-altera-eabi/lib\libcs3unhosted.a
LOAD c:/intelfpga/18.1/embedded/host_tools/mentor/gnu/arm/baremetal/bin/../lib/gcc/arm-altera-eabi/6.2.0/../../../../arm-altera-eabi/lib\libcs3arm.a
LOAD c:/intelfpga/18.1/embedded/host_tools/mentor/gnu/arm/baremetal/bin/../lib/gcc/arm-altera-eabi/6.2.0\libgcc.a
LOAD c:/intelfpga/18.1/embedded/host_tools/mentor/gnu/arm/baremetal/bin/../lib/gcc/arm-altera-eabi/6.2.0/../../../../arm-altera-eabi/lib\libc.a
LOAD c:/intelfpga/18.1/embedded/host_tools/mentor/gnu/arm/baremetal/bin/../lib/gcc/arm-altera-eabi/6.2.0/../../../../arm-altera-eabi/lib\libstdc++.a
LOAD c:/intelfpga/18.1/embedded/host_tools/mentor/gnu/arm/baremetal/bin/../lib/gcc/arm-altera-eabi/6.2.0/../../../../arm-altera-eabi/lib\libm.a
START GROUP
LOAD c:/intelfpga/18.1/embedded/host_tools/mentor/gnu/arm/baremetal/bin/../lib/gcc/arm-altera-eabi/6.2.0\libgcc.a
LOAD c:/intelfpga/18.1/embedded/host_tools/mentor/gnu/arm/baremetal/bin/../lib/gcc/arm-altera-eabi/6.2.0/../../../../arm-altera-eabi/lib\libc.a
END GROUP
LOAD c:/intelfpga/18.1/embedded/host_tools/mentor/gnu/arm/baremetal/bin/../lib/gcc/arm-altera-eabi/6.2.0/crtend.o
LOAD c:/intelfpga/18.1/embedded/host_tools/mentor/gnu/arm/baremetal/bin/../lib/gcc/arm-altera-eabi/6.2.0/crtn.o
                0x00002000                _STACK_SIZE = DEFINED (_STACK_SIZE)?_STACK_SIZE:0x2000
                0x10000000                _MDRV_SIZE = DEFINED (_MDRV_SIZE)?_MDRV_SIZE:0x10000000
                0x00000800                _SUPERVISOR_STACK_SIZE = DEFINED (_SUPERVISOR_STACK_SIZE)?_SUPERVISOR_STACK_SIZE:0x800
                0x00000800                _ABORT_STACK_SIZE = DEFINED (_ABORT_STACK_SIZE)?_ABORT_STACK_SIZE:0x800
                0x00000800                _FIQ_STACK_SIZE = DEFINED (_FIQ_STACK_SIZE)?_FIQ_STACK_SIZE:0x800
                0x00002000                _IRQ_STACK_SIZE = DEFINED (_IRQ_STACK_SIZE)?_IRQ_STACK_SIZE:0x2000
                0x00000800                _UNDEF_STACK_SIZE = DEFINED (_UNDEF_STACK_SIZE)?_UNDEF_STACK_SIZE:0x800
                0x00000001                PROVIDE (__cs3_region_num, ((__cs3_regions_end - __cs3_regions) / 0x14))
                0x0205718c                __libc_fini = _fini

.text           0x02000000    0x4a6e8
 CREATE_OBJECT_SYMBOLS
                0x02000000                __cs3_region_start_ram = .
                0x02000000                _ftext = .
 *(.cs3.region-head.ram)
                0x00000001                ASSERT ((. == __cs3_region_start_ram), .cs3.region-head.ram not permitted)
                0x02000000                __cs3_interrupt_vector = __cs3_interrupt_vector_arm
 *(.cs3.interrupt_vector)
 .cs3.interrupt_vector
                0x02000000       0x3c ../../mAbassi/Platform/lib\lib_mAbassi_EVAL_GCC_AR5_CY5.a(mAbassi_EVAL_GCC_AR5_CY5_NR.o)
                0x02000000                Vectors
                0x02000000                __cs3_interrupt_vector_arm
                0x02000000                _vector_table
 *(.vectors)
                0x02037428                PROVIDE (__cs3_reset, __cs3_reset_generic)
 *(.cs3.reset)
                [0x020000d0]                _start = DEFINED (__cs3_start_asm)?__cs3_start_asm:_start
 *(.text.cs3.init)
 .text.cs3.init
                0x0200003c       0x94 c:/intelfpga/18.1/embedded/host_tools/mentor/gnu/arm/baremetal/bin/../lib/gcc/arm-altera-eabi/6.2.0/../../../../arm-altera-eabi/lib\libcs3.a(start_c.o)
                0x0200003c                __cs3_start_c
 .text.cs3.init
                0x020000d0        0xc c:/intelfpga/18.1/embedded/host_tools/mentor/gnu/arm/baremetal/bin/../lib/gcc/arm-altera-eabi/6.2.0/../../../../arm-altera-eabi/lib\libcs3unhosted.a(unhosted-start.o)
 *(.text .text.* .gnu.linkonce.t.*)
 .text          0x020000dc      0x108 c:/intelfpga/18.1/embedded/host_tools/mentor/gnu/arm/baremetal/bin/../lib/gcc/arm-altera-eabi/6.2.0/crtbegin.o
 *fill*         0x020001e4        0x4 
 .text.startup.main
                0x020001e8      0x430 main_mAbassi.o
                0x020001e8                main
 .text.TIMcallBack
                0x02000618        0x4 main_mAbassi.o
                0x02000618                TIMcallBack
 .text.mtc_CallbackInterrupt
                0x0200061c       0x48 myApp_MTL.o
                0x0200061c                mtc_CallbackInterrupt
 .text.button_CallbackInterrupt
                0x02000664       0x74 myApp_MTL.o
                0x02000664                button_CallbackInterrupt
 .text.Task_TXRX
                0x020006d8      0x188 myApp_MTL.o
                0x020006d8                Task_TXRX
 .text.Task_MTL
                0x02000860      0x45c myApp_MTL.o
                0x02000860                Task_MTL
 .text.Task_GSENSOR
                0x02000cbc        0x4 myApp_MTL.o
                0x02000cbc                Task_GSENSOR
 .text.setup_hps_gpio
                0x02000cc0       0x78 myApp_MTL.o
                0x02000cc0                setup_hps_gpio
 .text.Task_HPS_Led
                0x02000d38      0x170 myApp_MTL.o
                0x02000d38                Task_HPS_Led
 .text.TIMERinit
                0x02000ea8       0x28 TIMERinit.o
                0x02000ea8                TIMERinit
 .text.gpio_init
                0x02000ed0       0x54 alt_gpio.o
                0x02000ed0                gpio_init
 .text.DMAasm   0x02000f24      0x288 arm_pl330.o
 .text.dma_start_X.constprop.9
                0x020011ac      0x1e0 arm_pl330.o
 .text.dma_cleanup.part.0.constprop.10
                0x0200138c      0x528 arm_pl330.o
 .text.dma_kill_X
                0x020018b4      0x270 arm_pl330.o
 .text.dma_done
                0x02001b24      0x124 arm_pl330.o
                0x02001b24                dma_done
 .text.dma_kill
                0x02001c48       0x2c arm_pl330.o
                0x02001c48                dma_kill
 .text.dma_start
                0x02001c74      0x1ac arm_pl330.o
                0x02001c74                dma_start
 .text.dma_wait
                0x02001e20      0x45c arm_pl330.o
                0x02001e20                dma_wait
 .text.dma_xfer
                0x0200227c     0x1c64 arm_pl330.o
                0x0200227c                dma_xfer
 .text.dma_init
                0x02003ee0      0x340 arm_pl330.o
                0x02003ee0                dma_init
 .text.DMAintHndl_0
                0x02004220      0x140 arm_pl330.o
                0x02004220                DMAintHndl_0
 .text.DMAintHndl_1
                0x02004360      0x148 arm_pl330.o
                0x02004360                DMAintHndl_1
 .text.DMAintHndl_2
                0x020044a8      0x148 arm_pl330.o
                0x020044a8                DMAintHndl_2
 .text.DMAintHndl_3
                0x020045f0      0x14c arm_pl330.o
                0x020045f0                DMAintHndl_3
 .text.DMAintHndl_4
                0x0200473c      0x148 arm_pl330.o
                0x0200473c                DMAintHndl_4
 .text.DMAintHndl_5
                0x02004884      0x14c arm_pl330.o
                0x02004884                DMAintHndl_5
 .text.DMAintHndl_6
                0x020049d0      0x148 arm_pl330.o
                0x020049d0                DMAintHndl_6
 .text.DMAintHndl_7
                0x02004b18      0x14c arm_pl330.o
                0x02004b18                DMAintHndl_7
 .text.I2CintHndl
                0x02004c64      0x328 dw_i2c.o
 .text.i2c_init
                0x02004f8c      0x598 dw_i2c.o
                0x02004f8c                i2c_init
 .text.i2c_send
                0x02005524      0x7b4 dw_i2c.o
                0x02005524                i2c_send
 .text.i2c_recv
                0x02005cd8      0xae0 dw_i2c.o
                0x02005cd8                i2c_recv
 .text.I2CintHndl_0
                0x020067b8        0x8 dw_i2c.o
                0x020067b8                I2CintHndl_0
 .text.uart_send
                0x020067c0      0x8a8 dw_uart.o
                0x020067c0                uart_send
 .text.uart_recv
                0x02007068      0x794 dw_uart.o
                0x02007068                uart_recv
 .text.uart_filt
                0x020077fc       0x90 dw_uart.o
                0x020077fc                uart_filt
 .text.UARTintHndl_0
                0x0200788c      0x1a0 dw_uart.o
                0x0200788c                UARTintHndl_0
 .text.UARTintHndl_1
                0x02007a2c      0x1a0 dw_uart.o
                0x02007a2c                UARTintHndl_1
 .text.MEDIAstatus
                0x02007bcc       0x50 MediaIF.o
                0x02007bcc                MEDIAstatus
 .text.MEDIAinit
                0x02007c1c       0xe0 MediaIF.o
                0x02007c1c                MEDIAinit
 .text.MEDIAread
                0x02007cfc      0x1b8 MediaIF.o
                0x02007cfc                MEDIAread
 .text.MEDIAwrite
                0x02007eb4      0x1b0 MediaIF.o
                0x02007eb4                MEDIAwrite
 .text.MEDIAsize
                0x02008064       0x64 MediaIF.o
                0x02008064                MEDIAsize
 .text.MEDIAblksize
                0x020080c8       0x50 MediaIF.o
                0x020080c8                MEDIAblksize
 .text.MEDIAsectsz
                0x02008118       0x48 MediaIF.o
                0x02008118                MEDIAsectsz
 .text.mmc_sendcmd.constprop.5
                0x02008160      0x3f0 dw_sdmmc.o
 .text.SDprepData.isra.1.constprop.6
                0x02008550      0x16c dw_sdmmc.o
 .text.mmc_sendcmd.constprop.3
                0x020086bc      0x48c dw_sdmmc.o
 .text.mmc_sendcmd.constprop.2
                0x02008b48      0x48c dw_sdmmc.o
 .text.mmc_sendstatus
                0x02008fd4      0x38c dw_sdmmc.o
                0x02008fd4                mmc_sendstatus
 .text.mmc_read
                0x02009360      0x384 dw_sdmmc.o
                0x02009360                mmc_read
 .text.mmc_write
                0x020096e4      0x378 dw_sdmmc.o
                0x020096e4                mmc_write
 *fill*         0x02009a5c        0x4 
 .text.mmc_init
                0x02009a60     0x13d0 dw_sdmmc.o
                0x02009a60                mmc_init
 .text.mmc_blklen
                0x0200ae30       0x10 dw_sdmmc.o
                0x0200ae30                mmc_blklen
 .text.mmc_capacity
                0x0200ae40       0x10 dw_sdmmc.o
                0x0200ae40                mmc_capacity
 .text.MMCintHndl_0
                0x0200ae50       0xa8 dw_sdmmc.o
                0x0200ae50                MMCintHndl_0
 .text.get_fileinfo
                0x0200aef8      0x554 ff.o
 .text.move_window
                0x0200b44c       0xbc ff.o
 .text.get_fat  0x0200b508      0x274 ff.o
 .text.dir_next.constprop.16
                0x0200b77c      0x124 ff.o
 .text.sync_fs  0x0200b8a0      0x16c ff.o
 .text.check_fs
                0x0200ba0c      0x18c ff.o
 .text.find_volume
                0x0200bb98      0x964 ff.o
 .text.load_xdir
                0x0200c4fc      0x354 ff.o
 .text.dir_read.constprop.15
                0x0200c850      0x72c ff.o
 .text.put_fat.part.9
                0x0200cf7c      0x444 ff.o
 .text.create_chain
                0x0200d3c0      0x850 ff.o
 .text.dir_sdi  0x0200dc10      0x564 ff.o
 .text.store_xdir
                0x0200e174      0x318 ff.o
 .text.dir_find
                0x0200e48c      0x68c ff.o
 .text.follow_path
                0x0200eb18      0x73c ff.o
 .text.f_read   0x0200f254      0x730 ff.o
                0x0200f254                f_read
 .text.f_write  0x0200f984      0x784 ff.o
                0x0200f984                f_write
 .text.f_sync   0x02010108      0x4a8 ff.o
                0x02010108                f_sync
 .text.f_close  0x020105b0      0x5f4 ff.o
                0x020105b0                f_close
 .text.f_lseek  0x02010ba4      0x550 ff.o
                0x02010ba4                f_lseek
 .text.f_stat   0x020110f4       0xe8 ff.o
                0x020110f4                f_stat
 .text.f_chmod  0x020111dc      0x14c ff.o
                0x020111dc                f_chmod
 .text.ff_uni2oem
                0x02011328       0x68 ffunicode.o
                0x02011328                ff_uni2oem
 .text.ff_oem2uni
                0x02011390       0x3c ffunicode.o
                0x02011390                ff_oem2uni
 .text.ff_wtoupper
                0x020113cc      0x134 ffunicode.o
                0x020113cc                ff_wtoupper
 .text.ff_req_grant
                0x02011500       0x20 Abassi_FatFS.o
                0x02011500                ff_req_grant
 .text.ff_rel_grant
                0x02011520       0x10 Abassi_FatFS.o
                0x02011520                ff_rel_grant
 .text.ff_memalloc
                0x02011530       0x50 Abassi_FatFS.o
                0x02011530                ff_memalloc
 .text.ff_memfree
                0x02011580       0x4c Abassi_FatFS.o
                0x02011580                ff_memfree
 .text.disk_status
                0x020115cc       0x24 Media_FatFS.o
                0x020115cc                disk_status
 .text.disk_initialize
                0x020115f0       0x20 Media_FatFS.o
                0x020115f0                disk_initialize
 .text.disk_read
                0x02011610       0x38 Media_FatFS.o
                0x02011610                disk_read
 .text.disk_write
                0x02011648       0x38 Media_FatFS.o
                0x02011648                disk_write
 .text.disk_ioctl
                0x02011680       0xbc Media_FatFS.o
                0x02011680                disk_ioctl
 .text.LogPath  0x0201173c      0x2f4 SysCall_FatFS.o
 .text.RealPath
                0x02011a30      0x220 SysCall_FatFS.o
 .text.SysCallInit
                0x02011c50       0xbc SysCall_FatFS.o
                0x02011c50                SysCallInit
 .text._read_r  0x02011d0c      0x2d8 SysCall_FatFS.o
                0x02011d0c                _read_r
 .text._write_r
                0x02011fe4      0x240 SysCall_FatFS.o
                0x02011fe4                _write_r
 .text._lseek_r
                0x02012224      0x144 SysCall_FatFS.o
                0x02012224                _lseek_r
 .text._stat_r  0x02012368      0x610 SysCall_FatFS.o
                0x02012368                _stat_r
 .text._fstat_r
                0x02012978       0xbc SysCall_FatFS.o
                0x02012978                _fstat_r
 .text.chmod    0x02012a34      0x278 SysCall_FatFS.o
                0x02012a34                chmod
 .text._close_r
                0x02012cac      0x144 SysCall_FatFS.o
                0x02012cac                _close_r
 .text._isatty_r
                0x02012df0       0x44 SysCall_FatFS.o
                0x02012df0                _isatty_r
 .text.GetKey   0x02012e34       0x3c SysCall_FatFS.o
                0x02012e34                GetKey
 .text.IsPtInRect
                0x02012e70       0x48 geometry.o
                0x02012e70                IsPtInRect
 .text.PtSet    0x02012eb8        0x8 geometry.o
                0x02012eb8                PtSet
 .text.RectSet  0x02012ec0        0xc geometry.o
                0x02012ec0                RectSet
 .text.GUI_simpleColorInit
                0x02012ecc      0x13c gui.o
                0x02012ecc                GUI_simpleColorInit
 .text.GUI_simpleColorPrint
                0x02013008      0x110 gui.o
                0x02013008                GUI_simpleColorPrint
 .text.VIPFR_Init
                0x02013118       0x98 vip_fr.o
                0x02013118                VIPFR_Init
 .text.VIPFR_Go
                0x020131b0        0xc vip_fr.o
                0x020131b0                VIPFR_Go
 .text.VIPFR_GetDrawFrame
                0x020131bc       0x1c vip_fr.o
                0x020131bc                VIPFR_GetDrawFrame
 .text.VIPFR_ActiveDrawFrame
                0x020131d8       0x1c vip_fr.o
                0x020131d8                VIPFR_ActiveDrawFrame
 .text.vid_set_pixel
                0x020131f4       0xa8 simple_graphics.o
                0x020131f4                vid_set_pixel
 .text.vid_paint_block
                0x0201329c      0x5a4 simple_graphics.o
                0x0201329c                vid_paint_block
 .text.vid_clean_screen
                0x02013840       0x30 simple_graphics.o
                0x02013840                vid_clean_screen
 .text.vid_draw_horiz_line
                0x02013870      0x5d0 simple_graphics.o
                0x02013870                vid_draw_horiz_line
 .text.vid_draw_sloped_line
                0x02013e40      0x2d8 simple_graphics.o
                0x02013e40                vid_draw_sloped_line
 .text.vid_draw_box
                0x02014118      0x128 simple_graphics.o
                0x02014118                vid_draw_box
 .text.read_from_frame
                0x02014240      0x10c simple_text.o
                0x02014240                read_from_frame
 .text.vid_print_char_alpha
                0x0201434c      0x330 simple_text.o
                0x0201434c                vid_print_char_alpha
 .text.vid_print_string_alpha
                0x0201467c      0x118 simple_text.o
                0x0201467c                vid_print_string_alpha
 .text.QUEUE_New
                0x02014794       0x20 queue.o
                0x02014794                QUEUE_New
 .text.QUEUE_IsEmpty
                0x020147b4       0x18 queue.o
                0x020147b4                QUEUE_IsEmpty
 .text.QUEUE_IsFull
                0x020147cc       0x2c queue.o
                0x020147cc                QUEUE_IsFull
 .text.QUEUE_Push
                0x020147f8       0x38 queue.o
                0x020147f8                QUEUE_Push
 .text.QUEUE_Pop
                0x02014830       0x38 queue.o
                0x02014830                QUEUE_Pop
 .text.XL345init
                0x02014868       0xb0 gsensor.o
                0x02014868                XL345init
 .text.TOUCH_getRect
                0x02014918      0x134 touch.o
                0x02014918                TOUCH_getRect
 .text.mtc_QueryData
                0x02014a4c       0xc0 multi_touch.o
                0x02014a4c                mtc_QueryData
 .text.MTC_Init
                0x02014b0c       0x3c multi_touch.o
                0x02014b0c                MTC_Init
 .text.MTC_GetStatus
                0x02014b48       0x78 multi_touch.o
                0x02014b48                MTC_GetStatus
 .text.alt_gpio_init
                0x02014bc0       0x28 alt_generalpurpose_io.o
                0x02014bc0                alt_gpio_init
 .text.alt_gpio_port_data_write
                0x02014be8       0x70 alt_generalpurpose_io.o
                0x02014be8                alt_gpio_port_data_write
 .text.alt_gpio_group_config
                0x02014c58      0x41c alt_generalpurpose_io.o
                0x02014c58                alt_gpio_group_config
 .text.alt_gpio_bit_to_pid
                0x02015074       0x30 alt_generalpurpose_io.o
                0x02015074                alt_gpio_bit_to_pid
 .text.alt_gpio_bit_to_port_pin
                0x020150a4       0x30 alt_generalpurpose_io.o
                0x020150a4                alt_gpio_bit_to_port_pin
 .text.alt_globaltmr_init
                0x020150d4       0x3c alt_globaltmr.o
                0x020150d4                alt_globaltmr_init
 .text.alt_globaltmr_start
                0x02015110       0x18 alt_globaltmr.o
                0x02015110                alt_globaltmr_start
 .text.Eth_ISR_Setup
                0x02015128       0x48 netif_setup.o
                0x02015128                Eth_ISR_Setup
 .text.GetMACaddr
                0x02015170       0x70 netif_setup.o
                0x02015170                GetMACaddr
 .text.LwIP_Init
                0x020151e0      0x164 netif_setup.o
                0x020151e0                LwIP_Init
 .text.ETH_WrtPhyReg
                0x02015344       0xd4 dw_ethernet.o
 .text.ETH_RdPhyReg
                0x02015418       0xcc dw_ethernet.o
 .text.ETH_ResetEMAC.part.1
                0x020154e4      0x284 dw_ethernet.o
 .text.ETH_WrtPhyRegExt
                0x02015768      0x5b4 dw_ethernet.o
 .text.ETH_MACAddressConfig
                0x02015d1c       0x50 dw_ethernet.o
                0x02015d1c                ETH_MACAddressConfig
 .text.ETH_Get_Received_Multi
                0x02015d6c       0xe4 dw_ethernet.o
                0x02015d6c                ETH_Get_Received_Multi
 .text.ETH_Get_Received_Frame_Length
                0x02015e50       0x64 dw_ethernet.o
                0x02015e50                ETH_Get_Received_Frame_Length
 .text.ETH_Release_Received
                0x02015eb4       0x70 dw_ethernet.o
                0x02015eb4                ETH_Release_Received
 .text.ETH_Prepare_Multi_Transmit
                0x02015f24      0x1d0 dw_ethernet.o
                0x02015f24                ETH_Prepare_Multi_Transmit
 .text.ETH_DMARxDescChainInit
                0x020160f4       0xb8 dw_ethernet.o
                0x020160f4                ETH_DMARxDescChainInit
 .text.ETH_DMATxDescChainInit
                0x020161ac       0xa8 dw_ethernet.o
                0x020161ac                ETH_DMATxDescChainInit
 .text.ETH_DMARxDescReceiveITConfig
                0x02016254       0x80 dw_ethernet.o
                0x02016254                ETH_DMARxDescReceiveITConfig
 .text.ETH_DMARxDescTransmitITConfig
                0x020162d4        0x4 dw_ethernet.o
                0x020162d4                ETH_DMARxDescTransmitITConfig
 .text.ETH_DMATxDescChecksumInsertionConfig
                0x020162d8       0x8c dw_ethernet.o
                0x020162d8                ETH_DMATxDescChecksumInsertionConfig
 .text.PHY_init
                0x02016364     0x1e04 dw_ethernet.o
                0x02016364                PHY_init
 .text.ETH_Start
                0x02018168       0x74 dw_ethernet.o
                0x02018168                ETH_Start
 .text.ETH_Restart
                0x020181dc      0x1dc dw_ethernet.o
                0x020181dc                ETH_Restart
 .text.ETH_Get_Transmit_Buffer
                0x020183b8       0x64 dw_ethernet.o
                0x020183b8                ETH_Get_Transmit_Buffer
 .text.ETH_LinkStatus
                0x0201841c       0xdc dw_ethernet.o
                0x0201841c                ETH_LinkStatus
 .text.ETH_MacConfigDMA
                0x020184f8       0xcc dw_ethernet.o
                0x020184f8                ETH_MacConfigDMA
 .text.ETH_ResetEMAC
                0x020185c4        0xc dw_ethernet.o
                0x020185c4                ETH_ResetEMAC
 .text.netconn_new_with_proto_and_callback
                0x020185d0       0x6c api_lib.o
                0x020185d0                netconn_new_with_proto_and_callback
 .text.netconn_delete
                0x0201863c       0x38 api_lib.o
                0x0201863c                netconn_delete
 .text.netconn_getaddr
                0x02018674       0x54 api_lib.o
                0x02018674                netconn_getaddr
 .text.netconn_bind
                0x020186c8       0x50 api_lib.o
                0x020186c8                netconn_bind
 .text.netconn_listen_with_backlog
                0x02018718       0x44 api_lib.o
                0x02018718                netconn_listen_with_backlog
 .text.netconn_accept
                0x0201875c       0xb8 api_lib.o
                0x0201875c                netconn_accept
 .text.netconn_send
                0x02018814       0x4c api_lib.o
                0x02018814                netconn_send
 .text.netconn_write_partly
                0x02018860       0xe0 api_lib.o
                0x02018860                netconn_write_partly
 .text.recv_udp
                0x02018940       0x98 api_msg.o
 .text.recv_raw
                0x020189d8       0xd0 api_msg.o
 .text.err_tcp  0x02018aa8       0xe8 api_msg.o
 .text.do_writemore
                0x02018b90      0x244 api_msg.o
 .text.do_close_internal
                0x02018dd4      0x1c8 api_msg.o
 .text.poll_tcp
                0x02018f9c       0x8c api_msg.o
 .text.netconn_drain
                0x02019028      0x108 api_msg.o
 .text.sent_tcp
                0x02019130       0x8c api_msg.o
 .text.recv_tcp
                0x020191bc       0xbc api_msg.o
 .text.accept_function
                0x02019278      0x208 api_msg.o
 .text.do_newconn
                0x02019480      0x144 api_msg.o
                0x02019480                do_newconn
 .text.netconn_alloc
                0x020195c4       0xd0 api_msg.o
                0x020195c4                netconn_alloc
 .text.netconn_free
                0x02019694       0x28 api_msg.o
                0x02019694                netconn_free
 .text.do_delconn
                0x020196bc      0x108 api_msg.o
                0x020196bc                do_delconn
 .text.do_bind  0x020197c4       0xcc api_msg.o
                0x020197c4                do_bind
 .text.do_listen
                0x02019890      0x11c api_msg.o
                0x02019890                do_listen
 .text.do_send  0x020199ac       0xf4 api_msg.o
                0x020199ac                do_send
 .text.do_write
                0x02019aa0       0x70 api_msg.o
                0x02019aa0                do_write
 .text.do_getaddr
                0x02019b10      0x114 api_msg.o
                0x02019b10                do_getaddr
 .text.lwip_htons
                0x02019c24        0xc def.o
                0x02019c24                lwip_htons
 .text.lwip_ntohs
                0x02019c30        0xc def.o
                0x02019c30                lwip_ntohs
 .text.lwip_htonl
                0x02019c3c        0x8 def.o
                0x02019c3c                lwip_htonl
 .text.lwip_ntohl
                0x02019c44        0x8 def.o
                0x02019c44                lwip_ntohl
 *fill*         0x02019c4c        0x4 
 .text.dhcp_create_msg
                0x02019c50      0x7b8 dhcp.o
 .text.dhcp_rebind
                0x0201a408      0x17c dhcp.o
 .text.dhcp_discover
                0x0201a584      0x1f8 dhcp.o
 .text.dhcp_select
                0x0201a77c      0x2e0 dhcp.o
 .text.dhcp_reboot
                0x0201aa5c      0x1f4 dhcp.o
 .text.dhcp_bind
                0x0201ac50      0x19c dhcp.o
 .text.dhcp_arp_reply
                0x0201adec      0x188 dhcp.o
                0x0201adec                dhcp_arp_reply
 .text.dhcp_renew
                0x0201af74      0x178 dhcp.o
                0x0201af74                dhcp_renew
 .text.dhcp_coarse_tmr
                0x0201b0ec       0xa8 dhcp.o
                0x0201b0ec                dhcp_coarse_tmr
 .text.dhcp_release
                0x0201b194      0x17c dhcp.o
                0x0201b194                dhcp_release
 .text.dhcp_fine_tmr
                0x0201b310      0x13c dhcp.o
                0x0201b310                dhcp_fine_tmr
 .text.etharp_find_entry
                0x0201b44c      0xa70 etharp.o
 .text.etharp_raw.constprop.0
                0x0201bebc      0x10c etharp.o
 .text.etharp_tmr
                0x0201bfc8       0xd4 etharp.o
                0x0201bfc8                etharp_tmr
 .text.etharp_cleanup_netif
                0x0201c09c       0x9c etharp.o
                0x0201c09c                etharp_cleanup_netif
 .text.etharp_query
                0x0201c138      0x228 etharp.o
                0x0201c138                etharp_query
 .text.etharp_output
                0x0201c360      0x40c etharp.o
                0x0201c360                etharp_output
 .text.etharp_request
                0x0201c76c      0x10c etharp.o
                0x0201c76c                etharp_request
 .text.ethernet_input
                0x0201c878      0x388 etharp.o
                0x0201c878                ethernet_input
 .text.EMACintHndl
                0x0201cc00      0x114 ethernetif.o
 .text.ethernetif_4_init
                0x0201cd14      0x1c8 ethernetif.o
 .text.low_level_output
                0x0201cedc      0x174 ethernetif.o
 .text.ethernetif_input
                0x0201d050      0x3c0 ethernetif.o
 .text.ethernetif_0_init
                0x0201d410      0x1c4 ethernetif.o
 .text.ethernetif_1_init
                0x0201d5d4      0x1c4 ethernetif.o
 .text.ethernetif_2_init
                0x0201d798      0x1c8 ethernetif.o
 .text.ethernetif_3_init
                0x0201d960      0x1c8 ethernetif.o
 .text.Emac0_IRQHandler
                0x0201db28        0x8 ethernetif.o
                0x0201db28                Emac0_IRQHandler
 .text.Emac1_IRQHandler
                0x0201db30        0x8 ethernetif.o
                0x0201db30                Emac1_IRQHandler
 .text.icmp_input
                0x0201db38      0x1f0 icmp.o
                0x0201db38                icmp_input
 .text.icmp_dest_unreach
                0x0201dd28       0xd4 icmp.o
                0x0201dd28                icmp_dest_unreach
 .text.icmp_time_exceeded
                0x0201ddfc       0xd4 icmp.o
                0x0201ddfc                icmp_time_exceeded
 .text.inet_chksum
                0x0201ded0      0x29c inet_chksum.o
                0x0201ded0                inet_chksum
 .text.inet_chksum_pbuf
                0x0201e16c      0x32c inet_chksum.o
                0x0201e16c                inet_chksum_pbuf
 .text.lwip_init
                0x0201e498       0x28 init.o
                0x0201e498                lwip_init
 .text.ip_route
                0x0201e4c0       0x68 ip.o
                0x0201e4c0                ip_route
 .text.ip_input
                0x0201e528      0x2bc ip.o
                0x0201e528                ip_input
 .text.ip_output_if
                0x0201e7e4      0x188 ip.o
                0x0201e7e4                ip_output_if
 .text.ip_output
                0x0201e96c       0x8c ip.o
                0x0201e96c                ip_output
 .text.ip4_addr_isbroadcast
                0x0201e9f8       0x58 ip_addr.o
                0x0201e9f8                ip4_addr_isbroadcast
 .text.ipaddr_aton
                0x0201ea50      0x200 ip_addr.o
                0x0201ea50                ipaddr_aton
 .text.ipaddr_addr
                0x0201ec50       0x24 ip_addr.o
                0x0201ec50                ipaddr_addr
 .text.ipfrag_free_pbuf_custom
                0x0201ec74       0x28 ip_frag.o
 .text.ip_reass_remove_oldest_datagram
                0x0201ec9c      0x23c ip_frag.o
 .text.ip_reass_tmr
                0x0201eed8      0x144 ip_frag.o
                0x0201eed8                ip_reass_tmr
 .text.ip_reass
                0x0201f01c      0x62c ip_frag.o
                0x0201f01c                ip_reass
 .text.ip_frag  0x0201f648      0x294 ip_frag.o
                0x0201f648                ip_frag
 *fill*         0x0201f8dc        0x4 
 .text.mem_init
                0x0201f8e0       0x74 mem.o
                0x0201f8e0                mem_init
 .text.mem_free
                0x0201f954      0x10c mem.o
                0x0201f954                mem_free
 .text.mem_trim
                0x0201fa60      0x160 mem.o
                0x0201fa60                mem_trim
 .text.mem_malloc
                0x0201fbc0      0x160 mem.o
                0x0201fbc0                mem_malloc
 .text.memp_init
                0x0201fd20       0x9c memp.o
                0x0201fd20                memp_init
 .text.memp_malloc
                0x0201fdbc       0x30 memp.o
                0x0201fdbc                memp_malloc
 .text.memp_free
                0x0201fdec       0x30 memp.o
                0x0201fdec                memp_free
 .text.netbuf_delete
                0x0201fe1c       0x38 netbuf.o
                0x0201fe1c                netbuf_delete
 .text.netbuf_free
                0x0201fe54       0x28 netbuf.o
                0x0201fe54                netbuf_free
 .text.netbuf_ref
                0x0201fe7c       0x5c netbuf.o
                0x0201fe7c                netbuf_ref
 .text.netif_init
                0x0201fed8        0x4 netif.o
                0x0201fed8                netif_init
 .text.netif_add
                0x0201fedc      0x13c netif.o
                0x0201fedc                netif_add
 .text.netif_set_ipaddr
                0x02020018       0xc0 netif.o
                0x02020018                netif_set_ipaddr
 .text.netif_set_gw
                0x020200d8       0x10 netif.o
                0x020200d8                netif_set_gw
 .text.netif_set_netmask
                0x020200e8       0x10 netif.o
                0x020200e8                netif_set_netmask
 .text.netif_set_default
                0x020200f8       0x10 netif.o
                0x020200f8                netif_set_default
 .text.netif_set_up
                0x02020108       0x28 netif.o
                0x02020108                netif_set_up
 .text.netif_set_down
                0x02020130       0x20 netif.o
                0x02020130                netif_set_down
 .text.pbuf_free_ooseq_callback
                0x02020150       0x60 pbuf.o
 .text.pbuf_alloc
                0x020201b0      0x2ec pbuf.o
                0x020201b0                pbuf_alloc
 .text.pbuf_alloced_custom
                0x0202049c       0x94 pbuf.o
                0x0202049c                pbuf_alloced_custom
 .text.pbuf_realloc
                0x02020530      0x130 pbuf.o
                0x02020530                pbuf_realloc
 .text.pbuf_header
                0x02020660       0xc0 pbuf.o
                0x02020660                pbuf_header
 .text.pbuf_free
                0x02020720       0xb0 pbuf.o
                0x02020720                pbuf_free
 .text.pbuf_clen
                0x020207d0       0x2c pbuf.o
                0x020207d0                pbuf_clen
 .text.pbuf_ref
                0x020207fc       0x24 pbuf.o
                0x020207fc                pbuf_ref
 .text.pbuf_cat
                0x02020820       0x58 pbuf.o
                0x02020820                pbuf_cat
 .text.pbuf_chain
                0x02020878       0x70 pbuf.o
                0x02020878                pbuf_chain
 .text.pbuf_copy
                0x020208e8       0x88 pbuf.o
                0x020208e8                pbuf_copy
 .text.pbuf_copy_partial
                0x02020970       0x9c pbuf.o
                0x02020970                pbuf_copy_partial
 .text.raw_input
                0x02020a0c       0xc8 raw.o
                0x02020a0c                raw_input
 .text.raw_bind
                0x02020ad4       0x14 raw.o
                0x02020ad4                raw_bind
 .text.raw_recv
                0x02020ae8        0xc raw.o
                0x02020ae8                raw_recv
 .text.raw_sendto
                0x02020af4      0x130 raw.o
                0x02020af4                raw_sendto
 .text.raw_send
                0x02020c24      0x130 raw.o
                0x02020c24                raw_send
 .text.raw_remove
                0x02020d54       0x60 raw.o
                0x02020d54                raw_remove
 .text.raw_new  0x02020db4       0x4c raw.o
                0x02020db4                raw_new
 .text.TaskTrampoline
                0x02020e00       0x30 sys_arch.o
 .text.sys_mbox_new
                0x02020e30      0x2c8 sys_arch.o
                0x02020e30                sys_mbox_new
 .text.sys_mbox_free
                0x020210f8      0x1c0 sys_arch.o
                0x020210f8                sys_mbox_free
 .text.sys_mbox_post
                0x020212b8        0xc sys_arch.o
                0x020212b8                sys_mbox_post
 .text.sys_mbox_trypost
                0x020212c4       0x20 sys_arch.o
                0x020212c4                sys_mbox_trypost
 .text.sys_arch_mbox_fetch
                0x020212e4       0x80 sys_arch.o
                0x020212e4                sys_arch_mbox_fetch
 .text.sys_arch_mbox_tryfetch
                0x02021364       0x28 sys_arch.o
                0x02021364                sys_arch_mbox_tryfetch
 .text.sys_sem_new
                0x0202138c      0x1ec sys_arch.o
                0x0202138c                sys_sem_new
 .text.sys_arch_sem_wait
                0x02021578       0x7c sys_arch.o
                0x02021578                sys_arch_sem_wait
 .text.sys_sem_signal
                0x020215f4       0x10 sys_arch.o
                0x020215f4                sys_sem_signal
 .text.sys_sem_free
                0x02021604      0x1b0 sys_arch.o
                0x02021604                sys_sem_free
 .text.sys_mutex_new
                0x020217b4      0x1f4 sys_arch.o
                0x020217b4                sys_mutex_new
 .text.sys_mutex_lock
                0x020219a8       0x10 sys_arch.o
                0x020219a8                sys_mutex_lock
 .text.sys_mutex_unlock
                0x020219b8       0x10 sys_arch.o
                0x020219b8                sys_mutex_unlock
 .text.sys_init
                0x020219c8      0x104 sys_arch.o
                0x020219c8                sys_init
 .text.sys_thread_new
                0x02021acc      0x210 sys_arch.o
                0x02021acc                sys_thread_new
 .text.sys_arch_protect
                0x02021cdc       0x58 sys_arch.o
                0x02021cdc                sys_arch_protect
 .text.sys_arch_unprotect
                0x02021d34       0x48 sys_arch.o
                0x02021d34                sys_arch_unprotect
 .text.event_callback
                0x02021d7c      0x200 sockets.o
 .text.lwip_socket_init
                0x02021f7c        0x4 sockets.o
                0x02021f7c                lwip_socket_init
 .text.lwip_accept
                0x02021f80      0x254 sockets.o
                0x02021f80                lwip_accept
 .text.lwip_bind
                0x020221d4       0xb0 sockets.o
                0x020221d4                lwip_bind
 .text.lwip_close
                0x02022284       0x98 sockets.o
                0x02022284                lwip_close
 .text.lwip_listen
                0x0202231c       0xb4 sockets.o
                0x0202231c                lwip_listen
 .text.lwip_send
                0x020223d0      0x16c sockets.o
                0x020223d0                lwip_send
 .text.lwip_socket
                0x0202253c      0x12c sockets.o
                0x0202253c                lwip_socket
 .text.tcp_accept_null
                0x02022668        0x8 tcp.o
 .text.tcp_pcb_purge.part.1
                0x02022670       0xe0 tcp.o
 .text.tcp_close_shutdown
                0x02022750      0x3dc tcp.o
 .text.tcp_recv_null
                0x02022b2c       0xdc tcp.o
                0x02022b2c                tcp_recv_null
 .text.tcp_init
                0x02022c08        0x4 tcp.o
                0x02022c08                tcp_init
 .text.tcp_close
                0x02022c0c      0x43c tcp.o
                0x02022c0c                tcp_close
 .text.tcp_shutdown
                0x02023048       0xf8 tcp.o
                0x02023048                tcp_shutdown
 .text.tcp_abandon
                0x02023140      0x2b0 tcp.o
                0x02023140                tcp_abandon
 .text.tcp_abort
                0x020233f0        0x8 tcp.o
                0x020233f0                tcp_abort
 .text.tcp_bind
                0x020233f8      0x138 tcp.o
                0x020233f8                tcp_bind
 .text.tcp_listen_with_backlog
                0x02023530      0x138 tcp.o
                0x02023530                tcp_listen_with_backlog
 .text.tcp_update_rcv_ann_wnd
                0x02023668       0x64 tcp.o
                0x02023668                tcp_update_rcv_ann_wnd
 .text.tcp_recved
                0x020236cc       0xa0 tcp.o
                0x020236cc                tcp_recved
 .text.tcp_slowtmr
                0x0202376c      0x504 tcp.o
                0x0202376c                tcp_slowtmr
 .text.tcp_process_refused_data
                0x02023c70      0x144 tcp.o
                0x02023c70                tcp_process_refused_data
 .text.tcp_tmr  0x02023db4       0xd0 tcp.o
                0x02023db4                tcp_tmr
 .text.tcp_segs_free
                0x02023e84       0x38 tcp.o
                0x02023e84                tcp_segs_free
 .text.tcp_seg_free
                0x02023ebc       0x2c tcp.o
                0x02023ebc                tcp_seg_free
 .text.tcp_seg_copy
                0x02023ee8       0x34 tcp.o
                0x02023ee8                tcp_seg_copy
 .text.tcp_alloc
                0x02023f1c      0x1dc tcp.o
                0x02023f1c                tcp_alloc
 .text.tcp_new  0x020240f8      0x1d8 tcp.o
                0x020240f8                tcp_new
 .text.tcp_arg  0x020242d0        0x8 tcp.o
                0x020242d0                tcp_arg
 .text.tcp_recv
                0x020242d8        0x8 tcp.o
                0x020242d8                tcp_recv
 .text.tcp_sent
                0x020242e0        0x8 tcp.o
                0x020242e0                tcp_sent
 .text.tcp_err  0x020242e8        0x8 tcp.o
                0x020242e8                tcp_err
 .text.tcp_accept
                0x020242f0        0x8 tcp.o
                0x020242f0                tcp_accept
 .text.tcp_poll
                0x020242f8        0xc tcp.o
                0x020242f8                tcp_poll
 .text.tcp_pcb_purge
                0x02024304       0x14 tcp.o
                0x02024304                tcp_pcb_purge
 .text.tcp_pcb_remove
                0x02024318       0xec tcp.o
                0x02024318                tcp_pcb_remove
 .text.tcp_eff_send_mss
                0x02024404       0x44 tcp.o
                0x02024404                tcp_eff_send_mss
 .text.tcp_oos_insert_segment
                0x02024448      0x164 tcp_in.o
 .text.tcp_receive
                0x020245ac      0xee8 tcp_in.o
 .text.tcp_parseopt.isra.0
                0x02025494       0xfc tcp_in.o
 .text.tcp_input
                0x02025590      0xe5c tcp_in.o
                0x02025590                tcp_input
 .text.tcp_send_fin
                0x020263ec      0x230 tcp_out.o
                0x020263ec                tcp_send_fin
 .text.tcp_write
                0x0202661c      0x728 tcp_out.o
                0x0202661c                tcp_write
 .text.tcp_enqueue_flags
                0x02026d44      0x214 tcp_out.o
                0x02026d44                tcp_enqueue_flags
 .text.tcp_send_empty_ack
                0x02026f58      0x144 tcp_out.o
                0x02026f58                tcp_send_empty_ack
 .text.tcp_output
                0x0202709c      0x53c tcp_out.o
                0x0202709c                tcp_output
 .text.tcp_rst  0x020275d8      0x12c tcp_out.o
                0x020275d8                tcp_rst
 .text.tcp_rexmit_rto
                0x02027704       0x58 tcp_out.o
                0x02027704                tcp_rexmit_rto
 .text.tcp_rexmit
                0x0202775c       0xc8 tcp_out.o
                0x0202775c                tcp_rexmit
 .text.tcp_rexmit_fast
                0x02027824      0x118 tcp_out.o
                0x02027824                tcp_rexmit_fast
 .text.tcp_keepalive
                0x0202793c      0x138 tcp_out.o
                0x0202793c                tcp_keepalive
 .text.tcp_zero_window_probe
                0x02027a74      0x1f0 tcp_out.o
                0x02027a74                tcp_zero_window_probe
 .text.tcpip_thread
                0x02027c64      0x118 tcpip.o
 .text.tcpip_input
                0x02027d7c       0x78 tcpip.o
                0x02027d7c                tcpip_input
 .text.tcpip_callback_with_block
                0x02027df4       0x98 tcpip.o
                0x02027df4                tcpip_callback_with_block
 .text.tcpip_apimsg
                0x02027e8c       0x64 tcpip.o
                0x02027e8c                tcpip_apimsg
 .text.tcpip_init
                0x02027ef0       0x64 tcpip.o
                0x02027ef0                tcpip_init
 .text.dhcp_timer_fine
                0x02027f54       0xb0 timers.o
 .text.ip_reass_timer
                0x02028004       0xb0 timers.o
 .text.arp_timer
                0x020280b4       0xb4 timers.o
 .text.dhcp_timer_coarse
                0x02028168       0xb4 timers.o
 .text.tcpip_tcp_timer
                0x0202821c       0xe8 timers.o
 .text.tcp_timer_needed
                0x02028304       0xf8 timers.o
                0x02028304                tcp_timer_needed
 .text.sys_timeouts_init
                0x020283fc      0x2ac timers.o
                0x020283fc                sys_timeouts_init
 .text.sys_timeout
                0x020286a8       0xac timers.o
                0x020286a8                sys_timeout
 .text.sys_untimeout
                0x02028754       0x88 timers.o
                0x02028754                sys_untimeout
 .text.sys_timeouts_mbox_fetch
                0x020287dc       0xac timers.o
                0x020287dc                sys_timeouts_mbox_fetch
 .text.udp_init
                0x02028888        0x4 udp.o
                0x02028888                udp_init
 .text.udp_input
                0x0202888c      0x2fc udp.o
                0x0202888c                udp_input
 .text.udp_bind
                0x02028b88      0x12c udp.o
                0x02028b88                udp_bind
 .text.udp_sendto_if
                0x02028cb4      0x168 udp.o
                0x02028cb4                udp_sendto_if
 .text.udp_send
                0x02028e1c      0x17c udp.o
                0x02028e1c                udp_send
 .text.udp_sendto
                0x02028f98      0x17c udp.o
                0x02028f98                udp_sendto
 .text.udp_recv
                0x02029114        0xc udp.o
                0x02029114                udp_recv
 .text.udp_remove
                0x02029120       0x60 udp.o
                0x02029120                udp_remove
 .text.udp_new  0x02029180       0x30 udp.o
                0x02029180                udp_new
 .text.PrtResult
                0x020291b0      0x298 Shell.o
 .text.CmdLog   0x02029448       0x18 Shell.o
 .text.CmdEdit  0x02029460       0x88 Shell.o
 .text.CmdMblk  0x020294e8      0x160 Shell.o
 .text.CmdGrp   0x02029648      0x864 Shell.o
 .text.CmdSys   0x02029eac      0x5dc Shell.o
 .text.CmdHelp  0x0202a488      0x2d0 Shell.o
 .text.CmdEvt   0x0202a758      0x208 Shell.o
 .text.CmdMtx   0x0202a960     0x1100 Shell.o
 .text.CmdSem   0x0202ba60     0x1190 Shell.o
 .text.CmdMbx   0x0202cbf0     0x15d0 Shell.o
 .text.CmdTim   0x0202e1c0     0x1d28 Shell.o
 .text.CmdTask  0x0202fee8     0x246c Shell.o
 .text.OSshell  0x02032354      0xf70 Shell.o
                0x02032354                OSshell
 .text.ShellGets
                0x020332c4      0x2a0 Shell.o
                0x020332c4                ShellGets
 .text.CmdMem   0x02033564      0x530 Shell.o
 .text.TSKcreate.constprop.0
                0x02033a94       0xf0 ../../mAbassi/Platform/lib\lib_mAbassi_EVAL_GCC_AR5_CY5.a(mAbassi_EVAL_A9_GCC_2_NR.o)
 .text.TSKgetID
                0x02033b84       0x60 ../../mAbassi/Platform/lib\lib_mAbassi_EVAL_GCC_AR5_CY5.a(mAbassi_EVAL_A9_GCC_2_NR.o)
                0x02033b84                TSKgetID
 .text.TSKstkChk
                0x02033be4       0x60 ../../mAbassi/Platform/lib\lib_mAbassi_EVAL_GCC_AR5_CY5.a(mAbassi_EVAL_A9_GCC_2_NR.o)
                0x02033be4                TSKstkChk
 *fill*         0x02033c44        0x4 
 .text.Abassi   0x02033c48     0x2850 ../../mAbassi/Platform/lib\lib_mAbassi_EVAL_GCC_AR5_CY5.a(mAbassi_EVAL_A9_GCC_2_NR.o)
                0x02033c48                Abassi
 .text.TSKcreate
                0x02036498      0x350 ../../mAbassi/Platform/lib\lib_mAbassi_EVAL_GCC_AR5_CY5.a(mAbassi_EVAL_A9_GCC_2_NR.o)
                0x02036498                TSKcreate
 .text.OSstart  0x020367e8      0x17c ../../mAbassi/Platform/lib\lib_mAbassi_EVAL_GCC_AR5_CY5.a(mAbassi_EVAL_A9_GCC_2_NR.o)
                0x020367e8                OSstart
 .text.TSKstart
                0x02036964       0x60 ../../mAbassi/Platform/lib\lib_mAbassi_EVAL_GCC_AR5_CY5.a(mAbassi_EVAL_A9_GCC_2_NR.o)
                0x02036964                TSKstart
 .text.SEM__open
                0x020369c4      0x144 ../../mAbassi/Platform/lib\lib_mAbassi_EVAL_GCC_AR5_CY5.a(mAbassi_EVAL_A9_GCC_2_NR.o)
                0x020369c4                SEM__open
 .text.MBX__open
                0x02036b08      0x154 ../../mAbassi/Platform/lib\lib_mAbassi_EVAL_GCC_AR5_CY5.a(mAbassi_EVAL_A9_GCC_2_NR.o)
                0x02036b08                MBX__open
 .text.MBXget   0x02036c5c      0x128 ../../mAbassi/Platform/lib\lib_mAbassi_EVAL_GCC_AR5_CY5.a(mAbassi_EVAL_A9_GCC_2_NR.o)
                0x02036c5c                MBXget
 .text.MBXput   0x02036d84       0xd8 ../../mAbassi/Platform/lib\lib_mAbassi_EVAL_GCC_AR5_CY5.a(mAbassi_EVAL_A9_GCC_2_NR.o)
                0x02036d84                MBXput
 .text.GroupRm  0x02036e5c       0xb4 ../../mAbassi/Platform/lib\lib_mAbassi_EVAL_GCC_AR5_CY5.a(mAbassi_EVAL_A9_GCC_2_NR.o)
                0x02036e5c                GroupRm
 .text.OSalloc  0x02036f10       0x68 ../../mAbassi/Platform/lib\lib_mAbassi_EVAL_GCC_AR5_CY5.a(mAbassi_EVAL_A9_GCC_2_NR.o)
                0x02036f10                OSalloc
 .text.TIMtick  0x02036f78      0x4a0 ../../mAbassi/Platform/lib\lib_mAbassi_EVAL_GCC_AR5_CY5.a(mAbassi_EVAL_A9_GCC_2_NR.o)
                0x02036f78                TIMtick
 .text          0x02037418      0xb48 ../../mAbassi/Platform/lib\lib_mAbassi_EVAL_GCC_AR5_CY5.a(mAbassi_EVAL_GCC_AR5_CY5_NR.o)
                0x02037428                __cs3_reset_generic
                0x02037428                Reset_Handler
                0x02037428                boot
                0x02037428                _prestart
                0x020377d0                _exit
                0x020377d8                _sbrk_r
                0x02037810                OStrap
                0x02037828                __cs3_isr_swi
                0x02037828                mySWI
                0x02037870                SWI_Handler
                0x02037874                OScontext
                0x02037894                CoreContext
                0x020378a8                OSstack
                0x02037904                OSintCtrl
                0x02037924                OSintBack
                0x02037934                OSintOff
                0x02037940                OSintOn
                0x02037948                OSisrInfo
                0x02037958                __cs3_isr_irq
                0x02037958                ISRdispatch
                0x02037a8c                OSinvalidISR
                0x02037a94                COREgetPeriph
                0x02037a9c                COREgetID
                0x02037aa8                GICinit
                0x02037b4c                GICenable
                0x02037c8c                COREstart1
                0x02037c98                COREstart2
                0x02037ca4                COREstart3
                0x02037cb0                COREstart0
                0x02037cbc                CoreIdle
                0x02037cec                COREsafeGetID
                0x02037d10                COREsendISR
                0x02037d44                COREwakeISR
                0x02037d70                COREisInISR
                0x02037d84                COREtaskNow
                0x02037da8                COREchkRedo
                0x02037e08                CORElock
                0x02037e38                COREunlock
                0x02037e4c                SPINlock
                0x02037e5c                SPINtrylock
                0x02037e6c                SPIN_lock
                0x02037ef4                SPINunlock
 .text          0x02037f60      0x798 ../../mAbassi/Platform/lib\lib_mAbassi_EVAL_GCC_AR5_CY5.a(ARMv7_SMP_L1_L2_GCC_AR5_CY5.o)
                0x02037f60                COREcacheON
                0x020383ec                DCacheInvalRange
                0x02038500                DCacheFlushRange
                0x02038614                MMUlog2Phy
                0x02038674                MMUphy2Log
 .text          0x020386f8       0x4c c:/intelfpga/18.1/embedded/host_tools/mentor/gnu/arm/baremetal/bin/../lib/gcc/arm-altera-eabi/6.2.0/../../../../arm-altera-eabi/lib\libcs3.a(start_c.o)
                0x020386f8                __cs3_premain
 .text          0x02038744      0x114 c:/intelfpga/18.1/embedded/host_tools/mentor/gnu/arm/baremetal/bin/../lib/gcc/arm-altera-eabi/6.2.0\libgcc.a(_udivsi3.o)
                0x02038744                __aeabi_uidiv
                0x02038744                __udivsi3
                0x02038838                __aeabi_uidivmod
 .text          0x02038858      0x148 c:/intelfpga/18.1/embedded/host_tools/mentor/gnu/arm/baremetal/bin/../lib/gcc/arm-altera-eabi/6.2.0\libgcc.a(_divsi3.o)
                0x02038858                __divsi3
                0x02038858                __aeabi_idiv
                0x02038980                __aeabi_idivmod
 .text          0x020389a0        0x4 c:/intelfpga/18.1/embedded/host_tools/mentor/gnu/arm/baremetal/bin/../lib/gcc/arm-altera-eabi/6.2.0\libgcc.a(_dvmd_tls.o)
                0x020389a0                __aeabi_idiv0
                0x020389a0                __aeabi_ldiv0
 .text          0x020389a4       0xd4 c:/intelfpga/18.1/embedded/host_tools/mentor/gnu/arm/baremetal/bin/../lib/gcc/arm-altera-eabi/6.2.0\libgcc.a(_aeabi_ldivmod.o)
                0x020389a4                __aeabi_ldivmod
 .text          0x02038a78       0x3c c:/intelfpga/18.1/embedded/host_tools/mentor/gnu/arm/baremetal/bin/../lib/gcc/arm-altera-eabi/6.2.0\libgcc.a(_aeabi_uldivmod.o)
                0x02038a78                __aeabi_uldivmod
 .text          0x02038ab4      0x12c c:/intelfpga/18.1/embedded/host_tools/mentor/gnu/arm/baremetal/bin/../lib/gcc/arm-altera-eabi/6.2.0\libgcc.a(_udivmoddi4.o)
                0x02038ab4                __udivmoddi4
 .text          0x02038be0       0x28 c:/intelfpga/18.1/embedded/host_tools/mentor/gnu/arm/baremetal/bin/../lib/gcc/arm-altera-eabi/6.2.0\libgcc.a(_clzdi2.o)
                0x02038be0                __clzdi2
 .text          0x02038c08       0x48 c:/intelfpga/18.1/embedded/host_tools/mentor/gnu/arm/baremetal/bin/../lib/gcc/arm-altera-eabi/6.2.0\libgcc.a(_clzsi2.o)
                0x02038c08                __clzsi2
 .text          0x02038c50       0x24 c:/intelfpga/18.1/embedded/host_tools/mentor/gnu/arm/baremetal/bin/../lib/gcc/arm-altera-eabi/6.2.0/../../../../arm-altera-eabi/lib\libc.a(lib_a-calloc.o)
                0x02038c50                calloc
 .text          0x02038c74       0x98 c:/intelfpga/18.1/embedded/host_tools/mentor/gnu/arm/baremetal/bin/../lib/gcc/arm-altera-eabi/6.2.0/../../../../arm-altera-eabi/lib\libc.a(lib_a-callocr.o)
                0x02038c74                _calloc_r
 .text          0x02038d0c       0x34 c:/intelfpga/18.1/embedded/host_tools/mentor/gnu/arm/baremetal/bin/../lib/gcc/arm-altera-eabi/6.2.0/../../../../arm-altera-eabi/lib\libc.a(lib_a-exit.o)
                0x02038d0c                exit
 .text          0x02038d40       0x10 c:/intelfpga/18.1/embedded/host_tools/mentor/gnu/arm/baremetal/bin/../lib/gcc/arm-altera-eabi/6.2.0/../../../../arm-altera-eabi/lib\libc.a(lib_a-getreent.o)
                0x02038d40                __getreent
 .text          0x02038d50       0x80 c:/intelfpga/18.1/embedded/host_tools/mentor/gnu/arm/baremetal/bin/../lib/gcc/arm-altera-eabi/6.2.0/../../../../arm-altera-eabi/lib\libc.a(lib_a-init.o)
                0x02038d50                __libc_init_array
 .text          0x02038dd0       0xf4 c:/intelfpga/18.1/embedded/host_tools/mentor/gnu/arm/baremetal/bin/../lib/gcc/arm-altera-eabi/6.2.0/../../../../arm-altera-eabi/lib\libc.a(lib_a-locale.o)
                0x02038df4                _setlocale_r
                0x02038e5c                __locale_mb_cur_max
                0x02038e84                __locale_ctype_ptr_l
                0x02038e8c                __locale_ctype_ptr
                0x02038ea4                setlocale
 .text          0x02038ec4       0x38 c:/intelfpga/18.1/embedded/host_tools/mentor/gnu/arm/baremetal/bin/../lib/gcc/arm-altera-eabi/6.2.0/../../../../arm-altera-eabi/lib\libc.a(lib_a-malloc.o)
                0x02038ec4                malloc
                0x02038ee0                free
 .text          0x02038efc      0x750 c:/intelfpga/18.1/embedded/host_tools/mentor/gnu/arm/baremetal/bin/../lib/gcc/arm-altera-eabi/6.2.0/../../../../arm-altera-eabi/lib\libc.a(lib_a-mallocr.o)
                0x02038efc                _malloc_r
 .text          0x0203964c       0xa0 c:/intelfpga/18.1/embedded/host_tools/mentor/gnu/arm/baremetal/bin/../lib/gcc/arm-altera-eabi/6.2.0/../../../../arm-altera-eabi/lib\libc.a(lib_a-mbtowc_r.o)
                0x0203964c                _mbtowc_r
                0x020396a0                __ascii_mbtowc
 .text          0x020396ec       0xf0 c:/intelfpga/18.1/embedded/host_tools/mentor/gnu/arm/baremetal/bin/../lib/gcc/arm-altera-eabi/6.2.0/../../../../arm-altera-eabi/lib\libc.a(lib_a-memcmp.o)
                0x020396ec                memcmp
 .text          0x020397dc      0x114 c:/intelfpga/18.1/embedded/host_tools/mentor/gnu/arm/baremetal/bin/../lib/gcc/arm-altera-eabi/6.2.0/../../../../arm-altera-eabi/lib\libc.a(lib_a-memcpy-stub.o)
                0x020397dc                memcpy
 .text          0x020398f0      0x148 c:/intelfpga/18.1/embedded/host_tools/mentor/gnu/arm/baremetal/bin/../lib/gcc/arm-altera-eabi/6.2.0/../../../../arm-altera-eabi/lib\libc.a(lib_a-memmove.o)
                0x020398f0                memmove
 .text          0x02039a38      0x114 c:/intelfpga/18.1/embedded/host_tools/mentor/gnu/arm/baremetal/bin/../lib/gcc/arm-altera-eabi/6.2.0/../../../../arm-altera-eabi/lib\libc.a(lib_a-memset.o)
                0x02039a38                memset
 .text          0x02039b4c      0x848 c:/intelfpga/18.1/embedded/host_tools/mentor/gnu/arm/baremetal/bin/../lib/gcc/arm-altera-eabi/6.2.0/../../../../arm-altera-eabi/lib\libc.a(lib_a-mktime.o)
                0x02039e88                mktime
 .text          0x0203a394       0x30 c:/intelfpga/18.1/embedded/host_tools/mentor/gnu/arm/baremetal/bin/../lib/gcc/arm-altera-eabi/6.2.0/../../../../arm-altera-eabi/lib\libc.a(lib_a-mlock.o)
                0x0203a394                __malloc_lock
                0x0203a3ac                __malloc_unlock
 .text.startup  0x0203a3c4       0x18 c:/intelfpga/18.1/embedded/host_tools/mentor/gnu/arm/baremetal/bin/../lib/gcc/arm-altera-eabi/6.2.0/../../../../arm-altera-eabi/lib\libc.a(lib_a-mlock.o)
 .text          0x0203a3dc       0x6c c:/intelfpga/18.1/embedded/host_tools/mentor/gnu/arm/baremetal/bin/../lib/gcc/arm-altera-eabi/6.2.0/../../../../arm-altera-eabi/lib\libc.a(lib_a-printf.o)
                0x0203a3dc                _printf_r
                0x0203a410                printf
 .text          0x0203a448      0x12c c:/intelfpga/18.1/embedded/host_tools/mentor/gnu/arm/baremetal/bin/../lib/gcc/arm-altera-eabi/6.2.0/../../../../arm-altera-eabi/lib\libc.a(lib_a-puts.o)
                0x0203a448                _puts_r
                0x0203a55c                puts
 .text          0x0203a574      0x258 c:/intelfpga/18.1/embedded/host_tools/mentor/gnu/arm/baremetal/bin/../lib/gcc/arm-altera-eabi/6.2.0/../../../../arm-altera-eabi/lib\libc.a(lib_a-setvbuf.o)
                0x0203a574                setvbuf
 .text          0x0203a7cc       0xcc c:/intelfpga/18.1/embedded/host_tools/mentor/gnu/arm/baremetal/bin/../lib/gcc/arm-altera-eabi/6.2.0/../../../../arm-altera-eabi/lib\libc.a(lib_a-sprintf.o)
                0x0203a7cc                _sprintf_r
                0x0203a830                sprintf
 .text          0x0203a898       0x74 c:/intelfpga/18.1/embedded/host_tools/mentor/gnu/arm/baremetal/bin/../lib/gcc/arm-altera-eabi/6.2.0/../../../../arm-altera-eabi/lib\libc.a(lib_a-stpcpy.o)
                0x0203a898                stpcpy
 .text          0x0203a90c      0x224 c:/intelfpga/18.1/embedded/host_tools/mentor/gnu/arm/baremetal/bin/../lib/gcc/arm-altera-eabi/6.2.0/../../../../arm-altera-eabi/lib\libc.a(lib_a-strcmp.o)
                0x0203a90c                strcmp
 .text          0x0203ab30       0xf0 c:/intelfpga/18.1/embedded/host_tools/mentor/gnu/arm/baremetal/bin/../lib/gcc/arm-altera-eabi/6.2.0/../../../../arm-altera-eabi/lib\libc.a(lib_a-strcpy.o)
                0x0203ab30                strcpy
 .text          0x0203ac20       0x60 c:/intelfpga/18.1/embedded/host_tools/mentor/gnu/arm/baremetal/bin/../lib/gcc/arm-altera-eabi/6.2.0/../../../../arm-altera-eabi/lib\libc.a(lib_a-strlen-stub.o)
                0x0203ac20                strlen
 .text          0x0203ac80       0x94 c:/intelfpga/18.1/embedded/host_tools/mentor/gnu/arm/baremetal/bin/../lib/gcc/arm-altera-eabi/6.2.0/../../../../arm-altera-eabi/lib\libc.a(lib_a-strncasecmp.o)
                0x0203ac80                strncasecmp
 .text          0x0203ad14       0xa0 c:/intelfpga/18.1/embedded/host_tools/mentor/gnu/arm/baremetal/bin/../lib/gcc/arm-altera-eabi/6.2.0/../../../../arm-altera-eabi/lib\libc.a(lib_a-strncat.o)
                0x0203ad14                strncat
 .text          0x0203adb4      0x110 c:/intelfpga/18.1/embedded/host_tools/mentor/gnu/arm/baremetal/bin/../lib/gcc/arm-altera-eabi/6.2.0/../../../../arm-altera-eabi/lib\libc.a(lib_a-strncmp.o)
                0x0203adb4                strncmp
 .text          0x0203aec4       0xdc c:/intelfpga/18.1/embedded/host_tools/mentor/gnu/arm/baremetal/bin/../lib/gcc/arm-altera-eabi/6.2.0/../../../../arm-altera-eabi/lib\libc.a(lib_a-strncpy.o)
                0x0203aec4                strncpy
 .text          0x0203afa0       0x54 c:/intelfpga/18.1/embedded/host_tools/mentor/gnu/arm/baremetal/bin/../lib/gcc/arm-altera-eabi/6.2.0/../../../../arm-altera-eabi/lib\libc.a(lib_a-strrchr.o)
                0x0203afa0                strrchr
 .text          0x0203aff4      0x834 c:/intelfpga/18.1/embedded/host_tools/mentor/gnu/arm/baremetal/bin/../lib/gcc/arm-altera-eabi/6.2.0/../../../../arm-altera-eabi/lib\libc.a(lib_a-strstr.o)
                0x0203b4b0                strstr
 .text          0x0203b828      0x308 c:/intelfpga/18.1/embedded/host_tools/mentor/gnu/arm/baremetal/bin/../lib/gcc/arm-altera-eabi/6.2.0/../../../../arm-altera-eabi/lib\libc.a(lib_a-strtol.o)
                0x0203ba48                _strtol_r
                0x0203ba9c                strtol_l
                0x0203bad8                strtol
 .text          0x0203bb30      0x3c8 c:/intelfpga/18.1/embedded/host_tools/mentor/gnu/arm/baremetal/bin/../lib/gcc/arm-altera-eabi/6.2.0/../../../../arm-altera-eabi/lib\libc.a(lib_a-strtoll.o)
                0x0203be10                _strtoll_r
                0x0203be64                strtoll_l
                0x0203bea0                strtoll
 .text          0x0203bef8      0x2d0 c:/intelfpga/18.1/embedded/host_tools/mentor/gnu/arm/baremetal/bin/../lib/gcc/arm-altera-eabi/6.2.0/../../../../arm-altera-eabi/lib\libc.a(lib_a-strtoul.o)
                0x0203c0e0                _strtoul_r
                0x0203c134                strtoul_l
                0x0203c170                strtoul
 .text          0x0203c1c8      0x360 c:/intelfpga/18.1/embedded/host_tools/mentor/gnu/arm/baremetal/bin/../lib/gcc/arm-altera-eabi/6.2.0/../../../../arm-altera-eabi/lib\libc.a(lib_a-strtoull.o)
                0x0203c440                _strtoull_r
                0x0203c494                strtoull_l
                0x0203c4d0                strtoull
 .text          0x0203c528     0x2030 c:/intelfpga/18.1/embedded/host_tools/mentor/gnu/arm/baremetal/bin/../lib/gcc/arm-altera-eabi/6.2.0/../../../../arm-altera-eabi/lib\libc.a(lib_a-svfprintf.o)
                0x0203c528                _svfprintf_r
 .text          0x0203e558      0x238 c:/intelfpga/18.1/embedded/host_tools/mentor/gnu/arm/baremetal/bin/../lib/gcc/arm-altera-eabi/6.2.0/../../../../arm-altera-eabi/lib\libc.a(lib_a-tzcalc_limits.o)
                0x0203e558                __tzcalc_limits
 .text          0x0203e790       0x30 c:/intelfpga/18.1/embedded/host_tools/mentor/gnu/arm/baremetal/bin/../lib/gcc/arm-altera-eabi/6.2.0/../../../../arm-altera-eabi/lib\libc.a(lib_a-tzlock.o)
                0x0203e790                __tz_lock
                0x0203e7a8                __tz_unlock
 .text.startup  0x0203e7c0       0x18 c:/intelfpga/18.1/embedded/host_tools/mentor/gnu/arm/baremetal/bin/../lib/gcc/arm-altera-eabi/6.2.0/../../../../arm-altera-eabi/lib\libc.a(lib_a-tzlock.o)
 .text          0x0203e7d8       0x30 c:/intelfpga/18.1/embedded/host_tools/mentor/gnu/arm/baremetal/bin/../lib/gcc/arm-altera-eabi/6.2.0/../../../../arm-altera-eabi/lib\libc.a(lib_a-tzset.o)
                0x0203e7d8                _tzset_unlocked
                0x0203e7ec                tzset
 .text          0x0203e808      0x4b4 c:/intelfpga/18.1/embedded/host_tools/mentor/gnu/arm/baremetal/bin/../lib/gcc/arm-altera-eabi/6.2.0/../../../../arm-altera-eabi/lib\libc.a(lib_a-tzset_r.o)
                0x0203e808                _tzset_unlocked_r
                0x0203ec9c                _tzset_r
 .text          0x0203ecbc     0x22ec c:/intelfpga/18.1/embedded/host_tools/mentor/gnu/arm/baremetal/bin/../lib/gcc/arm-altera-eabi/6.2.0/../../../../arm-altera-eabi/lib\libc.a(lib_a-vfprintf.o)
                0x0203ecbc                _vfprintf_r
                0x02040eb0                vfprintf
 .text          0x02040fa8      0x154 c:/intelfpga/18.1/embedded/host_tools/mentor/gnu/arm/baremetal/bin/../lib/gcc/arm-altera-eabi/6.2.0/../../../../arm-altera-eabi/lib\libc.a(lib_a-wbuf.o)
                0x02040fa8                __swbuf_r
                0x020410dc                __swbuf
 .text          0x020410fc       0x74 c:/intelfpga/18.1/embedded/host_tools/mentor/gnu/arm/baremetal/bin/../lib/gcc/arm-altera-eabi/6.2.0/../../../../arm-altera-eabi/lib\libc.a(lib_a-wctomb_r.o)
                0x020410fc                _wctomb_r
                0x02041148                __ascii_wctomb
 .text          0x02041170      0x158 c:/intelfpga/18.1/embedded/host_tools/mentor/gnu/arm/baremetal/bin/../lib/gcc/arm-altera-eabi/6.2.0/../../../../arm-altera-eabi/lib\libc.a(lib_a-wsetup.o)
                0x02041170                __swsetup_r
 .text          0x020412c8      0x184 c:/intelfpga/18.1/embedded/host_tools/mentor/gnu/arm/baremetal/bin/../lib/gcc/arm-altera-eabi/6.2.0/../../../../arm-altera-eabi/lib\libc.a(lib_a-__call_atexit.o)
                0x020412c8                __call_exitprocs
 .text.startup  0x0204144c       0x40 c:/intelfpga/18.1/embedded/host_tools/mentor/gnu/arm/baremetal/bin/../lib/gcc/arm-altera-eabi/6.2.0/../../../../arm-altera-eabi/lib\libc.a(lib_a-__call_atexit.o)
 .text          0x0204148c       0x20 c:/intelfpga/18.1/embedded/host_tools/mentor/gnu/arm/baremetal/bin/../lib/gcc/arm-altera-eabi/6.2.0/../../../../arm-altera-eabi/lib\libc.a(lib_a-atexit.o)
                0x0204148c                atexit
 .text          0x020414ac       0x64 c:/intelfpga/18.1/embedded/host_tools/mentor/gnu/arm/baremetal/bin/../lib/gcc/arm-altera-eabi/6.2.0/../../../../arm-altera-eabi/lib\libc.a(lib_a-div.o)
                0x020414ac                div
 .text          0x02041510     0x181c c:/intelfpga/18.1/embedded/host_tools/mentor/gnu/arm/baremetal/bin/../lib/gcc/arm-altera-eabi/6.2.0/../../../../arm-altera-eabi/lib\libc.a(lib_a-dtoa.o)
                0x020416f0                _dtoa_r
 .text          0x02042d2c      0x314 c:/intelfpga/18.1/embedded/host_tools/mentor/gnu/arm/baremetal/bin/../lib/gcc/arm-altera-eabi/6.2.0/../../../../arm-altera-eabi/lib\libc.a(lib_a-fflush.o)
                0x02042d2c                __sflush_r
                0x02042f68                _fflush_r
                0x02043004                fflush
 .text          0x02043040      0x3e4 c:/intelfpga/18.1/embedded/host_tools/mentor/gnu/arm/baremetal/bin/../lib/gcc/arm-altera-eabi/6.2.0/../../../../arm-altera-eabi/lib\libc.a(lib_a-findfp.o)
                0x02043040                _cleanup_r
                0x0204314c                __sfmoreglue
                0x0204319c                _cleanup
                0x020431c0                __sinit
                0x02043254                __sfp
                0x02043374                __sfp_lock_acquire
                0x0204338c                __sfp_lock_release
                0x020433a4                __sinit_lock_acquire
                0x020433bc                __sinit_lock_release
                0x020433d4                __fp_lock_all
                0x020433fc                __fp_unlock_all
 .text.startup  0x02043424       0x30 c:/intelfpga/18.1/embedded/host_tools/mentor/gnu/arm/baremetal/bin/../lib/gcc/arm-altera-eabi/6.2.0/../../../../arm-altera-eabi/lib\libc.a(lib_a-findfp.o)
 .text          0x02043454       0x48 c:/intelfpga/18.1/embedded/host_tools/mentor/gnu/arm/baremetal/bin/../lib/gcc/arm-altera-eabi/6.2.0/../../../../arm-altera-eabi/lib\libc.a(lib_a-fini.o)
                0x02043454                __libc_fini_array
 .text          0x0204349c      0x3e0 c:/intelfpga/18.1/embedded/host_tools/mentor/gnu/arm/baremetal/bin/../lib/gcc/arm-altera-eabi/6.2.0/../../../../arm-altera-eabi/lib\libc.a(lib_a-freer.o)
                0x0204349c                _malloc_trim_r
                0x0204359c                _free_r
 .text          0x0204387c      0x4dc c:/intelfpga/18.1/embedded/host_tools/mentor/gnu/arm/baremetal/bin/../lib/gcc/arm-altera-eabi/6.2.0/../../../../arm-altera-eabi/lib\libc.a(lib_a-fvwrite.o)
                0x0204387c                __sfvwrite_r
 .text          0x02043d58      0x110 c:/intelfpga/18.1/embedded/host_tools/mentor/gnu/arm/baremetal/bin/../lib/gcc/arm-altera-eabi/6.2.0/../../../../arm-altera-eabi/lib\libc.a(lib_a-fwalk.o)
                0x02043d58                _fwalk
                0x02043ddc                _fwalk_reent
 .text          0x02043e68       0xec c:/intelfpga/18.1/embedded/host_tools/mentor/gnu/arm/baremetal/bin/../lib/gcc/arm-altera-eabi/6.2.0/../../../../arm-altera-eabi/lib\libc.a(lib_a-getenv_r.o)
                0x02043e68                _findenv_r
                0x02043f38                _getenv_r
 .text          0x02043f54        0xc c:/intelfpga/18.1/embedded/host_tools/mentor/gnu/arm/baremetal/bin/../lib/gcc/arm-altera-eabi/6.2.0/../../../../arm-altera-eabi/lib\libc.a(lib_a-gettzinfo.o)
                0x02043f54                __gettzinfo
 .text          0x02043f60       0x58 c:/intelfpga/18.1/embedded/host_tools/mentor/gnu/arm/baremetal/bin/../lib/gcc/arm-altera-eabi/6.2.0/../../../../arm-altera-eabi/lib\libc.a(lib_a-localeconv.o)
                0x02043f60                __localeconv_l
                0x02043f68                _localeconv_r
                0x02043f90                localeconv
 .text          0x02043fb8      0x18c c:/intelfpga/18.1/embedded/host_tools/mentor/gnu/arm/baremetal/bin/../lib/gcc/arm-altera-eabi/6.2.0/../../../../arm-altera-eabi/lib\libc.a(lib_a-makebuf.o)
                0x02043fb8                __swhatbuf_r
                0x02044058                __smakebuf_r
 .text          0x02044144      0x110 c:/intelfpga/18.1/embedded/host_tools/mentor/gnu/arm/baremetal/bin/../lib/gcc/arm-altera-eabi/6.2.0/../../../../arm-altera-eabi/lib\libc.a(lib_a-memchr-stub.o)
                0x02044144                memchr
 .text          0x02044254      0xd98 c:/intelfpga/18.1/embedded/host_tools/mentor/gnu/arm/baremetal/bin/../lib/gcc/arm-altera-eabi/6.2.0/../../../../arm-altera-eabi/lib\libc.a(lib_a-mprec.o)
                0x02044254                _Balloc
                0x020442e0                _Bfree
                0x020442fc                __multadd
                0x020443d8                __s2b
                0x020444c8                __hi0bits
                0x02044520                __lo0bits
                0x020445c0                __i2b
                0x020445e4                __multiply
                0x020447b4                __pow5mult
                0x020448b8                __lshift
                0x020449a0                __mcmp
                0x02044a00                __mdiff
                0x02044ba8                __ulp
                0x02044c10                __b2d
                0x02044cfc                __d2b
                0x02044e0c                __ratio
                0x02044e9c                _mprec_log10
                0x02044efc                __copybits
                0x02044f6c                __any_on
 .text          0x02044fec      0x4d4 c:/intelfpga/18.1/embedded/host_tools/mentor/gnu/arm/baremetal/bin/../lib/gcc/arm-altera-eabi/6.2.0/../../../../arm-altera-eabi/lib\libc.a(lib_a-reallocr.o)
                0x02044fec                _realloc_r
 .text          0x020454c0       0xf4 c:/intelfpga/18.1/embedded/host_tools/mentor/gnu/arm/baremetal/bin/../lib/gcc/arm-altera-eabi/6.2.0/../../../../arm-altera-eabi/lib\libc.a(lib_a-siscanf.o)
                0x020454c0                siscanf
                0x02045534                _siscanf_r
 .text          0x020455b4       0xd8 c:/intelfpga/18.1/embedded/host_tools/mentor/gnu/arm/baremetal/bin/../lib/gcc/arm-altera-eabi/6.2.0/../../../../arm-altera-eabi/lib\libc.a(lib_a-stdio.o)
                0x020455b4                __sread
                0x020455e8                __seofread
                0x020455f0                __swrite
                0x02045648                __sseek
                0x02045678                __sclose
 .text          0x0204568c      0x1ac c:/intelfpga/18.1/embedded/host_tools/mentor/gnu/arm/baremetal/bin/../lib/gcc/arm-altera-eabi/6.2.0/../../../../arm-altera-eabi/lib\libc.a(lib_a-strchr.o)
                0x0204568c                strchr
 .text          0x02045838     0x11e0 c:/intelfpga/18.1/embedded/host_tools/mentor/gnu/arm/baremetal/bin/../lib/gcc/arm-altera-eabi/6.2.0/../../../../arm-altera-eabi/lib\libc.a(lib_a-svfiprintf.o)
                0x02045838                __ssprint_r
                0x020459c8                _svfiprintf_r
 .text          0x02046a18     0x11ac c:/intelfpga/18.1/embedded/host_tools/mentor/gnu/arm/baremetal/bin/../lib/gcc/arm-altera-eabi/6.2.0/../../../../arm-altera-eabi/lib\libc.a(lib_a-svfiscanf.o)
                0x02046a18                _sungetc_r
                0x02046b08                __ssrefill_r
                0x02046b74                _sfread_r
                0x02046c44                __ssvfiscanf_r
 .text          0x02047bc4      0x2f0 c:/intelfpga/18.1/embedded/host_tools/mentor/gnu/arm/baremetal/bin/../lib/gcc/arm-altera-eabi/6.2.0/../../../../arm-altera-eabi/lib\libc.a(lib_a-ungetc.o)
                0x02047bc4                __submore
                0x02047c74                _ungetc_r
                0x02047e94                ungetc
 .text          0x02047eb4     0x14c4 c:/intelfpga/18.1/embedded/host_tools/mentor/gnu/arm/baremetal/bin/../lib/gcc/arm-altera-eabi/6.2.0/../../../../arm-altera-eabi/lib\libc.a(lib_a-vfiprintf.o)
                0x02047f64                __sprint_r
                0x02047f7c                _vfiprintf_r
                0x02049280                vfiprintf
 .text          0x02049378       0xfc c:/intelfpga/18.1/embedded/host_tools/mentor/gnu/arm/baremetal/bin/../lib/gcc/arm-altera-eabi/6.2.0/../../../../arm-altera-eabi/lib\libc.a(lib_a-__atexit.o)
                0x02049378                __register_exitproc
 .text          0x02049474       0x30 c:/intelfpga/18.1/embedded/host_tools/mentor/gnu/arm/baremetal/bin/../lib/gcc/arm-altera-eabi/6.2.0/../../../../arm-altera-eabi/lib\libc.a(lib_a-envlock.o)
                0x02049474                __env_lock
                0x0204948c                __env_unlock
 .text.startup  0x020494a4       0x18 c:/intelfpga/18.1/embedded/host_tools/mentor/gnu/arm/baremetal/bin/../lib/gcc/arm-altera-eabi/6.2.0/../../../../arm-altera-eabi/lib\libc.a(lib_a-envlock.o)
 .text          0x020494bc      0x180 c:/intelfpga/18.1/embedded/host_tools/mentor/gnu/arm/baremetal/bin/../lib/gcc/arm-altera-eabi/6.2.0/../../../../arm-altera-eabi/lib\libc.a(lib_a-fclose.o)
                0x020494bc                _fclose_r
                0x02049624                fclose
 .text          0x0204963c      0x204 c:/intelfpga/18.1/embedded/host_tools/mentor/gnu/arm/baremetal/bin/../lib/gcc/arm-altera-eabi/6.2.0/../../../../arm-altera-eabi/lib\libc.a(lib_a-fputwc.o)
                0x0204963c                __fputwc
                0x0204974c                _fputwc_r
                0x02049808                fputwc
 .text          0x02049840       0x30 c:/intelfpga/18.1/embedded/host_tools/mentor/gnu/arm/baremetal/bin/../lib/gcc/arm-altera-eabi/6.2.0/../../../../arm-altera-eabi/lib\libc.a(lib_a-iswspace.o)
                0x02049840                iswspace
 .text          0x02049870      0x170 c:/intelfpga/18.1/embedded/host_tools/mentor/gnu/arm/baremetal/bin/../lib/gcc/arm-altera-eabi/6.2.0/../../../../arm-altera-eabi/lib\libc.a(lib_a-mbrtowc.o)
                0x02049870                _mbrtowc_r
                0x02049924                mbrtowc
 .text          0x020499e0       0xd0 c:/intelfpga/18.1/embedded/host_tools/mentor/gnu/arm/baremetal/bin/../lib/gcc/arm-altera-eabi/6.2.0/../../../../arm-altera-eabi/lib\libc.a(lib_a-sccl.o)
                0x020499e0                __sccl
 .text          0x02049ab0      0x150 c:/intelfpga/18.1/embedded/host_tools/mentor/gnu/arm/baremetal/bin/../lib/gcc/arm-altera-eabi/6.2.0/../../../../arm-altera-eabi/lib\libc.a(lib_a-wcrtomb.o)
                0x02049ab0                _wcrtomb_r
                0x02049b54                wcrtomb
 .text          0x02049c00      0x41c c:/intelfpga/18.1/embedded/host_tools/mentor/gnu/arm/baremetal/bin/../lib/gcc/arm-altera-eabi/6.2.0\libgcc.a(_arm_addsubdf3.o)
                0x02049c00                __aeabi_drsub
                0x02049c08                __aeabi_dsub
                0x02049c08                __subdf3
                0x02049c0c                __aeabi_dadd
                0x02049c0c                __adddf3
                0x02049f1c                __floatunsidf
                0x02049f1c                __aeabi_ui2d
                0x02049f40                __floatsidf
                0x02049f40                __aeabi_i2d
                0x02049f68                __aeabi_f2d
                0x02049f68                __extendsfdf2
                0x02049fa8                __floatundidf
                0x02049fa8                __aeabi_ul2d
                0x02049fbc                __floatdidf
                0x02049fbc                __aeabi_l2d
 .text          0x0204a01c      0x49c c:/intelfpga/18.1/embedded/host_tools/mentor/gnu/arm/baremetal/bin/../lib/gcc/arm-altera-eabi/6.2.0\libgcc.a(_arm_muldivdf3.o)
                0x0204a01c                __aeabi_dmul
                0x0204a01c                __muldf3
                0x0204a2ac                __divdf3
                0x0204a2ac                __aeabi_ddiv
 .text          0x0204a4b8      0x144 c:/intelfpga/18.1/embedded/host_tools/mentor/gnu/arm/baremetal/bin/../lib/gcc/arm-altera-eabi/6.2.0\libgcc.a(_arm_cmpdf2.o)
                0x0204a4b8                __gtdf2
                0x0204a4b8                __gedf2
                0x0204a4c0                __ltdf2
                0x0204a4c0                __ledf2
                0x0204a4c8                __nedf2
                0x0204a4c8                __eqdf2
                0x0204a4c8                __cmpdf2
                0x0204a550                __aeabi_cdrcmple
                0x0204a56c                __aeabi_cdcmpeq
                0x0204a56c                __aeabi_cdcmple
                0x0204a584                __aeabi_dcmpeq
                0x0204a59c                __aeabi_dcmplt
                0x0204a5b4                __aeabi_dcmple
                0x0204a5cc                __aeabi_dcmpge
                0x0204a5e4                __aeabi_dcmpgt
 .text          0x0204a5fc       0x38 c:/intelfpga/18.1/embedded/host_tools/mentor/gnu/arm/baremetal/bin/../lib/gcc/arm-altera-eabi/6.2.0\libgcc.a(_arm_unorddf2.o)
                0x0204a5fc                __unorddf2
                0x0204a5fc                __aeabi_dcmpun
 .text          0x0204a634       0x5c c:/intelfpga/18.1/embedded/host_tools/mentor/gnu/arm/baremetal/bin/../lib/gcc/arm-altera-eabi/6.2.0\libgcc.a(_arm_fixdfsi.o)
                0x0204a634                __aeabi_d2iz
                0x0204a634                __fixdfsi
 .text          0x0204a690       0x58 c:/intelfpga/18.1/embedded/host_tools/mentor/gnu/arm/baremetal/bin/../lib/gcc/arm-altera-eabi/6.2.0\libgcc.a(gthr-generic.o)
                0x0204a690                __generic_gxx_active_p
                0x0204a698                __generic_gxx_key_create
                0x0204a6a0                __generic_gxx_once
                0x0204a6a4                __generic_gxx_key_delete
                0x0204a6ac                __generic_gxx_getspecific
                0x0204a6b4                __generic_gxx_setspecific
                0x0204a6bc                __generic_gxx_recursive_mutex_init_function
                0x0204a6c0                __generic_gxx_mutex_init_function
                0x0204a6c4                __generic_gxx_recursive_mutex_destroy
                0x0204a6cc                __generic_gxx_recursive_mutex_unlock
                0x0204a6d0                __generic_gxx_recursive_mutex_trylock
                0x0204a6d4                __generic_gxx_recursive_mutex_lock
                0x0204a6d8                __generic_gxx_mutex_unlock
                0x0204a6dc                __generic_gxx_mutex_trylock
                0x0204a6e0                __generic_gxx_mutex_lock
                0x0204a6e4                __generic_gxx_mutex_destroy
 *(.plt)
 *(.gnu.warning)
 *(.glue_7t)
 .glue_7t       0x0204a6e8        0x0 linker stubs
 *(.glue_7)
 .glue_7        0x0204a6e8        0x0 linker stubs
 *(.vfp11_veneer)
 .vfp11_veneer  0x0204a6e8        0x0 linker stubs
 *(.ARM.extab* .gnu.linkonce.armextab.*)
 *(.gcc_except_table)

.v4_bx          0x0204a6e8        0x0
 .v4_bx         0x0204a6e8        0x0 linker stubs

.iplt           0x0204a6e8        0x0
 .iplt          0x0204a6e8        0x0 c:/intelfpga/18.1/embedded/host_tools/mentor/gnu/arm/baremetal/bin/../lib/gcc/arm-altera-eabi/6.2.0/crtbegin.o

.eh_frame_hdr
 *(.eh_frame_hdr)
 *(.eh_frame_entry .eh_frame_entry.*)

.eh_frame       0x0204a6e8        0x4
 *(.eh_frame)
 .eh_frame      0x0204a6e8        0x0 c:/intelfpga/18.1/embedded/host_tools/mentor/gnu/arm/baremetal/bin/../lib/gcc/arm-altera-eabi/6.2.0/crtbegin.o
 .eh_frame      0x0204a6e8        0x4 c:/intelfpga/18.1/embedded/host_tools/mentor/gnu/arm/baremetal/bin/../lib/gcc/arm-altera-eabi/6.2.0/crtend.o
 *(.eh_frame.*)
                [!provide]                PROVIDE (__exidx_start, .)

.ARM.exidx      0x0204a6ec        0x8
 *(.ARM.exidx* .gnu.linkonce.armexidx.*)
 .ARM.exidx     0x0204a6ec        0x8 c:/intelfpga/18.1/embedded/host_tools/mentor/gnu/arm/baremetal/bin/../lib/gcc/arm-altera-eabi/6.2.0\libgcc.a(_udivmoddi4.o)
                [!provide]                PROVIDE (__exidx_end, .)

.rel.dyn        0x0204a6f4        0x0
 .rel.iplt      0x0204a6f4        0x0 c:/intelfpga/18.1/embedded/host_tools/mentor/gnu/arm/baremetal/bin/../lib/gcc/arm-altera-eabi/6.2.0/crtbegin.o

.rodata         0x0204a6f8     0xcac8
 *(.rodata .rodata.* .gnu.linkonce.r.*)
 .rodata.main.str1.4
                0x0204a6f8       0x96 main_mAbassi.o
 *fill*         0x0204a78e        0x2 
 .rodata        0x0204a790        0xc myApp_MTL.o
 .rodata.Task_HPS_Led.str1.4
                0x0204a79c       0x69 myApp_MTL.o
 *fill*         0x0204a805        0x3 
 .rodata.Task_MTL.str1.4
                0x0204a808       0x86 myApp_MTL.o
 *fill*         0x0204a88e        0x2 
 .rodata.Task_TXRX.str1.4
                0x0204a890       0x9c myApp_MTL.o
 .rodata.button_CallbackInterrupt.str1.4
                0x0204a92c       0x1e myApp_MTL.o
 *fill*         0x0204a94a        0x2 
 .rodata.dma_init.str1.4
                0x0204a94c        0x4 arm_pl330.o
 .rodata.g_DmaNames
                0x0204a950        0x5 arm_pl330.o
 *fill*         0x0204a955        0x3 
 .rodata.g_SemNames
                0x0204a958       0x38 arm_pl330.o
 .rodata.g_DMAchan
                0x0204a990       0x20 dw_i2c.o
 .rodata.g_DevReMap
                0x0204a9b0       0x10 dw_i2c.o
 .rodata.g_HWaddr
                0x0204a9c0       0x10 dw_i2c.o
 .rodata.g_MuxIO
                0x0204a9d0       0xc0 dw_i2c.o
 .rodata.g_Names
                0x0204aa90       0x40 dw_i2c.o
 .rodata.BSecho.7309
                0x0204aad0        0x2 dw_uart.o
 *fill*         0x0204aad2        0x6 
 .rodata.g_DevReMap
                0x0204aad8        0x8 dw_uart.o
 .rodata.MEDIAinit.str1.4
                0x0204aae0       0x7b MediaIF.o
 *fill*         0x0204ab5b        0x1 
 .rodata.MEDIAread.str1.4
                0x0204ab5c       0x8b MediaIF.o
 *fill*         0x0204abe7        0x1 
 .rodata.MEDIAwrite.str1.4
                0x0204abe8       0x90 MediaIF.o
 .rodata.SDprepData.isra.1.constprop.6.str1.4
                0x0204ac78       0x9e dw_sdmmc.o
 *fill*         0x0204ad16        0x2 
 .rodata.g_FreqBase
                0x0204ad18       0x10 dw_sdmmc.o
 .rodata.g_Names
                0x0204ad28        0x8 dw_sdmmc.o
 .rodata.g_SpeedMult
                0x0204ad30       0x40 dw_sdmmc.o
 .rodata.mmc_init.str1.4
                0x0204ad70      0x53e dw_sdmmc.o
 *fill*         0x0204b2ae        0x2 
 .rodata.mmc_sendcmd.constprop.3.str1.4
                0x0204b2b0       0x8f dw_sdmmc.o
 *fill*         0x0204b33f        0x1 
 .rodata.mmc_sendcmd.constprop.5.str1.4
                0x0204b340      0x159 dw_sdmmc.o
 *fill*         0x0204b499        0x3 
 .rodata.mmc_sendstatus.str1.4
                0x0204b49c       0x67 dw_sdmmc.o
 *fill*         0x0204b503        0x5 
 .rodata.ExCvt  0x0204b508       0x80 ff.o
 .rodata.LfnOfs
                0x0204b588        0xd ff.o
 *fill*         0x0204b595        0x3 
 .rodata.follow_path.str1.4
                0x0204b598       0x13 ff.o
 *fill*         0x0204b5ab        0x5 
 .rodata.cvt1.7491
                0x0204b5b0      0x1f2 ffunicode.o
 *fill*         0x0204b7a2        0x6 
 .rodata.cvt2.7492
                0x0204b7a8       0xbc ffunicode.o
 *fill*         0x0204b864        0x4 
 .rodata.uc437  0x0204b868      0x100 ffunicode.o
 .rodata.disk_status.str1.4
                0x0204b968       0x13 Media_FatFS.o
                                  0x6 (size before relaxing)
 .rodata.LogPath.str1.4
                0x0204b968        0x8 SysCall_FatFS.o
 .rodata.RealPath.str1.4
                0x0204b970       0x15 SysCall_FatFS.o
 *fill*         0x0204b985        0x3 
 .rodata.SysCallInit.str1.4
                0x0204b988       0x27 SysCall_FatFS.o
 *fill*         0x0204b9af        0x1 
 .rodata.tahomabold_20_100
                0x0204b9b0      0x152 tahomabold_20.o
 *fill*         0x0204bb02        0x6 
 .rodata.tahomabold_20_101
                0x0204bb08      0x138 tahomabold_20.o
 .rodata.tahomabold_20_102
                0x0204bc40       0xd0 tahomabold_20.o
 .rodata.tahomabold_20_103
                0x0204bd10      0x152 tahomabold_20.o
 *fill*         0x0204be62        0x6 
 .rodata.tahomabold_20_104
                0x0204be68      0x152 tahomabold_20.o
 *fill*         0x0204bfba        0x6 
 .rodata.tahomabold_20_105
                0x0204bfc0       0x9c tahomabold_20.o
 *fill*         0x0204c05c        0x4 
 .rodata.tahomabold_20_106
                0x0204c060       0xea tahomabold_20.o
 *fill*         0x0204c14a        0x6 
 .rodata.tahomabold_20_107
                0x0204c150      0x138 tahomabold_20.o
 .rodata.tahomabold_20_108
                0x0204c288       0x9c tahomabold_20.o
 *fill*         0x0204c324        0x4 
 .rodata.tahomabold_20_109
                0x0204c328      0x1ee tahomabold_20.o
 *fill*         0x0204c516        0x2 
 .rodata.tahomabold_20_110
                0x0204c518      0x152 tahomabold_20.o
 *fill*         0x0204c66a        0x6 
 .rodata.tahomabold_20_111
                0x0204c670      0x138 tahomabold_20.o
 .rodata.tahomabold_20_112
                0x0204c7a8      0x152 tahomabold_20.o
 *fill*         0x0204c8fa        0x6 
 .rodata.tahomabold_20_113
                0x0204c900      0x152 tahomabold_20.o
 *fill*         0x0204ca52        0x6 
 .rodata.tahomabold_20_114
                0x0204ca58       0xea tahomabold_20.o
 *fill*         0x0204cb42        0x6 
 .rodata.tahomabold_20_115
                0x0204cb48      0x104 tahomabold_20.o
 *fill*         0x0204cc4c        0x4 
 .rodata.tahomabold_20_116
                0x0204cc50       0xd0 tahomabold_20.o
 .rodata.tahomabold_20_117
                0x0204cd20      0x152 tahomabold_20.o
 *fill*         0x0204ce72        0x6 
 .rodata.tahomabold_20_118
                0x0204ce78      0x138 tahomabold_20.o
 .rodata.tahomabold_20_119
                0x0204cfb0      0x1d4 tahomabold_20.o
 *fill*         0x0204d184        0x4 
 .rodata.tahomabold_20_120
                0x0204d188      0x138 tahomabold_20.o
 .rodata.tahomabold_20_121
                0x0204d2c0      0x138 tahomabold_20.o
 .rodata.tahomabold_20_122
                0x0204d3f8      0x11e tahomabold_20.o
 *fill*         0x0204d516        0x2 
 .rodata.tahomabold_20_123
                0x0204d518      0x138 tahomabold_20.o
 .rodata.tahomabold_20_124
                0x0204d650      0x152 tahomabold_20.o
 *fill*         0x0204d7a2        0x6 
 .rodata.tahomabold_20_125
                0x0204d7a8      0x138 tahomabold_20.o
 .rodata.tahomabold_20_126
                0x0204d8e0      0x1a0 tahomabold_20.o
 .rodata.tahomabold_20_33
                0x0204da80       0xb6 tahomabold_20.o
 *fill*         0x0204db36        0x2 
 .rodata.tahomabold_20_34
                0x0204db38      0x104 tahomabold_20.o
 *fill*         0x0204dc3c        0x4 
 .rodata.tahomabold_20_35
                0x0204dc40      0x1a0 tahomabold_20.o
 .rodata.tahomabold_20_36
                0x0204dde0      0x152 tahomabold_20.o
 *fill*         0x0204df32        0x6 
 .rodata.tahomabold_20_37
                0x0204df38      0x270 tahomabold_20.o
 .rodata.tahomabold_20_38
                0x0204e1a8      0x1ba tahomabold_20.o
 *fill*         0x0204e362        0x6 
 .rodata.tahomabold_20_39
                0x0204e368       0x9c tahomabold_20.o
 *fill*         0x0204e404        0x4 
 .rodata.tahomabold_20_40
                0x0204e408       0xea tahomabold_20.o
 *fill*         0x0204e4f2        0x6 
 .rodata.tahomabold_20_41
                0x0204e4f8       0xea tahomabold_20.o
 *fill*         0x0204e5e2        0x6 
 .rodata.tahomabold_20_42
                0x0204e5e8      0x152 tahomabold_20.o
 *fill*         0x0204e73a        0x6 
 .rodata.tahomabold_20_43
                0x0204e740      0x1a0 tahomabold_20.o
 .rodata.tahomabold_20_44
                0x0204e8e0       0x9c tahomabold_20.o
 *fill*         0x0204e97c        0x4 
 .rodata.tahomabold_20_45
                0x0204e980       0xea tahomabold_20.o
 *fill*         0x0204ea6a        0x6 
 .rodata.tahomabold_20_46
                0x0204ea70       0x9c tahomabold_20.o
 *fill*         0x0204eb0c        0x4 
 .rodata.tahomabold_20_47
                0x0204eb10      0x138 tahomabold_20.o
 .rodata.tahomabold_20_48
                0x0204ec48      0x152 tahomabold_20.o
 *fill*         0x0204ed9a        0x6 
 .rodata.tahomabold_20_49
                0x0204eda0      0x152 tahomabold_20.o
 *fill*         0x0204eef2        0x6 
 .rodata.tahomabold_20_50
                0x0204eef8      0x152 tahomabold_20.o
 *fill*         0x0204f04a        0x6 
 .rodata.tahomabold_20_51
                0x0204f050      0x152 tahomabold_20.o
 *fill*         0x0204f1a2        0x6 
 .rodata.tahomabold_20_52
                0x0204f1a8      0x152 tahomabold_20.o
 *fill*         0x0204f2fa        0x6 
 .rodata.tahomabold_20_53
                0x0204f300      0x152 tahomabold_20.o
 *fill*         0x0204f452        0x6 
 .rodata.tahomabold_20_54
                0x0204f458      0x152 tahomabold_20.o
 *fill*         0x0204f5aa        0x6 
 .rodata.tahomabold_20_55
                0x0204f5b0      0x152 tahomabold_20.o
 *fill*         0x0204f702        0x6 
 .rodata.tahomabold_20_56
                0x0204f708      0x152 tahomabold_20.o
 *fill*         0x0204f85a        0x6 
 .rodata.tahomabold_20_57
                0x0204f860      0x152 tahomabold_20.o
 *fill*         0x0204f9b2        0x6 
 .rodata.tahomabold_20_58
                0x0204f9b8       0xb6 tahomabold_20.o
 *fill*         0x0204fa6e        0x2 
 .rodata.tahomabold_20_59
                0x0204fa70       0xb6 tahomabold_20.o
 *fill*         0x0204fb26        0x2 
 .rodata.tahomabold_20_60
                0x0204fb28      0x1a0 tahomabold_20.o
 .rodata.tahomabold_20_61
                0x0204fcc8      0x1a0 tahomabold_20.o
 .rodata.tahomabold_20_62
                0x0204fe68      0x1a0 tahomabold_20.o
 .rodata.tahomabold_20_63
                0x02050008      0x11e tahomabold_20.o
 *fill*         0x02050126        0x2 
 .rodata.tahomabold_20_64